Archive member included to satisfy reference by file (symbol)

/home/noel/Dev/Tools/GNU_Tools_ARM_Embedded/7.3.1_2018q2/bin/../lib/gcc/arm-none-eabi/7.3.1/../../../../arm-none-eabi/lib/thumb/v7e-m/fpv4-sp/hard/libc_nano.a(lib_a-exit.o)
                              /home/noel/Dev/Tools/GNU_Tools_ARM_Embedded/7.3.1_2018q2/bin/../lib/gcc/arm-none-eabi/7.3.1/../../../../arm-none-eabi/lib/thumb/v7e-m/fpv4-sp/hard/crt0.o (exit)
/home/noel/Dev/Tools/GNU_Tools_ARM_Embedded/7.3.1_2018q2/bin/../lib/gcc/arm-none-eabi/7.3.1/../../../../arm-none-eabi/lib/thumb/v7e-m/fpv4-sp/hard/libc_nano.a(lib_a-impure.o)
                              /home/noel/Dev/Tools/GNU_Tools_ARM_Embedded/7.3.1_2018q2/bin/../lib/gcc/arm-none-eabi/7.3.1/../../../../arm-none-eabi/lib/thumb/v7e-m/fpv4-sp/hard/libc_nano.a(lib_a-exit.o) (_global_impure_ptr)
/home/noel/Dev/Tools/GNU_Tools_ARM_Embedded/7.3.1_2018q2/bin/../lib/gcc/arm-none-eabi/7.3.1/../../../../arm-none-eabi/lib/thumb/v7e-m/fpv4-sp/hard/libc_nano.a(lib_a-init.o)
                              /home/noel/Dev/Tools/GNU_Tools_ARM_Embedded/7.3.1_2018q2/bin/../lib/gcc/arm-none-eabi/7.3.1/../../../../arm-none-eabi/lib/thumb/v7e-m/fpv4-sp/hard/crt0.o (__libc_init_array)
/home/noel/Dev/Tools/GNU_Tools_ARM_Embedded/7.3.1_2018q2/bin/../lib/gcc/arm-none-eabi/7.3.1/../../../../arm-none-eabi/lib/thumb/v7e-m/fpv4-sp/hard/libc_nano.a(lib_a-locale.o)
                              _build/smart_fan_xxaa/nrf_log_str_formatter.c.o (__locale_ctype_ptr)
/home/noel/Dev/Tools/GNU_Tools_ARM_Embedded/7.3.1_2018q2/bin/../lib/gcc/arm-none-eabi/7.3.1/../../../../arm-none-eabi/lib/thumb/v7e-m/fpv4-sp/hard/libc_nano.a(lib_a-mbtowc_r.o)
                              /home/noel/Dev/Tools/GNU_Tools_ARM_Embedded/7.3.1_2018q2/bin/../lib/gcc/arm-none-eabi/7.3.1/../../../../arm-none-eabi/lib/thumb/v7e-m/fpv4-sp/hard/libc_nano.a(lib_a-locale.o) (__ascii_mbtowc)
/home/noel/Dev/Tools/GNU_Tools_ARM_Embedded/7.3.1_2018q2/bin/../lib/gcc/arm-none-eabi/7.3.1/../../../../arm-none-eabi/lib/thumb/v7e-m/fpv4-sp/hard/libc_nano.a(lib_a-memcpy-stub.o)
                              _build/smart_fan_xxaa/nrf_log_frontend.c.o (memcpy)
/home/noel/Dev/Tools/GNU_Tools_ARM_Embedded/7.3.1_2018q2/bin/../lib/gcc/arm-none-eabi/7.3.1/../../../../arm-none-eabi/lib/thumb/v7e-m/fpv4-sp/hard/libc_nano.a(lib_a-memset.o)
                              /home/noel/Dev/Tools/GNU_Tools_ARM_Embedded/7.3.1_2018q2/bin/../lib/gcc/arm-none-eabi/7.3.1/../../../../arm-none-eabi/lib/thumb/v7e-m/fpv4-sp/hard/crt0.o (memset)
/home/noel/Dev/Tools/GNU_Tools_ARM_Embedded/7.3.1_2018q2/bin/../lib/gcc/arm-none-eabi/7.3.1/../../../../arm-none-eabi/lib/thumb/v7e-m/fpv4-sp/hard/libc_nano.a(lib_a-strcmp.o)
                              /home/noel/Dev/Tools/GNU_Tools_ARM_Embedded/7.3.1_2018q2/bin/../lib/gcc/arm-none-eabi/7.3.1/../../../../arm-none-eabi/lib/thumb/v7e-m/fpv4-sp/hard/libc_nano.a(lib_a-locale.o) (strcmp)
/home/noel/Dev/Tools/GNU_Tools_ARM_Embedded/7.3.1_2018q2/bin/../lib/gcc/arm-none-eabi/7.3.1/../../../../arm-none-eabi/lib/thumb/v7e-m/fpv4-sp/hard/libc_nano.a(lib_a-strcpy.o)
                              _build/smart_fan_xxaa/SEGGER_RTT.c.o (strcpy)
/home/noel/Dev/Tools/GNU_Tools_ARM_Embedded/7.3.1_2018q2/bin/../lib/gcc/arm-none-eabi/7.3.1/../../../../arm-none-eabi/lib/thumb/v7e-m/fpv4-sp/hard/libc_nano.a(lib_a-strlen.o)
                              _build/smart_fan_xxaa/nrf_log_frontend.c.o (strlen)
/home/noel/Dev/Tools/GNU_Tools_ARM_Embedded/7.3.1_2018q2/bin/../lib/gcc/arm-none-eabi/7.3.1/../../../../arm-none-eabi/lib/thumb/v7e-m/fpv4-sp/hard/libc_nano.a(lib_a-wctomb_r.o)
                              /home/noel/Dev/Tools/GNU_Tools_ARM_Embedded/7.3.1_2018q2/bin/../lib/gcc/arm-none-eabi/7.3.1/../../../../arm-none-eabi/lib/thumb/v7e-m/fpv4-sp/hard/libc_nano.a(lib_a-locale.o) (__ascii_wctomb)
/home/noel/Dev/Tools/GNU_Tools_ARM_Embedded/7.3.1_2018q2/bin/../lib/gcc/arm-none-eabi/7.3.1/../../../../arm-none-eabi/lib/thumb/v7e-m/fpv4-sp/hard/libc_nano.a(lib_a-ctype_.o)
                              /home/noel/Dev/Tools/GNU_Tools_ARM_Embedded/7.3.1_2018q2/bin/../lib/gcc/arm-none-eabi/7.3.1/../../../../arm-none-eabi/lib/thumb/v7e-m/fpv4-sp/hard/libc_nano.a(lib_a-locale.o) (_ctype_)
/home/noel/Dev/Tools/GNU_Tools_ARM_Embedded/7.3.1_2018q2/bin/../lib/gcc/arm-none-eabi/7.3.1/../../../../arm-none-eabi/lib/thumb/v7e-m/fpv4-sp/hard/libnosys.a(_exit.o)
                              /home/noel/Dev/Tools/GNU_Tools_ARM_Embedded/7.3.1_2018q2/bin/../lib/gcc/arm-none-eabi/7.3.1/../../../../arm-none-eabi/lib/thumb/v7e-m/fpv4-sp/hard/libc_nano.a(lib_a-exit.o) (_exit)
/home/noel/Dev/Tools/GNU_Tools_ARM_Embedded/7.3.1_2018q2/bin/../lib/gcc/arm-none-eabi/7.3.1/thumb/v7e-m/fpv4-sp/hard/libgcc.a(_aeabi_uldivmod.o)
                              _build/smart_fan_xxaa/bsp.c.o (__aeabi_uldivmod)
/home/noel/Dev/Tools/GNU_Tools_ARM_Embedded/7.3.1_2018q2/bin/../lib/gcc/arm-none-eabi/7.3.1/thumb/v7e-m/fpv4-sp/hard/libgcc.a(_udivmoddi4.o)
[...]
Memory Configuration

Name             Origin             Length             Attributes
FLASH            0x000000000002d000 0x000000000006e000 xr
RAM              0x0000000020001f30 0x000000000000f480 xrw
*default*        0x0000000000000000 0xffffffffffffffff

Linker script and memory map


.text           0x000000000002d000     0x5160
 *(.isr_vector)
 .isr_vector    0x000000000002d000      0x200 _build/smart_fan_xxaa/gcc_startup_nrf52.S.o
                0x000000000002d000                __isr_vector
 *(.text*)
 .text          0x000000000002d200       0x40 /home/noel/Dev/Tools/GNU_Tools_ARM_Embedded/7.3.1_2018q2/bin/../lib/gcc/arm-none-eabi/7.3.1/thumb/v7e-m/fpv4-sp/hard/crtbegin.o
 .text          0x000000000002d240       0x74 /home/noel/Dev/Tools/GNU_Tools_ARM_Embedded/7.3.1_2018q2/bin/../lib/gcc/arm-none-eabi/7.3.1/../../../../arm-none-eabi/lib/thumb/v7e-m/fpv4-sp/hard/crt0.o
                0x000000000002d240                _mainCRTStartup
                0x000000000002d240                _start
 .text          0x000000000002d2b4       0x3c _build/smart_fan_xxaa/gcc_startup_nrf52.S.o
                0x000000000002d2b4                Reset_Handler
                0x000000000002d2dc                NMI_Handler
                0x000000000002d2e0                MemoryManagement_Handler
                0x000000000002d2e2                BusFault_Handler
                0x000000000002d2e4                UsageFault_Handler
                0x000000000002d2e6                SVC_Handler
                0x000000000002d2e8                DebugMon_Handler
                0x000000000002d2ea                PendSV_Handler
                0x000000000002d2ec                SysTick_Handler
                0x000000000002d2ee                TIMER2_IRQHandler
                0x000000000002d2ee                RTC0_IRQHandler
                0x000000000002d2ee                PWM1_IRQHandler
                0x000000000002d2ee                POWER_CLOCK_IRQHandler
                0x000000000002d2ee                RADIO_IRQHandler
                0x000000000002d2ee                PDM_IRQHandler
                0x000000000002d2ee                TEMP_IRQHandler
                0x000000000002d2ee                QDEC_IRQHandler
                0x000000000002d2ee                TIMER3_IRQHandler
                0x000000000002d2ee                FPU_IRQHandler
                0x000000000002d2ee                SPIM0_SPIS0_TWIM0_TWIS0_SPI0_TWI0_IRQHandler
                0x000000000002d2ee                TIMER4_IRQHandler
                0x000000000002d2ee                I2S_IRQHandler
                0x000000000002d2ee                SWI4_EGU4_IRQHandler
                0x000000000002d2ee                TIMER0_IRQHandler
                0x000000000002d2ee                TIMER1_IRQHandler
                0x000000000002d2ee                PWM2_IRQHandler
                0x000000000002d2ee                ECB_IRQHandler
                0x000000000002d2ee                SPIM1_SPIS1_TWIM1_TWIS1_SPI1_TWI1_IRQHandler
                0x000000000002d2ee                Default_Handler
                0x000000000002d2ee                SAADC_IRQHandler
                0x000000000002d2ee                CCM_AAR_IRQHandler
                0x000000000002d2ee                WDT_IRQHandler
                0x000000000002d2ee                SWI5_EGU5_IRQHandler
                0x000000000002d2ee                RNG_IRQHandler
                0x000000000002d2ee                RTC2_IRQHandler
                0x000000000002d2ee                PWM0_IRQHandler
                0x000000000002d2ee                SWI3_EGU3_IRQHandler
                0x000000000002d2ee                SWI1_EGU1_IRQHandler
                0x000000000002d2ee                SPIM2_SPIS2_SPI2_IRQHandler
                0x000000000002d2ee                NFCT_IRQHandler
                0x000000000002d2ee                MWU_IRQHandler
                0x000000000002d2ee                COMP_LPCOMP_IRQHandler
 .text.nrf_log_backend_put
                0x000000000002d2f0       0x1e _build/smart_fan_xxaa/nrf_log_frontend.c.o
 .text.nrf_log_backend_panic_set
                0x000000000002d30e       0x1a _build/smart_fan_xxaa/nrf_log_frontend.c.o
 .text.nrf_log_backend_flush
                0x000000000002d328       0x1a _build/smart_fan_xxaa/nrf_log_frontend.c.o
 .text.nrf_log_backend_enable
                0x000000000002d342       0x1a _build/smart_fan_xxaa/nrf_log_frontend.c.o
 .text.nrf_log_backend_is_enabled
                0x000000000002d35c       0x18 _build/smart_fan_xxaa/nrf_log_frontend.c.o
 .text.invalid_packets_pushed_str_omit
                0x000000000002d374       0xb2 _build/smart_fan_xxaa/nrf_log_frontend.c.o
 *fill*         0x000000000002d426        0x2 
 .text.log_skip
                0x000000000002d428       0xf8 _build/smart_fan_xxaa/nrf_log_frontend.c.o
 .text.dropped_sat16_get
                0x000000000002d520       0x2c _build/smart_fan_xxaa/nrf_log_frontend.c.o
 .text.std_header_set
                0x000000000002d54c       0x9c _build/smart_fan_xxaa/nrf_log_frontend.c.o
 .text.buf_prealloc
                0x000000000002d5e8      0x114 _build/smart_fan_xxaa/nrf_log_frontend.c.o
 .text.std_n    0x000000000002d6fc       0x94 _build/smart_fan_xxaa/nrf_log_frontend.c.o
 .text.nrf_log_frontend_std_0
                0x000000000002d790       0x1e _build/smart_fan_xxaa/nrf_log_frontend.c.o
                0x000000000002d790                nrf_log_frontend_std_0
 .text.nrf_log_frontend_std_1
                0x000000000002d7ae       0x26 _build/smart_fan_xxaa/nrf_log_frontend.c.o
                0x000000000002d7ae                nrf_log_frontend_std_1
 .text.nrf_log_frontend_std_2
                0x000000000002d7d4       0x2c _build/smart_fan_xxaa/nrf_log_frontend.c.o
                0x000000000002d7d4                nrf_log_frontend_std_2
 .text.nrf_log_frontend_std_3
                0x000000000002d800       0x30 _build/smart_fan_xxaa/nrf_log_frontend.c.o
                0x000000000002d800                nrf_log_frontend_std_3
 .text.nrf_log_frontend_std_4
                0x000000000002d830       0x34 _build/smart_fan_xxaa/nrf_log_frontend.c.o
                0x000000000002d830                nrf_log_frontend_std_4
 .text.nrf_log_frontend_std_5
                0x000000000002d864       0x38 _build/smart_fan_xxaa/nrf_log_frontend.c.o
                0x000000000002d864                nrf_log_frontend_std_5
 .text.buffer_is_empty
                0x000000000002d89c       0x24 _build/smart_fan_xxaa/nrf_log_frontend.c.o
                0x000000000002d89c                buffer_is_empty
 .text.nrf_log_frontend_dequeue
                0x000000000002d8c0      0x36c _build/smart_fan_xxaa/nrf_log_frontend.c.o
                0x000000000002d8c0                nrf_log_frontend_dequeue
 .text.nrf_log_panic
                0x000000000002dc2c       0x3c _build/smart_fan_xxaa/nrf_log_frontend.c.o
                0x000000000002dc2c                nrf_log_panic
 .text.nrf_gpio_pin_port_decode
                0x000000000002dc68       0x18 _build/smart_fan_xxaa/boards.c.o
 .text.nrf_gpio_pin_set
                0x000000000002dc80       0x2a _build/smart_fan_xxaa/boards.c.o
 .text.nrf_gpio_pin_clear
                0x000000000002dcaa       0x2a _build/smart_fan_xxaa/boards.c.o
 .text.nrf_gpio_pin_toggle
                0x000000000002dcd4       0x46 _build/smart_fan_xxaa/boards.c.o
 .text.nrf_gpio_pin_write
                0x000000000002dd1a       0x26 _build/smart_fan_xxaa/boards.c.o
 .text.nrf_gpio_pin_out_read
                0x000000000002dd40       0x2c _build/smart_fan_xxaa/boards.c.o
 .text.nrf_gpio_port_out_read
                0x000000000002dd6c       0x1a _build/smart_fan_xxaa/boards.c.o
 .text.nrf_gpio_port_out_set
                0x000000000002dd86       0x1e _build/smart_fan_xxaa/boards.c.o
 .text.nrf_gpio_port_out_clear
                0x000000000002dda4       0x1e _build/smart_fan_xxaa/boards.c.o
 *fill*         0x000000000002ddc2        0x2 
 .text.bsp_board_led_state_get
                0x000000000002ddc4       0x48 _build/smart_fan_xxaa/boards.c.o
                0x000000000002ddc4                bsp_board_led_state_get
 .text.bsp_board_led_on
                0x000000000002de0c       0x24 _build/smart_fan_xxaa/boards.c.o
                0x000000000002de0c                bsp_board_led_on
 .text.bsp_board_led_off
                0x000000000002de30       0x24 _build/smart_fan_xxaa/boards.c.o
                0x000000000002de30                bsp_board_led_off
 .text.bsp_board_leds_off
                0x000000000002de54       0x26 _build/smart_fan_xxaa/boards.c.o
                0x000000000002de54                bsp_board_leds_off
 .text.bsp_board_leds_on
                0x000000000002de7a       0x26 _build/smart_fan_xxaa/boards.c.o
                0x000000000002de7a                bsp_board_leds_on
 .text.bsp_board_led_invert
                0x000000000002dea0       0x24 _build/smart_fan_xxaa/boards.c.o
                0x000000000002dea0                bsp_board_led_invert
 .text.app_error_save_and_stop
                0x000000000002dec4       0x98 _build/smart_fan_xxaa/app_error.c.o
                0x000000000002dec4                app_error_save_and_stop
 .text.app_error_handler
                0x000000000002df5c       0x1c _build/smart_fan_xxaa/app_error_handler_gcc.c.o
                0x000000000002df5c                app_error_handler
 .text.app_error_fault_handler
                0x000000000002df78      0x13c _build/smart_fan_xxaa/app_error_weak.c.o
                0x000000000002df78                app_error_fault_handler
 .text.NVIC_EnableIRQ
                0x000000000002e0b4       0x34 _build/smart_fan_xxaa/app_timer.c.o
 .text.NVIC_DisableIRQ
                0x000000000002e0e8       0x34 _build/smart_fan_xxaa/app_timer.c.o
 .text.NVIC_SetPendingIRQ
                0x000000000002e11c       0x34 _build/smart_fan_xxaa/app_timer.c.o
 .text.NVIC_ClearPendingIRQ
                0x000000000002e150       0x34 _build/smart_fan_xxaa/app_timer.c.o
 .text.nrfx_coredep_delay_us
                0x000000000002e184       0x30 _build/smart_fan_xxaa/app_timer.c.o
 .text.rtc1_start
                0x000000000002e1b4       0x44 _build/smart_fan_xxaa/app_timer.c.o
 .text.rtc1_stop
                0x000000000002e1f8       0x54 _build/smart_fan_xxaa/app_timer.c.o
 .text.rtc1_counter_get
                0x000000000002e24c       0x18 _build/smart_fan_xxaa/app_timer.c.o
 .text.ticks_diff_get
                0x000000000002e264       0x20 _build/smart_fan_xxaa/app_timer.c.o
 .text.rtc1_compare0_set
                0x000000000002e284       0x20 _build/smart_fan_xxaa/app_timer.c.o
 .text.timer_list_insert
                0x000000000002e2a4       0xb4 _build/smart_fan_xxaa/app_timer.c.o
 .text.timer_list_remove
                0x000000000002e358       0xc0 _build/smart_fan_xxaa/app_timer.c.o
 .text.timer_timeouts_check_sched
                0x000000000002e418        0xe _build/smart_fan_xxaa/app_timer.c.o
 .text.timer_list_handler_sched
                0x000000000002e426        0xe _build/smart_fan_xxaa/app_timer.c.o
 .text.timeout_handler_exec
                0x000000000002e434       0x1c _build/smart_fan_xxaa/app_timer.c.o
 .text.timer_timeouts_check
                0x000000000002e450       0xc8 _build/smart_fan_xxaa/app_timer.c.o
 .text.elapsed_ticks_acquire
                0x000000000002e518       0x80 _build/smart_fan_xxaa/app_timer.c.o
 .text.expired_timers_handler
                0x000000000002e598       0x9c _build/smart_fan_xxaa/app_timer.c.o
 .text.list_insertions_handler
                0x000000000002e634      0x1b8 _build/smart_fan_xxaa/app_timer.c.o
 .text.compare_reg_update
                0x000000000002e7ec       0xb4 _build/smart_fan_xxaa/app_timer.c.o
 .text.timer_list_handler
                0x000000000002e8a0       0x74 _build/smart_fan_xxaa/app_timer.c.o
 .text.user_op_enque
                0x000000000002e914       0x20 _build/smart_fan_xxaa/app_timer.c.o
 .text.user_op_alloc
                0x000000000002e934       0x5c _build/smart_fan_xxaa/app_timer.c.o
 .text.timer_start_op_schedule
                0x000000000002e990       0x84 _build/smart_fan_xxaa/app_timer.c.o
 .text.timer_stop_op_schedule
                0x000000000002ea14       0x66 _build/smart_fan_xxaa/app_timer.c.o
 *fill*         0x000000000002ea7a        0x2 
 .text.RTC1_IRQHandler
                0x000000000002ea7c       0x40 _build/smart_fan_xxaa/app_timer.c.o
                0x000000000002ea7c                RTC1_IRQHandler
 .text.SWI0_EGU0_IRQHandler
                0x000000000002eabc        0xc _build/smart_fan_xxaa/app_timer.c.o
                0x000000000002eabc                SWI0_EGU0_IRQHandler
 .text.app_timer_start
                0x000000000002eac8       0x68 _build/smart_fan_xxaa/app_timer.c.o
                0x000000000002eac8                app_timer_start
 .text.app_timer_stop
                0x000000000002eb30       0x48 _build/smart_fan_xxaa/app_timer.c.o
                0x000000000002eb30                app_timer_stop
 .text.__sd_nvic_irq_disable
                0x000000000002eb78       0x20 _build/smart_fan_xxaa/app_util_platform.c.o
 .text.__sd_nvic_irq_enable
                0x000000000002eb98       0x10 _build/smart_fan_xxaa/app_util_platform.c.o
 .text.sd_nvic_critical_region_enter
                0x000000000002eba8       0x74 _build/smart_fan_xxaa/app_util_platform.c.o
 .text.sd_nvic_critical_region_exit
                0x000000000002ec1c       0x50 _build/smart_fan_xxaa/app_util_platform.c.o
 .text.app_util_critical_region_enter
                0x000000000002ec6c       0x16 _build/smart_fan_xxaa/app_util_platform.c.o
                0x000000000002ec6c                app_util_critical_region_enter
 .text.app_util_critical_region_exit
                0x000000000002ec82       0x1a _build/smart_fan_xxaa/app_util_platform.c.o
                0x000000000002ec82                app_util_critical_region_exit
 .text.HardFault_Handler
                0x000000000002ec9c       0x44 _build/smart_fan_xxaa/hardfault_handler_gcc.c.o
                0x000000000002ec9c                HardFault_Handler
 .text.NVIC_SystemReset
                0x000000000002ece0       0x28 _build/smart_fan_xxaa/hardfault_implementation.c.o
 .text.HardFault_process
                0x000000000002ed08       0x14 _build/smart_fan_xxaa/hardfault_implementation.c.o
                0x000000000002ed08                HardFault_process
 .text.HardFault_c_handler
                0x000000000002ed1c      0x180 _build/smart_fan_xxaa/hardfault_implementation.c.o
                0x000000000002ed1c                HardFault_c_handler
 .text.nrf_atomic_u32_fetch_store
                0x000000000002ee9c       0x30 _build/smart_fan_xxaa/nrf_atomic.c.o
                0x000000000002ee9c                nrf_atomic_u32_fetch_store
 .text.nrf_atomic_u32_or
                0x000000000002eecc       0x32 _build/smart_fan_xxaa/nrf_atomic.c.o
                0x000000000002eecc                nrf_atomic_u32_or
 .text.nrf_atomic_u32_fetch_and
                0x000000000002eefe       0x32 _build/smart_fan_xxaa/nrf_atomic.c.o
                0x000000000002eefe                nrf_atomic_u32_fetch_and
 .text.nrf_atomic_u32_add
                0x000000000002ef30       0x32 _build/smart_fan_xxaa/nrf_atomic.c.o
                0x000000000002ef30                nrf_atomic_u32_add
 .text.nrf_atomic_u32_sub
                0x000000000002ef62       0x32 _build/smart_fan_xxaa/nrf_atomic.c.o
                0x000000000002ef62                nrf_atomic_u32_sub
 .text.nrf_atomic_flag_set
                0x000000000002ef94       0x1a _build/smart_fan_xxaa/nrf_atomic.c.o
                0x000000000002ef94                nrf_atomic_flag_set
 .text.nrf_atomic_flag_clear_fetch
                0x000000000002efae       0x1a _build/smart_fan_xxaa/nrf_atomic.c.o
                0x000000000002efae                nrf_atomic_flag_clear_fetch
 .text.nrf_balloc_idx2block
                0x000000000002efc8       0x28 _build/smart_fan_xxaa/nrf_balloc.c.o
 .text.nrf_balloc_block2idx
                0x000000000002eff0       0x28 _build/smart_fan_xxaa/nrf_balloc.c.o
 .text.nrf_balloc_alloc
                0x000000000002f018       0x76 _build/smart_fan_xxaa/nrf_balloc.c.o
                0x000000000002f018                nrf_balloc_alloc
 .text.nrf_balloc_free
                0x000000000002f08e       0x42 _build/smart_fan_xxaa/nrf_balloc.c.o
                0x000000000002f08e                nrf_balloc_free
 .text.nrf_memobj_alloc
                0x000000000002f0d0       0xac _build/smart_fan_xxaa/nrf_memobj.c.o
                0x000000000002f0d0                nrf_memobj_alloc
 .text.nrf_memobj_free
                0x000000000002f17c       0x6e _build/smart_fan_xxaa/nrf_memobj.c.o
                0x000000000002f17c                nrf_memobj_free
 .text.nrf_memobj_get
                0x000000000002f1ea       0x20 _build/smart_fan_xxaa/nrf_memobj.c.o
                0x000000000002f1ea                nrf_memobj_get
 .text.nrf_memobj_put
                0x000000000002f20a       0x38 _build/smart_fan_xxaa/nrf_memobj.c.o
                0x000000000002f20a                nrf_memobj_put
 .text.memobj_op
                0x000000000002f242       0xe8 _build/smart_fan_xxaa/nrf_memobj.c.o
 .text.nrf_memobj_write
                0x000000000002f32a       0x26 _build/smart_fan_xxaa/nrf_memobj.c.o
                0x000000000002f32a                nrf_memobj_write
 .text.NVIC_SystemReset
                0x000000000002f350       0x28 _build/smart_fan_xxaa/nrf_pwr_mgmt.c.o
 .text.nrf_section_iter_get
                0x000000000002f378       0x18 _build/smart_fan_xxaa/nrf_pwr_mgmt.c.o
 .text.nrf_mtx_trylock
                0x000000000002f390       0x2a _build/smart_fan_xxaa/nrf_pwr_mgmt.c.o
 .text.nrf_mtx_unlock
                0x000000000002f3ba       0x1e _build/smart_fan_xxaa/nrf_pwr_mgmt.c.o
 .text.sd_power_system_off
                0x000000000002f3d8        0x8 _build/smart_fan_xxaa/nrf_pwr_mgmt.c.o
 .text.nrf_power_system_off
                0x000000000002f3e0       0x16 _build/smart_fan_xxaa/nrf_pwr_mgmt.c.o
 *fill*         0x000000000002f3f6        0x2 
 .text.shutdown_process
                0x000000000002f3f8       0x80 _build/smart_fan_xxaa/nrf_pwr_mgmt.c.o
 .text.nrf_pwr_mgmt_shutdown
                0x000000000002f478       0x60 _build/smart_fan_xxaa/nrf_pwr_mgmt.c.o
                0x000000000002f478                nrf_pwr_mgmt_shutdown
 .text.nrf_section_iter_init
                0x000000000002f4d8       0x3a _build/smart_fan_xxaa/nrf_section_iter.c.o
                0x000000000002f4d8                nrf_section_iter_init
 .text.nrf_section_iter_next
                0x000000000002f512       0x46 _build/smart_fan_xxaa/nrf_section_iter.c.o
                0x000000000002f512                nrf_section_iter_next
 .text.nrf_strerror_get
                0x000000000002f558       0x28 _build/smart_fan_xxaa/nrf_strerror.c.o
                0x000000000002f558                nrf_strerror_get
 .text.nrf_strerror_find
                0x000000000002f580       0x70 _build/smart_fan_xxaa/nrf_strerror.c.o
                0x000000000002f580                nrf_strerror_find
 .text.nrf_gpiote_event_is_set
                0x000000000002f5f0       0x28 _build/smart_fan_xxaa/nrfx_gpiote.c.o
 .text.nrf_gpiote_event_clear
                0x000000000002f618       0x32 _build/smart_fan_xxaa/nrfx_gpiote.c.o
 .text.nrf_gpiote_event_addr_get
                0x000000000002f64a       0x20 _build/smart_fan_xxaa/nrfx_gpiote.c.o
 *fill*         0x000000000002f66a        0x2 
 .text.nrf_gpiote_int_is_enabled
                0x000000000002f66c       0x24 _build/smart_fan_xxaa/nrfx_gpiote.c.o
 .text.nrf_gpiote_event_pin_get
                0x000000000002f690       0x2c _build/smart_fan_xxaa/nrfx_gpiote.c.o
 .text.nrf_gpiote_event_polarity_get
                0x000000000002f6bc       0x2c _build/smart_fan_xxaa/nrfx_gpiote.c.o
 .text.nrf_gpio_pin_port_decode
                0x000000000002f6e8       0x18 _build/smart_fan_xxaa/nrfx_gpiote.c.o
 .text.nrf_gpio_cfg_sense_set
                0x000000000002f700       0x5a _build/smart_fan_xxaa/nrfx_gpiote.c.o
 .text.nrf_gpio_pin_sense_get
                0x000000000002f75a       0x2e _build/smart_fan_xxaa/nrfx_gpiote.c.o
 .text.nrf_gpio_port_in_read
                0x000000000002f788       0x1a _build/smart_fan_xxaa/nrfx_gpiote.c.o
 .text.nrf_gpio_ports_read
                0x000000000002f7a2       0x52 _build/smart_fan_xxaa/nrfx_gpiote.c.o
 .text.nrf_bitmask_bit_is_set
                0x000000000002f7f4       0x3a _build/smart_fan_xxaa/nrfx_gpiote.c.o
 .text.nrf_bitmask_bit_set
                0x000000000002f82e       0x4a _build/smart_fan_xxaa/nrfx_gpiote.c.o
 .text.channel_port_get
                0x000000000002f878       0x24 _build/smart_fan_xxaa/nrfx_gpiote.c.o
 .text.channel_handler_get
                0x000000000002f89c       0x20 _build/smart_fan_xxaa/nrfx_gpiote.c.o
 .text.GPIOTE_IRQHandler
                0x000000000002f8bc      0x2e8 _build/smart_fan_xxaa/nrfx_gpiote.c.o
                0x000000000002f8bc                GPIOTE_IRQHandler
 .text.UARTE0_UART0_IRQHandler
                0x000000000002fba4       0x14 _build/smart_fan_xxaa/nrfx_prs.c.o
                0x000000000002fba4                UARTE0_UART0_IRQHandler
 .text.ant_evt_handler
                0x000000000002fbb8       0xa8 _build/smart_fan_xxaa/ant_state_indicator.c.o
 .text.m_shutdown_handler
                0x000000000002fc60       0x34 _build/smart_fan_xxaa/ant_state_indicator.c.o
 .text.leds_off
                0x000000000002fc94       0x40 _build/smart_fan_xxaa/bsp.c.o
 .text.bsp_led_indication
                0x000000000002fcd4      0x480 _build/smart_fan_xxaa/bsp.c.o
 .text.bsp_indication_set
                0x0000000000030154       0x34 _build/smart_fan_xxaa/bsp.c.o
                0x0000000000030154                bsp_indication_set
 .text.bsp_event_to_button_action_assign
                0x0000000000030188       0x9c _build/smart_fan_xxaa/bsp.c.o
                0x0000000000030188                bsp_event_to_button_action_assign
 .text.connection_buttons_configure
                0x0000000000030224       0x26 _build/smart_fan_xxaa/bsp_btn_ant.c.o
 .text.searching_buttons_configure
                0x000000000003024a       0x26 _build/smart_fan_xxaa/bsp_btn_ant.c.o
 .text.ant_evt_handler
                0x0000000000030270       0x94 _build/smart_fan_xxaa/bsp_btn_ant.c.o
 .text.nrfx_coredep_delay_us
                0x0000000000030304       0x30 _build/smart_fan_xxaa/main.c.o
 .text.nrf_gpio_pin_port_decode
                0x0000000000030334       0x18 _build/smart_fan_xxaa/main.c.o
 .text.nrf_gpio_cfg
                0x000000000003034c       0x54 _build/smart_fan_xxaa/main.c.o
 .text.nrf_gpio_cfg_output
                0x00000000000303a0       0x24 _build/smart_fan_xxaa/main.c.o
 .text.nrf_gpio_pin_set
                0x00000000000303c4       0x2a _build/smart_fan_xxaa/main.c.o
 .text.nrf_gpio_pin_clear
                0x00000000000303ee       0x2a _build/smart_fan_xxaa/main.c.o
 .text.nrf_gpio_pin_write
                0x0000000000030418       0x26 _build/smart_fan_xxaa/main.c.o
 .text.nrf_gpio_port_out_set
                0x000000000003043e       0x1e _build/smart_fan_xxaa/main.c.o
 .text.nrf_gpio_port_out_clear
                0x000000000003045c       0x1e _build/smart_fan_xxaa/main.c.o
 .text.nrf_delay_ms
                0x000000000003047a       0x2c _build/smart_fan_xxaa/main.c.o
 .text.main     0x00000000000304a6       0x3e _build/smart_fan_xxaa/main.c.o
                0x00000000000304a6                main
 .text.NVIC_SystemReset
                0x00000000000304e4       0x28 _build/smart_fan_xxaa/system_nrf52.c.o
 .text.SystemCoreClockUpdate
                0x000000000003050c       0x1c _build/smart_fan_xxaa/system_nrf52.c.o
                0x000000000003050c                SystemCoreClockUpdate
 .text.SystemInit
                0x0000000000030528      0x2d8 _build/smart_fan_xxaa/system_nrf52.c.o
                0x0000000000030528                SystemInit
 .text.errata_12
                0x0000000000030800       0x64 _build/smart_fan_xxaa/system_nrf52.c.o
 .text.errata_16
                0x0000000000030864       0x44 _build/smart_fan_xxaa/system_nrf52.c.o
 .text.errata_31
                0x00000000000308a8       0x64 _build/smart_fan_xxaa/system_nrf52.c.o
 .text.errata_32
                0x000000000003090c       0x44 _build/smart_fan_xxaa/system_nrf52.c.o
 .text.errata_36
                0x0000000000030950       0x64 _build/smart_fan_xxaa/system_nrf52.c.o
 .text.errata_37
                0x00000000000309b4       0x44 _build/smart_fan_xxaa/system_nrf52.c.o
 .text.errata_57
                0x00000000000309f8       0x44 _build/smart_fan_xxaa/system_nrf52.c.o
 .text.errata_66
                0x0000000000030a3c       0x44 _build/smart_fan_xxaa/system_nrf52.c.o
 .text.errata_108
                0x0000000000030a80       0x64 _build/smart_fan_xxaa/system_nrf52.c.o
 .text.errata_136
                0x0000000000030ae4       0x64 _build/smart_fan_xxaa/system_nrf52.c.o
 .text.errata_182
                0x0000000000030b48       0x2c _build/smart_fan_xxaa/system_nrf52.c.o
 .text.nrf_section_iter_get
                0x0000000000030b74       0x18 _build/smart_fan_xxaa/nrf_sdh.c.o
 .text.nrf_sdh_is_enabled
                0x0000000000030b8c       0x18 _build/smart_fan_xxaa/nrf_sdh.c.o
                0x0000000000030b8c                nrf_sdh_is_enabled
 .text.nrf_sdh_evts_poll
                0x0000000000030ba4       0x50 _build/smart_fan_xxaa/nrf_sdh.c.o
                0x0000000000030ba4                nrf_sdh_evts_poll
 .text.SWI2_EGU2_IRQHandler
                0x0000000000030bf4        0xc _build/smart_fan_xxaa/nrf_sdh.c.o
                0x0000000000030bf4                SWI2_EGU2_IRQHandler
 .text.nrf_section_iter_get
                0x0000000000030c00       0x18 _build/smart_fan_xxaa/nrf_sdh_ant.c.o
 .text.sd_ant_event_get
                0x0000000000030c18        0x8 _build/smart_fan_xxaa/nrf_sdh_ant.c.o
 .text.nrf_sdh_ant_evts_poll
                0x0000000000030c20       0xa8 _build/smart_fan_xxaa/nrf_sdh_ant.c.o
 .text.exit     0x0000000000030cc8       0x28 /home/noel/Dev/Tools/GNU_Tools_ARM_Embedded/7.3.1_2018q2/bin/../lib/gcc/arm-none-eabi/7.3.1/../../../../arm-none-eabi/lib/thumb/v7e-m/fpv4-sp/hard/libc_nano.a(lib_a-exit.o)
                0x0000000000030cc8                exit
 .text.__libc_init_array
                0x0000000000030cf0       0x48 /home/noel/Dev/Tools/GNU_Tools_ARM_Embedded/7.3.1_2018q2/bin/../lib/gcc/arm-none-eabi/7.3.1/../../../../arm-none-eabi/lib/thumb/v7e-m/fpv4-sp/hard/libc_nano.a(lib_a-init.o)
                0x0000000000030cf0                __libc_init_array
 .text.memcpy   0x0000000000030d38       0x16 /home/noel/Dev/Tools/GNU_Tools_ARM_Embedded/7.3.1_2018q2/bin/../lib/gcc/arm-none-eabi/7.3.1/../../../../arm-none-eabi/lib/thumb/v7e-m/fpv4-sp/hard/libc_nano.a(lib_a-memcpy-stub.o)
                0x0000000000030d38                memcpy
 .text.memset   0x0000000000030d4e       0x10 /home/noel/Dev/Tools/GNU_Tools_ARM_Embedded/7.3.1_2018q2/bin/../lib/gcc/arm-none-eabi/7.3.1/../../../../arm-none-eabi/lib/thumb/v7e-m/fpv4-sp/hard/libc_nano.a(lib_a-memset.o)
                0x0000000000030d4e                memset
 *fill*         0x0000000000030d5e        0x2 
 .text._exit    0x0000000000030d60        0x4 /home/noel/Dev/Tools/GNU_Tools_ARM_Embedded/7.3.1_2018q2/bin/../lib/gcc/arm-none-eabi/7.3.1/../../../../arm-none-eabi/lib/thumb/v7e-m/fpv4-sp/hard/libnosys.a(_exit.o)
                0x0000000000030d60                _exit
 .text          0x0000000000030d64       0x30 /home/noel/Dev/Tools/GNU_Tools_ARM_Embedded/7.3.1_2018q2/bin/../lib/gcc/arm-none-eabi/7.3.1/thumb/v7e-m/fpv4-sp/hard/libgcc.a(_aeabi_uldivmod.o)
                0x0000000000030d64                __aeabi_uldivmod
 .text          0x0000000000030d94      0x2cc /home/noel/Dev/Tools/GNU_Tools_ARM_Embedded/7.3.1_2018q2/bin/../lib/gcc/arm-none-eabi/7.3.1/thumb/v7e-m/fpv4-sp/hard/libgcc.a(_udivmoddi4.o)
                0x0000000000030d94                __udivmoddi4
 .text          0x0000000000031060        0x4 /home/noel/Dev/Tools/GNU_Tools_ARM_Embedded/7.3.1_2018q2/bin/../lib/gcc/arm-none-eabi/7.3.1/thumb/v7e-m/fpv4-sp/hard/libgcc.a(_dvmd_tls.o)
                0x0000000000031060                __aeabi_ldiv0
                0x0000000000031060                __aeabi_idiv0
 *(.init)
 .init          0x0000000000031064        0x4 /home/noel/Dev/Tools/GNU_Tools_ARM_Embedded/7.3.1_2018q2/bin/../lib/gcc/arm-none-eabi/7.3.1/thumb/v7e-m/fpv4-sp/hard/crti.o
                0x0000000000031064                _init
 .init          0x0000000000031068        0x8 /home/noel/Dev/Tools/GNU_Tools_ARM_Embedded/7.3.1_2018q2/bin/../lib/gcc/arm-none-eabi/7.3.1/thumb/v7e-m/fpv4-sp/hard/crtn.o
 *(.fini)
 .fini          0x0000000000031070        0x4 /home/noel/Dev/Tools/GNU_Tools_ARM_Embedded/7.3.1_2018q2/bin/../lib/gcc/arm-none-eabi/7.3.1/thumb/v7e-m/fpv4-sp/hard/crti.o
                0x0000000000031070                _fini
 .fini          0x0000000000031074        0x8 /home/noel/Dev/Tools/GNU_Tools_ARM_Embedded/7.3.1_2018q2/bin/../lib/gcc/arm-none-eabi/7.3.1/thumb/v7e-m/fpv4-sp/hard/crtn.o
 *crtbegin.o(.ctors)
 *crtbegin?.o(.ctors)
 *(EXCLUDE_FILE(*crtend.o *crtend?.o) .ctors)
 *(SORT_BY_NAME(.ctors.*))
 *(.ctors)
 *crtbegin.o(.dtors)
 *crtbegin?.o(.dtors)
 *(EXCLUDE_FILE(*crtend.o *crtend?.o) .dtors)
 *(SORT_BY_NAME(.dtors.*))
 *(.dtors)
 *(.rodata*)
 .rodata        0x000000000003107c       0x29 _build/smart_fan_xxaa/nrf_log_frontend.c.o
 *fill*         0x00000000000310a5        0x3 
 .rodata.m_board_led_list
                0x00000000000310a8        0x4 _build/smart_fan_xxaa/boards.c.o
 .rodata        0x00000000000310ac       0xb4 _build/smart_fan_xxaa/app_error_weak.c.o
 .rodata.delay_bytecode.8692
                0x0000000000031160        0x6 _build/smart_fan_xxaa/app_timer.c.o
 *fill*         0x0000000000031166        0x2 
 .rodata        0x0000000000031168      0x5e3 _build/smart_fan_xxaa/hardfault_implementation.c.o
 *fill*         0x000000000003174b        0x1 
 .rodata        0x000000000003174c        0x9 _build/smart_fan_xxaa/nrf_pwr_mgmt.c.o
 *fill*         0x0000000000031755        0x3 
 .rodata.m_unknown_str
                0x0000000000031758       0x13 _build/smart_fan_xxaa/nrf_strerror.c.o
 *fill*         0x000000000003176b        0x1 
 .rodata        0x000000000003176c      0x3e9 _build/smart_fan_xxaa/nrf_strerror.c.o
 *fill*         0x0000000000031b55        0x3 
 .rodata.nrf_strerror_array
                0x0000000000031b58      0x128 _build/smart_fan_xxaa/nrf_strerror.c.o
 .rodata        0x0000000000031c80        0x7 _build/smart_fan_xxaa/nrfx_gpiote.c.o
 *fill*         0x0000000000031c87        0x1 
 .rodata        0x0000000000031c88        0x4 _build/smart_fan_xxaa/nrfx_prs.c.o
 .rodata        0x0000000000031c8c        0x5 _build/smart_fan_xxaa/nrfx_uart.c.o
 *fill*         0x0000000000031c91        0x3 
 .rodata        0x0000000000031c94        0x6 _build/smart_fan_xxaa/nrfx_uarte.c.o
 *fill*         0x0000000000031c9a        0x2 
 .rodata        0x0000000000031c9c       0xc3 _build/smart_fan_xxaa/ant_hrm.c.o
 *fill*         0x0000000000031d5f        0x1 
 .rodata        0x0000000000031d60       0x8e _build/smart_fan_xxaa/ant_hrm_page_0.c.o
 *fill*         0x0000000000031dee        0x2 
 .rodata        0x0000000000031df0       0x45 _build/smart_fan_xxaa/ant_hrm_page_1.c.o
 *fill*         0x0000000000031e35        0x3 
 .rodata        0x0000000000031e38       0x62 _build/smart_fan_xxaa/ant_hrm_page_2.c.o
 *fill*         0x0000000000031e9a        0x2 
 .rodata        0x0000000000031e9c       0x88 _build/smart_fan_xxaa/ant_hrm_page_3.c.o
 .rodata        0x0000000000031f24       0x3e _build/smart_fan_xxaa/ant_hrm_page_4.c.o
 *fill*         0x0000000000031f62        0x2 
 .rodata        0x0000000000031f64       0x64 _build/smart_fan_xxaa/ant_state_indicator.c.o
 .rodata        0x0000000000031fc8       0x52 _build/smart_fan_xxaa/bsp_btn_ant.c.o
 *fill*         0x000000000003201a        0x6 
 .rodata.delay_bytecode.8292
                0x0000000000032020        0x6 _build/smart_fan_xxaa/main.c.o
 *fill*         0x0000000000032026        0x2 
 .rodata        0x0000000000032028       0x88 _build/smart_fan_xxaa/nrf_sdh.c.o
 .rodata.sdh_stack_observers
                0x00000000000320b0        0xc _build/smart_fan_xxaa/nrf_sdh.c.o
 .rodata        0x00000000000320bc       0x8e _build/smart_fan_xxaa/nrf_sdh_ant.c.o
 *fill*         0x000000000003214a        0x2 
 .rodata.sdh_ant_observers
                0x000000000003214c        0xc _build/smart_fan_xxaa/nrf_sdh_ant.c.o
 .rodata._global_impure_ptr
                0x0000000000032158        0x4 /home/noel/Dev/Tools/GNU_Tools_ARM_Embedded/7.3.1_2018q2/bin/../lib/gcc/arm-none-eabi/7.3.1/../../../../arm-none-eabi/lib/thumb/v7e-m/fpv4-sp/hard/libc_nano.a(lib_a-impure.o)
                0x0000000000032158                _global_impure_ptr
 *(.eh_frame*)
 .eh_frame      0x000000000003215c        0x0 /home/noel/Dev/Tools/GNU_Tools_ARM_Embedded/7.3.1_2018q2/bin/../lib/gcc/arm-none-eabi/7.3.1/thumb/v7e-m/fpv4-sp/hard/crtbegin.o
 .eh_frame      0x000000000003215c        0x4 /home/noel/Dev/Tools/GNU_Tools_ARM_Embedded/7.3.1_2018q2/bin/../lib/gcc/arm-none-eabi/7.3.1/thumb/v7e-m/fpv4-sp/hard/crtend.o

.glue_7         0x0000000000032160        0x0
 .glue_7        0x0000000000032160        0x0 linker stubs

.glue_7t        0x0000000000032160        0x0
 .glue_7t       0x0000000000032160        0x0 linker stubs

.vfp11_veneer   0x0000000000032160        0x0
 .vfp11_veneer  0x0000000000032160        0x0 linker stubs

.v4_bx          0x0000000000032160        0x0
 .v4_bx         0x0000000000032160        0x0 linker stubs

.iplt           0x0000000000032160        0x0
 .iplt          0x0000000000032160        0x0 /home/noel/Dev/Tools/GNU_Tools_ARM_Embedded/7.3.1_2018q2/bin/../lib/gcc/arm-none-eabi/7.3.1/thumb/v7e-m/fpv4-sp/hard/crtbegin.o

.mem_section_dummy_rom

.log_const_data
                0x0000000000032160       0x80
                0x0000000000032160                PROVIDE (__start_log_const_data = .)
 *(SORT_BY_NAME(.log_const_data*))
 .log_const_data_GPIOTE
                0x0000000000032160        0x8 _build/smart_fan_xxaa/nrfx_gpiote.c.o
                0x0000000000032160                m_nrf_log_GPIOTE_logs_data_const
 .log_const_data_PRS
                0x0000000000032168        0x8 _build/smart_fan_xxaa/nrfx_prs.c.o
                0x0000000000032168                m_nrf_log_PRS_logs_data_const
 .log_const_data_UART
                0x0000000000032170        0x8 _build/smart_fan_xxaa/nrfx_uart.c.o
                0x0000000000032170                m_nrf_log_UART_logs_data_const
 .log_const_data_UARTE
                0x0000000000032178        0x8 _build/smart_fan_xxaa/nrfx_uarte.c.o
                0x0000000000032178                m_nrf_log_UARTE_logs_data_const
 .log_const_data_ant_hrm
                0x0000000000032180        0x8 _build/smart_fan_xxaa/ant_hrm.c.o
                0x0000000000032180                m_nrf_log_ant_hrm_logs_data_const
 .log_const_data_ant_hrm_page_0
                0x0000000000032188        0x8 _build/smart_fan_xxaa/ant_hrm_page_0.c.o
                0x0000000000032188                m_nrf_log_ant_hrm_page_0_logs_data_const
 .log_const_data_ant_hrm_page_1
                0x0000000000032190        0x8 _build/smart_fan_xxaa/ant_hrm_page_1.c.o
                0x0000000000032190                m_nrf_log_ant_hrm_page_1_logs_data_const
 .log_const_data_ant_hrm_page_2
                0x0000000000032198        0x8 _build/smart_fan_xxaa/ant_hrm_page_2.c.o
                0x0000000000032198                m_nrf_log_ant_hrm_page_2_logs_data_const
 .log_const_data_ant_hrm_page_3
                0x00000000000321a0        0x8 _build/smart_fan_xxaa/ant_hrm_page_3.c.o
                0x00000000000321a0                m_nrf_log_ant_hrm_page_3_logs_data_const
 .log_const_data_ant_hrm_page_4
                0x00000000000321a8        0x8 _build/smart_fan_xxaa/ant_hrm_page_4.c.o
                0x00000000000321a8                m_nrf_log_ant_hrm_page_4_logs_data_const
 .log_const_data_app
                0x00000000000321b0        0x8 _build/smart_fan_xxaa/nrf_log_frontend.c.o
                0x00000000000321b0                m_nrf_log_app_logs_data_const
 .log_const_data_balloc_log_mempool
                0x00000000000321b8        0x8 _build/smart_fan_xxaa/nrf_log_frontend.c.o
                0x00000000000321b8                m_nrf_log_balloc_log_mempool_logs_data_const
 .log_const_data_hardfault
                0x00000000000321c0        0x8 _build/smart_fan_xxaa/hardfault_implementation.c.o
                0x00000000000321c0                m_nrf_log_hardfault_logs_data_const
 .log_const_data_nrf_sdh
                0x00000000000321c8        0x8 _build/smart_fan_xxaa/nrf_sdh.c.o
                0x00000000000321c8                m_nrf_log_nrf_sdh_logs_data_const
 .log_const_data_nrf_sdh_ant
                0x00000000000321d0        0x8 _build/smart_fan_xxaa/nrf_sdh_ant.c.o
                0x00000000000321d0                m_nrf_log_nrf_sdh_ant_logs_data_const
 .log_const_data_pwr_mgmt
                0x00000000000321d8        0x8 _build/smart_fan_xxaa/nrf_pwr_mgmt.c.o
                0x00000000000321d8                m_nrf_log_pwr_mgmt_logs_data_const
                0x00000000000321e0                PROVIDE (__stop_log_const_data = .)

.nrf_balloc     0x00000000000321e0       0x18
                [!provide]                        PROVIDE (__start_nrf_balloc = .)
 *(.nrf_balloc)
 .nrf_balloc    0x00000000000321e0       0x18 _build/smart_fan_xxaa/nrf_log_frontend.c.o
                0x00000000000321e0                log_mempool
                [!provide]                        PROVIDE (__stop_nrf_balloc = .)

.pwr_mgmt_data  0x00000000000321f8        0x4
                0x00000000000321f8                PROVIDE (__start_pwr_mgmt_data = .)
 *(SORT_BY_NAME(.pwr_mgmt_data*))
 .pwr_mgmt_data1
                0x00000000000321f8        0x4 _build/smart_fan_xxaa/ant_state_indicator.c.o
                0x00000000000321fc                PROVIDE (__stop_pwr_mgmt_data = .)

.sdh_ant_observers
                0x00000000000321fc       0x10
                0x00000000000321fc                PROVIDE (__start_sdh_ant_observers = .)
 *(SORT_BY_NAME(.sdh_ant_observers*))
 .sdh_ant_observers1
                0x00000000000321fc        0x8 _build/smart_fan_xxaa/ant_state_indicator.c.o
 .sdh_ant_observers1
                0x0000000000032204        0x8 _build/smart_fan_xxaa/bsp_btn_ant.c.o
                0x000000000003220c                PROVIDE (__stop_sdh_ant_observers = .)

.sdh_state_observers
                0x000000000003220c        0x0
                0x000000000003220c                PROVIDE (__start_sdh_state_observers = .)
 *(SORT_BY_NAME(.sdh_state_observers*))
                0x000000000003220c                PROVIDE (__stop_sdh_state_observers = .)

.sdh_stack_observers
                0x000000000003220c        0x8
                0x000000000003220c                PROVIDE (__start_sdh_stack_observers = .)
 *(SORT_BY_NAME(.sdh_stack_observers*))
 .sdh_stack_observers0
                0x000000000003220c        0x8 _build/smart_fan_xxaa/nrf_sdh_ant.c.o
                0x0000000000032214                PROVIDE (__stop_sdh_stack_observers = .)

.sdh_req_observers
                0x0000000000032214        0x0
                0x0000000000032214                PROVIDE (__start_sdh_req_observers = .)
 *(SORT_BY_NAME(.sdh_req_observers*))
                0x0000000000032214                PROVIDE (__stop_sdh_req_observers = .)

.ARM.extab
 *(.ARM.extab* .gnu.linkonce.armextab.*)
                0x0000000000032214                __exidx_start = .

.ARM.exidx      0x0000000000032214        0x8
 *(.ARM.exidx* .gnu.linkonce.armexidx.*)
 .ARM.exidx     0x0000000000032214        0x8 /home/noel/Dev/Tools/GNU_Tools_ARM_Embedded/7.3.1_2018q2/bin/../lib/gcc/arm-none-eabi/7.3.1/../../../../arm-none-eabi/lib/thumb/v7e-m/fpv4-sp/hard/crt0.o
 .ARM.exidx     0x000000000003221c        0x0 /home/noel/Dev/Tools/GNU_Tools_ARM_Embedded/7.3.1_2018q2/bin/../lib/gcc/arm-none-eabi/7.3.1/thumb/v7e-m/fpv4-sp/hard/libgcc.a(_udivmoddi4.o)
                                          0x8 (size before relaxing)
                0x000000000003221c                __exidx_end = .
                0x000000000003221c                __etext = .

.rel.dyn        0x000000000003221c        0x0
 .rel.iplt      0x000000000003221c        0x0 /home/noel/Dev/Tools/GNU_Tools_ARM_Embedded/7.3.1_2018q2/bin/../lib/gcc/arm-none-eabi/7.3.1/thumb/v7e-m/fpv4-sp/hard/crtbegin.o

.data           0x0000000020001f30       0xd8 load address 0x000000000003221c
                0x0000000020001f30                __data_start__ = .
 *(vtable)
 *(.data*)
 .data.cfsr_msgs.8887
                0x0000000020001f30       0x68 _build/smart_fan_xxaa/hardfault_implementation.c.o
 .data.m_channel
                0x0000000020001f98        0x1 _build/smart_fan_xxaa/ant_state_indicator.c.o
 .data.m_channel
                0x0000000020001f99        0x1 _build/smart_fan_xxaa/bsp_btn_ant.c.o
 *fill*         0x0000000020001f9a        0x2 
 .data.SystemCoreClock
                0x0000000020001f9c        0x4 _build/smart_fan_xxaa/system_nrf52.c.o
                0x0000000020001f9c                SystemCoreClock
 .data.impure_data
                0x0000000020001fa0       0x60 /home/noel/Dev/Tools/GNU_Tools_ARM_Embedded/7.3.1_2018q2/bin/../lib/gcc/arm-none-eabi/7.3.1/../../../../arm-none-eabi/lib/thumb/v7e-m/fpv4-sp/hard/libc_nano.a(lib_a-impure.o)
                0x0000000020002000                . = ALIGN (0x4)
                0x0000000020002000                PROVIDE (__preinit_array_start = .)
 *(.preinit_array)
                0x0000000020002000                PROVIDE (__preinit_array_end = .)
                0x0000000020002000                . = ALIGN (0x4)
                0x0000000020002000                PROVIDE (__init_array_start = .)
 *(SORT_BY_NAME(.init_array.*))
 *(.init_array)
 .init_array    0x0000000020002000        0x4 /home/noel/Dev/Tools/GNU_Tools_ARM_Embedded/7.3.1_2018q2/bin/../lib/gcc/arm-none-eabi/7.3.1/thumb/v7e-m/fpv4-sp/hard/crtbegin.o
                0x0000000020002004                PROVIDE (__init_array_end = .)
                0x0000000020002004                . = ALIGN (0x4)
                [!provide]                        PROVIDE (__fini_array_start = .)
 *(SORT_BY_NAME(.fini_array.*))
 *(.fini_array)
 .fini_array    0x0000000020002004        0x4 /home/noel/Dev/Tools/GNU_Tools_ARM_Embedded/7.3.1_2018q2/bin/../lib/gcc/arm-none-eabi/7.3.1/thumb/v7e-m/fpv4-sp/hard/crtbegin.o
                [!provide]                        PROVIDE (__fini_array_end = .)
 *(.jcr*)
                0x0000000020002008                . = ALIGN (0x4)
                0x0000000020002008                __data_end__ = .
LOAD /home/noel/Dev/Tools/GNU_Tools_ARM_Embedded/7.3.1_2018q2/bin/../lib/gcc/arm-none-eabi/7.3.1/thumb/v7e-m/fpv4-sp/hard/crti.o
LOAD /home/noel/Dev/Tools/GNU_Tools_ARM_Embedded/7.3.1_2018q2/bin/../lib/gcc/arm-none-eabi/7.3.1/thumb/v7e-m/fpv4-sp/hard/crtbegin.o
LOAD /home/noel/Dev/Tools/GNU_Tools_ARM_Embedded/7.3.1_2018q2/bin/../lib/gcc/arm-none-eabi/7.3.1/../../../../arm-none-eabi/lib/thumb/v7e-m/fpv4-sp/hard/crt0.o
LOAD _build/smart_fan_xxaa/gcc_startup_nrf52.S.o
LOAD _build/smart_fan_xxaa/nrf_log_backend_rtt.c.o
LOAD _build/smart_fan_xxaa/nrf_log_backend_serial.c.o
LOAD _build/smart_fan_xxaa/nrf_log_backend_uart.c.o
LOAD _build/smart_fan_xxaa/nrf_log_default_backends.c.o
LOAD _build/smart_fan_xxaa/nrf_log_frontend.c.o
LOAD _build/smart_fan_xxaa/nrf_log_str_formatter.c.o
LOAD _build/smart_fan_xxaa/boards.c.o
LOAD _build/smart_fan_xxaa/app_button.c.o
LOAD _build/smart_fan_xxaa/app_error.c.o
LOAD _build/smart_fan_xxaa/app_error_handler_gcc.c.o
LOAD _build/smart_fan_xxaa/app_error_weak.c.o
LOAD _build/smart_fan_xxaa/app_scheduler.c.o
LOAD _build/smart_fan_xxaa/app_timer.c.o
LOAD _build/smart_fan_xxaa/app_util_platform.c.o
LOAD _build/smart_fan_xxaa/hardfault_handler_gcc.c.o
LOAD _build/smart_fan_xxaa/hardfault_implementation.c.o
LOAD _build/smart_fan_xxaa/nrf_assert.c.o
LOAD _build/smart_fan_xxaa/nrf_atomic.c.o
LOAD _build/smart_fan_xxaa/nrf_balloc.c.o
LOAD _build/smart_fan_xxaa/nrf_fprintf.c.o
LOAD _build/smart_fan_xxaa/nrf_fprintf_format.c.o
LOAD _build/smart_fan_xxaa/nrf_memobj.c.o
LOAD _build/smart_fan_xxaa/nrf_pwr_mgmt.c.o
LOAD _build/smart_fan_xxaa/nrf_section_iter.c.o
LOAD _build/smart_fan_xxaa/nrf_strerror.c.o
LOAD _build/smart_fan_xxaa/sensorsim.c.o
LOAD _build/smart_fan_xxaa/nrf_drv_uart.c.o
LOAD _build/smart_fan_xxaa/nrfx_gpiote.c.o
LOAD _build/smart_fan_xxaa/nrfx_prs.c.o
LOAD _build/smart_fan_xxaa/nrfx_uart.c.o
LOAD _build/smart_fan_xxaa/nrfx_uarte.c.o
LOAD _build/smart_fan_xxaa/ant_channel_config.c.o
LOAD _build/smart_fan_xxaa/ant_hrm.c.o
LOAD _build/smart_fan_xxaa/ant_hrm_page_0.c.o
LOAD _build/smart_fan_xxaa/ant_hrm_page_1.c.o
LOAD _build/smart_fan_xxaa/ant_hrm_page_2.c.o
LOAD _build/smart_fan_xxaa/ant_hrm_page_3.c.o
LOAD _build/smart_fan_xxaa/ant_hrm_page_4.c.o
LOAD _build/smart_fan_xxaa/ant_hrm_simulator.c.o
LOAD _build/smart_fan_xxaa/ant_key_manager.c.o
LOAD _build/smart_fan_xxaa/ant_state_indicator.c.o
LOAD _build/smart_fan_xxaa/bsp.c.o
LOAD _build/smart_fan_xxaa/bsp_btn_ant.c.o
LOAD _build/smart_fan_xxaa/main.c.o
LOAD _build/smart_fan_xxaa/SEGGER_RTT.c.o
LOAD _build/smart_fan_xxaa/SEGGER_RTT_Syscalls_GCC.c.o
LOAD _build/smart_fan_xxaa/SEGGER_RTT_printf.c.o
LOAD _build/smart_fan_xxaa/system_nrf52.c.o
LOAD _build/smart_fan_xxaa/nrf_sdh.c.o
LOAD _build/smart_fan_xxaa/nrf_sdh_ant.c.o
LOAD /home/noel/Dev/Tools/GNU_Tools_ARM_Embedded/7.3.1_2018q2/bin/../lib/gcc/arm-none-eabi/7.3.1/../../../../arm-none-eabi/lib/thumb/v7e-m/fpv4-sp/hard/libc_nano.a
LOAD /home/noel/Dev/Tools/GNU_Tools_ARM_Embedded/7.3.1_2018q2/bin/../lib/gcc/arm-none-eabi/7.3.1/../../../../arm-none-eabi/lib/thumb/v7e-m/fpv4-sp/hard/libnosys.a
LOAD /home/noel/Dev/Tools/GNU_Tools_ARM_Embedded/7.3.1_2018q2/bin/../lib/gcc/arm-none-eabi/7.3.1/../../../../arm-none-eabi/lib/thumb/v7e-m/fpv4-sp/hard/libm.a
START GROUP
LOAD /home/noel/Dev/Tools/GNU_Tools_ARM_Embedded/7.3.1_2018q2/bin/../lib/gcc/arm-none-eabi/7.3.1/thumb/v7e-m/fpv4-sp/hard/libgcc.a
LOAD /home/noel/Dev/Tools/GNU_Tools_ARM_Embedded/7.3.1_2018q2/bin/../lib/gcc/arm-none-eabi/7.3.1/../../../../arm-none-eabi/lib/thumb/v7e-m/fpv4-sp/hard/libg_nano.a
LOAD /home/noel/Dev/Tools/GNU_Tools_ARM_Embedded/7.3.1_2018q2/bin/../lib/gcc/arm-none-eabi/7.3.1/../../../../arm-none-eabi/lib/thumb/v7e-m/fpv4-sp/hard/libc_nano.a
END GROUP
START GROUP
LOAD /home/noel/Dev/Tools/GNU_Tools_ARM_Embedded/7.3.1_2018q2/bin/../lib/gcc/arm-none-eabi/7.3.1/thumb/v7e-m/fpv4-sp/hard/libgcc.a
LOAD /home/noel/Dev/Tools/GNU_Tools_ARM_Embedded/7.3.1_2018q2/bin/../lib/gcc/arm-none-eabi/7.3.1/../../../../arm-none-eabi/lib/thumb/v7e-m/fpv4-sp/hard/libc_nano.a
END GROUP
LOAD /home/noel/Dev/Tools/GNU_Tools_ARM_Embedded/7.3.1_2018q2/bin/../lib/gcc/arm-none-eabi/7.3.1/thumb/v7e-m/fpv4-sp/hard/crtend.o
LOAD /home/noel/Dev/Tools/GNU_Tools_ARM_Embedded/7.3.1_2018q2/bin/../lib/gcc/arm-none-eabi/7.3.1/thumb/v7e-m/fpv4-sp/hard/crtn.o
START GROUP
LOAD /home/noel/Dev/Tools/GNU_Tools_ARM_Embedded/7.3.1_2018q2/bin/../lib/gcc/arm-none-eabi/7.3.1/thumb/v7e-m/fpv4-sp/hard/libgcc.a
LOAD /home/noel/Dev/Tools/GNU_Tools_ARM_Embedded/7.3.1_2018q2/bin/../lib/gcc/arm-none-eabi/7.3.1/../../../../arm-none-eabi/lib/thumb/v7e-m/fpv4-sp/hard/libc.a
LOAD /home/noel/Dev/Tools/GNU_Tools_ARM_Embedded/7.3.1_2018q2/bin/../lib/gcc/arm-none-eabi/7.3.1/../../../../arm-none-eabi/lib/thumb/v7e-m/fpv4-sp/hard/libnosys.a
END GROUP

.igot.plt       0x0000000020002008        0x0 load address 0x00000000000322f4
 .igot.plt      0x0000000020002008        0x0 /home/noel/Dev/Tools/GNU_Tools_ARM_Embedded/7.3.1_2018q2/bin/../lib/gcc/arm-none-eabi/7.3.1/thumb/v7e-m/fpv4-sp/hard/crtbegin.o
                0x0000000020002008                . = ALIGN (0x4)

.mem_section_dummy_ram

.log_dynamic_data
                0x0000000020002008       0x40 load address 0x00000000000322f4
                0x0000000020002008                PROVIDE (__start_log_dynamic_data = .)
 *(SORT_BY_NAME(.log_dynamic_data*))
 .log_dynamic_data_GPIOTE
                0x0000000020002008        0x4 _build/smart_fan_xxaa/nrfx_gpiote.c.o
                0x0000000020002008                m_nrf_log_GPIOTE_logs_data_dynamic
 .log_dynamic_data_PRS
                0x000000002000200c        0x4 _build/smart_fan_xxaa/nrfx_prs.c.o
                0x000000002000200c                m_nrf_log_PRS_logs_data_dynamic
 .log_dynamic_data_UART
                0x0000000020002010        0x4 _build/smart_fan_xxaa/nrfx_uart.c.o
                0x0000000020002010                m_nrf_log_UART_logs_data_dynamic
 .log_dynamic_data_UARTE
                0x0000000020002014        0x4 _build/smart_fan_xxaa/nrfx_uarte.c.o
                0x0000000020002014                m_nrf_log_UARTE_logs_data_dynamic
 .log_dynamic_data_ant_hrm
                0x0000000020002018        0x4 _build/smart_fan_xxaa/ant_hrm.c.o
                0x0000000020002018                m_nrf_log_ant_hrm_logs_data_dynamic
 .log_dynamic_data_ant_hrm_page_0
                0x000000002000201c        0x4 _build/smart_fan_xxaa/ant_hrm_page_0.c.o
                0x000000002000201c                m_nrf_log_ant_hrm_page_0_logs_data_dynamic
 .log_dynamic_data_ant_hrm_page_1
                0x0000000020002020        0x4 _build/smart_fan_xxaa/ant_hrm_page_1.c.o
                0x0000000020002020                m_nrf_log_ant_hrm_page_1_logs_data_dynamic
 .log_dynamic_data_ant_hrm_page_2
                0x0000000020002024        0x4 _build/smart_fan_xxaa/ant_hrm_page_2.c.o
                0x0000000020002024                m_nrf_log_ant_hrm_page_2_logs_data_dynamic
 .log_dynamic_data_ant_hrm_page_3
                0x0000000020002028        0x4 _build/smart_fan_xxaa/ant_hrm_page_3.c.o
                0x0000000020002028                m_nrf_log_ant_hrm_page_3_logs_data_dynamic
 .log_dynamic_data_ant_hrm_page_4
                0x000000002000202c        0x4 _build/smart_fan_xxaa/ant_hrm_page_4.c.o
                0x000000002000202c                m_nrf_log_ant_hrm_page_4_logs_data_dynamic
 .log_dynamic_data_app
                0x0000000020002030        0x4 _build/smart_fan_xxaa/nrf_log_frontend.c.o
                0x0000000020002030                m_nrf_log_app_logs_data_dynamic
 .log_dynamic_data_balloc_log_mempool
                0x0000000020002034        0x4 _build/smart_fan_xxaa/nrf_log_frontend.c.o
                0x0000000020002034                m_nrf_log_balloc_log_mempool_logs_data_dynamic
 .log_dynamic_data_hardfault
                0x0000000020002038        0x4 _build/smart_fan_xxaa/hardfault_implementation.c.o
                0x0000000020002038                m_nrf_log_hardfault_logs_data_dynamic
 .log_dynamic_data_nrf_sdh
                0x000000002000203c        0x4 _build/smart_fan_xxaa/nrf_sdh.c.o
                0x000000002000203c                m_nrf_log_nrf_sdh_logs_data_dynamic
 .log_dynamic_data_nrf_sdh_ant
                0x0000000020002040        0x4 _build/smart_fan_xxaa/nrf_sdh_ant.c.o
                0x0000000020002040                m_nrf_log_nrf_sdh_ant_logs_data_dynamic
 .log_dynamic_data_pwr_mgmt
                0x0000000020002044        0x4 _build/smart_fan_xxaa/nrf_pwr_mgmt.c.o
                0x0000000020002044                m_nrf_log_pwr_mgmt_logs_data_dynamic
                [!provide]                        PROVIDE (__stop_log_dynamic_data = .)

.bss            0x0000000020002048      0x7b4 load address 0x0000000000032334
                0x0000000020002048                . = ALIGN (0x4)
                0x0000000020002048                __bss_start__ = .
 *(.bss*)
 .bss           0x0000000020002048       0x1c /home/noel/Dev/Tools/GNU_Tools_ARM_Embedded/7.3.1_2018q2/bin/../lib/gcc/arm-none-eabi/7.3.1/thumb/v7e-m/fpv4-sp/hard/crtbegin.o
 .bss.log_mempool_nrf_balloc_pool_stack
                0x0000000020002064        0x8 _build/smart_fan_xxaa/nrf_log_frontend.c.o
 .bss.log_mempool_nrf_balloc_pool_mem
                0x000000002000206c       0xc0 _build/smart_fan_xxaa/nrf_log_frontend.c.o
 .bss.log_mempool_nrf_balloc_cb
                0x000000002000212c        0x8 _build/smart_fan_xxaa/nrf_log_frontend.c.o
 .bss.m_log_data
                0x0000000020002134      0x424 _build/smart_fan_xxaa/nrf_log_frontend.c.o
 .bss.m_error_data.7768
                0x0000000020002558       0x20 _build/smart_fan_xxaa/app_error.c.o
 .bss.m_op_queue
                0x0000000020002578      0x10c _build/smart_fan_xxaa/app_timer.c.o
 .bss.mp_timer_id_head
                0x0000000020002684        0x4 _build/smart_fan_xxaa/app_timer.c.o
 .bss.m_ticks_latest
                0x0000000020002688        0x4 _build/smart_fan_xxaa/app_timer.c.o
 .bss.m_ticks_elapsed
                0x000000002000268c        0x8 _build/smart_fan_xxaa/app_timer.c.o
 .bss.m_ticks_elapsed_q_read_ind
                0x0000000020002694        0x1 _build/smart_fan_xxaa/app_timer.c.o
 .bss.m_ticks_elapsed_q_write_ind
                0x0000000020002695        0x1 _build/smart_fan_xxaa/app_timer.c.o
 .bss.m_rtc1_running
                0x0000000020002696        0x1 _build/smart_fan_xxaa/app_timer.c.o
 .bss.m_rtc1_reset
                0x0000000020002697        0x1 _build/smart_fan_xxaa/app_timer.c.o
 .bss.m_pwr_mgmt_evt
                0x0000000020002698        0x1 _build/smart_fan_xxaa/nrf_pwr_mgmt.c.o
 *fill*         0x0000000020002699        0x3 
 .bss.m_sysoff_mtx
                0x000000002000269c        0x4 _build/smart_fan_xxaa/nrf_pwr_mgmt.c.o
 .bss.m_shutdown_started
                0x00000000200026a0        0x1 _build/smart_fan_xxaa/nrf_pwr_mgmt.c.o
 *fill*         0x00000000200026a1        0x3 
 .bss.m_handlers_iter
                0x00000000200026a4        0x8 _build/smart_fan_xxaa/nrf_pwr_mgmt.c.o
 .bss.m_cb      0x00000000200026ac       0x5c _build/smart_fan_xxaa/nrfx_gpiote.c.o
 .bss.m_prs_box_4
                0x0000000020002708        0x8 _build/smart_fan_xxaa/nrfx_prs.c.o
 .bss.m_channel_type
                0x0000000020002710        0x1 _build/smart_fan_xxaa/ant_state_indicator.c.o
 .bss.m_stable_state
                0x0000000020002711        0x1 _build/smart_fan_xxaa/bsp.c.o
 .bss.m_leds_clear
                0x0000000020002712        0x1 _build/smart_fan_xxaa/bsp.c.o
 *fill*         0x0000000020002713        0x1 
 .bss.m_indication_type
                0x0000000020002714        0x4 _build/smart_fan_xxaa/bsp.c.o
 .bss.m_alert_on
                0x0000000020002718        0x1 _build/smart_fan_xxaa/bsp.c.o
 *fill*         0x0000000020002719        0x3 
 .bss.m_bsp_leds_tmr_data
                0x000000002000271c       0x20 _build/smart_fan_xxaa/bsp.c.o
 .bss.m_bsp_alert_tmr_data
                0x000000002000273c       0x20 _build/smart_fan_xxaa/bsp.c.o
 .bss.m_events_list
                0x000000002000275c        0xc _build/smart_fan_xxaa/bsp.c.o
 .bss.m_connected
                0x0000000020002768        0x1 _build/smart_fan_xxaa/bsp_btn_ant.c.o
 .bss.m_channel_type
                0x0000000020002769        0x1 _build/smart_fan_xxaa/bsp_btn_ant.c.o
 .bss.m_nrf_sdh_enabled
                0x000000002000276a        0x1 _build/smart_fan_xxaa/nrf_sdh.c.o
 *fill*         0x000000002000276b        0x1 
 .bss.m_ant_stack_buffer
                0x000000002000276c       0x80 _build/smart_fan_xxaa/nrf_sdh_ant.c.o
 .bss.m_stack_is_enabled
                0x00000000200027ec        0x1 _build/smart_fan_xxaa/nrf_sdh_ant.c.o
 *(COMMON)
 *fill*         0x00000000200027ed        0x3 
 COMMON         0x00000000200027f0        0xc _build/smart_fan_xxaa/app_util_platform.c.o
                0x00000000200027f0                nrf_nvic_state
                0x00000000200027fc                . = ALIGN (0x4)
                0x00000000200027fc                __bss_end__ = .

.heap           0x0000000020002800     0x2000
                0x0000000020002800                __HeapBase = .
                0x0000000020002800                __end__ = .
                [!provide]                        PROVIDE (end = .)
 *(.heap*)
 .heap          0x0000000020002800     0x2000 _build/smart_fan_xxaa/gcc_startup_nrf52.S.o
                0x0000000020004800                __HeapLimit = .

.stack_dummy    0x0000000020002800     0x2000
 *(.stack*)
 .stack         0x0000000020002800     0x2000 _build/smart_fan_xxaa/gcc_startup_nrf52.S.o
                0x00000000200113b0                __StackTop = (ORIGIN (RAM) + LENGTH (RAM))
                0x000000002000f3b0                __StackLimit = (__StackTop - SIZEOF (.stack_dummy))
                0x00000000200113b0                PROVIDE (__stack = __StackTop)
                0x0000000000000001                ASSERT ((__StackLimit >= __HeapLimit), region RAM overflowed with stack)
                0x0000000000000118                DataInitFlashUsed = (__bss_start__ - __data_start__)
                0x000000000000521c                CodeFlashUsed = (__etext - ORIGIN (FLASH))
                0x0000000000005334                TotalFlashUsed = (CodeFlashUsed + DataInitFlashUsed)
                0x0000000000000001                ASSERT ((TotalFlashUsed <= LENGTH (FLASH)), region FLASH overflowed with .data and user data)
OUTPUT(_build/smart_fan_xxaa.out elf32-littlearm)

.ARM.attributes
                0x0000000000000000       0x30
 .ARM.attributes
                0x0000000000000000       0x22 /home/noel/Dev/Tools/GNU_Tools_ARM_Embedded/7.3.1_2018q2/bin/../lib/gcc/arm-none-eabi/7.3.1/thumb/v7e-m/fpv4-sp/hard/crti.o
 .ARM.attributes
                0x0000000000000022       0x34 /home/noel/Dev/Tools/GNU_Tools_ARM_Embedded/7.3.1_2018q2/bin/../lib/gcc/arm-none-eabi/7.3.1/thumb/v7e-m/fpv4-sp/hard/crtbegin.o
 .ARM.attributes
                0x0000000000000056       0x20 /home/noel/Dev/Tools/GNU_Tools_ARM_Embedded/7.3.1_2018q2/bin/../lib/gcc/arm-none-eabi/7.3.1/../../../../arm-none-eabi/lib/thumb/v7e-m/fpv4-sp/hard/crt0.o
 .ARM.attributes
                0x0000000000000076       0x20 _build/smart_fan_xxaa/gcc_startup_nrf52.S.o
 .ARM.attributes
                0x0000000000000096       0x39 _build/smart_fan_xxaa/nrf_log_frontend.c.o
 .ARM.attributes
                0x00000000000000cf       0x39 _build/smart_fan_xxaa/boards.c.o
 .ARM.attributes
                0x0000000000000108       0x39 _build/smart_fan_xxaa/app_error.c.o
 .ARM.attributes
                0x0000000000000141       0x39 _build/smart_fan_xxaa/app_error_handler_gcc.c.o
 .ARM.attributes
                0x000000000000017a       0x39 _build/smart_fan_xxaa/app_error_weak.c.o
 .ARM.attributes
                0x00000000000001b3       0x39 _build/smart_fan_xxaa/app_timer.c.o
 .ARM.attributes
                0x00000000000001ec       0x39 _build/smart_fan_xxaa/app_util_platform.c.o
 .ARM.attributes
                0x0000000000000225       0x39 _build/smart_fan_xxaa/hardfault_handler_gcc.c.o
 .ARM.attributes
                0x000000000000025e       0x39 _build/smart_fan_xxaa/hardfault_implementation.c.o
 .ARM.attributes
                0x0000000000000297       0x39 _build/smart_fan_xxaa/nrf_atomic.c.o
 .ARM.attributes
                0x00000000000002d0       0x39 _build/smart_fan_xxaa/nrf_balloc.c.o
 .ARM.attributes
                0x0000000000000309       0x39 _build/smart_fan_xxaa/nrf_memobj.c.o
 .ARM.attributes
                0x0000000000000342       0x39 _build/smart_fan_xxaa/nrf_pwr_mgmt.c.o
 .ARM.attributes
                0x000000000000037b       0x39 _build/smart_fan_xxaa/nrf_section_iter.c.o
 .ARM.attributes
                0x00000000000003b4       0x39 _build/smart_fan_xxaa/nrf_strerror.c.o
 .ARM.attributes
                0x00000000000003ed       0x39 _build/smart_fan_xxaa/nrfx_gpiote.c.o
 .ARM.attributes
                0x0000000000000426       0x39 _build/smart_fan_xxaa/nrfx_prs.c.o
 .ARM.attributes
                0x000000000000045f       0x39 _build/smart_fan_xxaa/nrfx_uart.c.o
 .ARM.attributes
                0x0000000000000498       0x39 _build/smart_fan_xxaa/nrfx_uarte.c.o
 .ARM.attributes
                0x00000000000004d1       0x39 _build/smart_fan_xxaa/ant_hrm.c.o
 .ARM.attributes
                0x000000000000050a       0x39 _build/smart_fan_xxaa/ant_hrm_page_0.c.o
 .ARM.attributes
                0x0000000000000543       0x39 _build/smart_fan_xxaa/ant_hrm_page_1.c.o
 .ARM.attributes
                0x000000000000057c       0x39 _build/smart_fan_xxaa/ant_hrm_page_2.c.o
 .ARM.attributes
                0x00000000000005b5       0x39 _build/smart_fan_xxaa/ant_hrm_page_3.c.o
 .ARM.attributes
                0x00000000000005ee       0x39 _build/smart_fan_xxaa/ant_hrm_page_4.c.o
 .ARM.attributes
                0x0000000000000627       0x39 _build/smart_fan_xxaa/ant_state_indicator.c.o
 .ARM.attributes
                0x0000000000000660       0x39 _build/smart_fan_xxaa/bsp.c.o
 .ARM.attributes
                0x0000000000000699       0x39 _build/smart_fan_xxaa/bsp_btn_ant.c.o
 .ARM.attributes
                0x00000000000006d2       0x39 _build/smart_fan_xxaa/main.c.o
 .ARM.attributes
                0x000000000000070b       0x39 _build/smart_fan_xxaa/system_nrf52.c.o
 .ARM.attributes
                0x0000000000000744       0x39 _build/smart_fan_xxaa/nrf_sdh.c.o
 .ARM.attributes
                0x000000000000077d       0x39 _build/smart_fan_xxaa/nrf_sdh_ant.c.o
 .ARM.attributes
                0x00000000000007b6       0x34 /home/noel/Dev/Tools/GNU_Tools_ARM_Embedded/7.3.1_2018q2/bin/../lib/gcc/arm-none-eabi/7.3.1/../../../../arm-none-eabi/lib/thumb/v7e-m/fpv4-sp/hard/libc_nano.a(lib_a-exit.o)
 .ARM.attributes
                0x00000000000007ea       0x34 /home/noel/Dev/Tools/GNU_Tools_ARM_Embedded/7.3.1_2018q2/bin/../lib/gcc/arm-none-eabi/7.3.1/../../../../arm-none-eabi/lib/thumb/v7e-m/fpv4-sp/hard/libc_nano.a(lib_a-impure.o)
 .ARM.attributes
                0x000000000000081e       0x34 /home/noel/Dev/Tools/GNU_Tools_ARM_Embedded/7.3.1_2018q2/bin/../lib/gcc/arm-none-eabi/7.3.1/../../../../arm-none-eabi/lib/thumb/v7e-m/fpv4-sp/hard/libc_nano.a(lib_a-init.o)
 .ARM.attributes
                0x0000000000000852       0x34 /home/noel/Dev/Tools/GNU_Tools_ARM_Embedded/7.3.1_2018q2/bin/../lib/gcc/arm-none-eabi/7.3.1/../../../../arm-none-eabi/lib/thumb/v7e-m/fpv4-sp/hard/libc_nano.a(lib_a-memcpy-stub.o)
 .ARM.attributes
                0x0000000000000886       0x34 /home/noel/Dev/Tools/GNU_Tools_ARM_Embedded/7.3.1_2018q2/bin/../lib/gcc/arm-none-eabi/7.3.1/../../../../arm-none-eabi/lib/thumb/v7e-m/fpv4-sp/hard/libc_nano.a(lib_a-memset.o)
 .ARM.attributes
                0x00000000000008ba       0x34 /home/noel/Dev/Tools/GNU_Tools_ARM_Embedded/7.3.1_2018q2/bin/../lib/gcc/arm-none-eabi/7.3.1/../../../../arm-none-eabi/lib/thumb/v7e-m/fpv4-sp/hard/libnosys.a(_exit.o)
 .ARM.attributes
                0x00000000000008ee       0x22 /home/noel/Dev/Tools/GNU_Tools_ARM_Embedded/7.3.1_2018q2/bin/../lib/gcc/arm-none-eabi/7.3.1/thumb/v7e-m/fpv4-sp/hard/libgcc.a(_aeabi_uldivmod.o)
 .ARM.attributes
                0x0000000000000910       0x34 /home/noel/Dev/Tools/GNU_Tools_ARM_Embedded/7.3.1_2018q2/bin/../lib/gcc/arm-none-eabi/7.3.1/thumb/v7e-m/fpv4-sp/hard/libgcc.a(_udivmoddi4.o)
 .ARM.attributes
                0x0000000000000944       0x22 /home/noel/Dev/Tools/GNU_Tools_ARM_Embedded/7.3.1_2018q2/bin/../lib/gcc/arm-none-eabi/7.3.1/thumb/v7e-m/fpv4-sp/hard/libgcc.a(_dvmd_tls.o)
 .ARM.attributes
                0x0000000000000966       0x34 /home/noel/Dev/Tools/GNU_Tools_ARM_Embedded/7.3.1_2018q2/bin/../lib/gcc/arm-none-eabi/7.3.1/thumb/v7e-m/fpv4-sp/hard/crtend.o
 .ARM.attributes
                0x000000000000099a       0x22 /home/noel/Dev/Tools/GNU_Tools_ARM_Embedded/7.3.1_2018q2/bin/../lib/gcc/arm-none-eabi/7.3.1/thumb/v7e-m/fpv4-sp/hard/crtn.o

.comment        0x0000000000000000       0x7f
 .comment       0x0000000000000000       0x7f _build/smart_fan_xxaa/nrf_log_frontend.c.o
                                         0x80 (size before relaxing)
 .comment       0x000000000000007f       0x80 _build/smart_fan_xxaa/boards.c.o
 .comment       0x000000000000007f       0x80 _build/smart_fan_xxaa/app_error.c.o
 .comment       0x000000000000007f       0x80 _build/smart_fan_xxaa/app_error_handler_gcc.c.o
 .comment       0x000000000000007f       0x80 _build/smart_fan_xxaa/app_error_weak.c.o
 .comment       0x000000000000007f       0x80 _build/smart_fan_xxaa/app_timer.c.o
 .comment       0x000000000000007f       0x80 _build/smart_fan_xxaa/app_util_platform.c.o
 .comment       0x000000000000007f       0x80 _build/smart_fan_xxaa/hardfault_handler_gcc.c.o
 .comment       0x000000000000007f       0x80 _build/smart_fan_xxaa/hardfault_implementation.c.o
 .comment       0x000000000000007f       0x80 _build/smart_fan_xxaa/nrf_atomic.c.o
 .comment       0x000000000000007f       0x80 _build/smart_fan_xxaa/nrf_balloc.c.o
 .comment       0x000000000000007f       0x80 _build/smart_fan_xxaa/nrf_memobj.c.o
 .comment       0x000000000000007f       0x80 _build/smart_fan_xxaa/nrf_pwr_mgmt.c.o
 .comment       0x000000000000007f       0x80 _build/smart_fan_xxaa/nrf_section_iter.c.o
 .comment       0x000000000000007f       0x80 _build/smart_fan_xxaa/nrf_strerror.c.o
 .comment       0x000000000000007f       0x80 _build/smart_fan_xxaa/nrfx_gpiote.c.o
 .comment       0x000000000000007f       0x80 _build/smart_fan_xxaa/nrfx_prs.c.o
 .comment       0x000000000000007f       0x80 _build/smart_fan_xxaa/nrfx_uart.c.o
 .comment       0x000000000000007f       0x80 _build/smart_fan_xxaa/nrfx_uarte.c.o
 .comment       0x000000000000007f       0x80 _build/smart_fan_xxaa/ant_hrm.c.o
 .comment       0x000000000000007f       0x80 _build/smart_fan_xxaa/ant_hrm_page_0.c.o
 .comment       0x000000000000007f       0x80 _build/smart_fan_xxaa/ant_hrm_page_1.c.o
 .comment       0x000000000000007f       0x80 _build/smart_fan_xxaa/ant_hrm_page_2.c.o
 .comment       0x000000000000007f       0x80 _build/smart_fan_xxaa/ant_hrm_page_3.c.o
 .comment       0x000000000000007f       0x80 _build/smart_fan_xxaa/ant_hrm_page_4.c.o
 .comment       0x000000000000007f       0x80 _build/smart_fan_xxaa/ant_state_indicator.c.o
 .comment       0x000000000000007f       0x80 _build/smart_fan_xxaa/bsp.c.o
 .comment       0x000000000000007f       0x80 _build/smart_fan_xxaa/bsp_btn_ant.c.o
 .comment       0x000000000000007f       0x80 _build/smart_fan_xxaa/main.c.o
 .comment       0x000000000000007f       0x80 _build/smart_fan_xxaa/system_nrf52.c.o
 .comment       0x000000000000007f       0x80 _build/smart_fan_xxaa/nrf_sdh.c.o
 .comment       0x000000000000007f       0x80 _build/smart_fan_xxaa/nrf_sdh_ant.c.o

.debug_line     0x0000000000000000    0x175fd
 .debug_line    0x0000000000000000       0x9f _build/smart_fan_xxaa/gcc_startup_nrf52.S.o
 .debug_line    0x000000000000009f     0x11b8 _build/smart_fan_xxaa/nrf_log_frontend.c.o
 .debug_line    0x0000000000001257      0xdbb _build/smart_fan_xxaa/boards.c.o
 .debug_line    0x0000000000002012      0x549 _build/smart_fan_xxaa/app_error.c.o
 .debug_line    0x000000000000255b      0x594 _build/smart_fan_xxaa/app_error_handler_gcc.c.o
 .debug_line    0x0000000000002aef      0xc2d _build/smart_fan_xxaa/app_error_weak.c.o
 .debug_line    0x000000000000371c     0x1041 _build/smart_fan_xxaa/app_timer.c.o
 .debug_line    0x000000000000475d      0x9c9 _build/smart_fan_xxaa/app_util_platform.c.o
 .debug_line    0x0000000000005126      0x57f _build/smart_fan_xxaa/hardfault_handler_gcc.c.o
 .debug_line    0x00000000000056a5      0xcc7 _build/smart_fan_xxaa/hardfault_implementation.c.o
 .debug_line    0x000000000000636c      0x723 _build/smart_fan_xxaa/nrf_atomic.c.o
 .debug_line    0x0000000000006a8f      0xb26 _build/smart_fan_xxaa/nrf_balloc.c.o
 .debug_line    0x00000000000075b5      0xbb7 _build/smart_fan_xxaa/nrf_memobj.c.o
 .debug_line    0x000000000000816c     0x115a _build/smart_fan_xxaa/nrf_pwr_mgmt.c.o
 .debug_line    0x00000000000092c6      0x5be _build/smart_fan_xxaa/nrf_section_iter.c.o
 .debug_line    0x0000000000009884      0x5a9 _build/smart_fan_xxaa/nrf_strerror.c.o
 .debug_line    0x0000000000009e2d     0x1658 _build/smart_fan_xxaa/nrfx_gpiote.c.o
 .debug_line    0x000000000000b485      0xd35 _build/smart_fan_xxaa/nrfx_prs.c.o
 .debug_line    0x000000000000c1ba     0x13da _build/smart_fan_xxaa/nrfx_uart.c.o
 .debug_line    0x000000000000d594     0x1379 _build/smart_fan_xxaa/nrfx_uarte.c.o
 .debug_line    0x000000000000e90d      0xf47 _build/smart_fan_xxaa/ant_hrm.c.o
 .debug_line    0x000000000000f854      0x7de _build/smart_fan_xxaa/ant_hrm_page_0.c.o
 .debug_line    0x0000000000010032      0x803 _build/smart_fan_xxaa/ant_hrm_page_1.c.o
 .debug_line    0x0000000000010835      0x76f _build/smart_fan_xxaa/ant_hrm_page_2.c.o
 .debug_line    0x0000000000010fa4      0x76d _build/smart_fan_xxaa/ant_hrm_page_3.c.o
 .debug_line    0x0000000000011711      0x7d7 _build/smart_fan_xxaa/ant_hrm_page_4.c.o
 .debug_line    0x0000000000011ee8      0xe42 _build/smart_fan_xxaa/ant_state_indicator.c.o
 .debug_line    0x0000000000012d2a      0xeb7 _build/smart_fan_xxaa/bsp.c.o
 .debug_line    0x0000000000013be1      0xd89 _build/smart_fan_xxaa/bsp_btn_ant.c.o
 .debug_line    0x000000000001496a      0xc14 _build/smart_fan_xxaa/main.c.o
 .debug_line    0x000000000001557e      0x574 _build/smart_fan_xxaa/system_nrf52.c.o
 .debug_line    0x0000000000015af2      0xe4e _build/smart_fan_xxaa/nrf_sdh.c.o
 .debug_line    0x0000000000016940      0xcbd _build/smart_fan_xxaa/nrf_sdh_ant.c.o

.debug_info     0x0000000000000000    0x31788
 .debug_info    0x0000000000000000       0x26 _build/smart_fan_xxaa/gcc_startup_nrf52.S.o
 .debug_info    0x0000000000000026     0x2ba7 _build/smart_fan_xxaa/nrf_log_frontend.c.o
 .debug_info    0x0000000000002bcd     0x1c4d _build/smart_fan_xxaa/boards.c.o
 .debug_info    0x000000000000481a      0xac2 _build/smart_fan_xxaa/app_error.c.o
 .debug_info    0x00000000000052dc      0x96b _build/smart_fan_xxaa/app_error_handler_gcc.c.o
 .debug_info    0x0000000000005c47     0x17b0 _build/smart_fan_xxaa/app_error_weak.c.o
 .debug_info    0x00000000000073f7     0x2639 _build/smart_fan_xxaa/app_timer.c.o
 .debug_info    0x0000000000009a30     0x1bdc _build/smart_fan_xxaa/app_util_platform.c.o
 .debug_info    0x000000000000b60c      0x917 _build/smart_fan_xxaa/hardfault_handler_gcc.c.o
 .debug_info    0x000000000000bf23     0x18dc _build/smart_fan_xxaa/hardfault_implementation.c.o
 .debug_info    0x000000000000d7ff     0x1091 _build/smart_fan_xxaa/nrf_atomic.c.o
 .debug_info    0x000000000000e890     0x1740 _build/smart_fan_xxaa/nrf_balloc.c.o
 .debug_info    0x000000000000ffd0     0x1a0a _build/smart_fan_xxaa/nrf_memobj.c.o
 .debug_info    0x00000000000119da     0x22ba _build/smart_fan_xxaa/nrf_pwr_mgmt.c.o
 .debug_info    0x0000000000013c94      0xa24 _build/smart_fan_xxaa/nrf_section_iter.c.o
 .debug_info    0x00000000000146b8      0xa30 _build/smart_fan_xxaa/nrf_strerror.c.o
 .debug_info    0x00000000000150e8     0x3302 _build/smart_fan_xxaa/nrfx_gpiote.c.o
 .debug_info    0x00000000000183ea     0x1afb _build/smart_fan_xxaa/nrfx_prs.c.o
 .debug_info    0x0000000000019ee5     0x3051 _build/smart_fan_xxaa/nrfx_uart.c.o
 .debug_info    0x000000000001cf36     0x3172 _build/smart_fan_xxaa/nrfx_uarte.c.o
 .debug_info    0x00000000000200a8     0x21fe _build/smart_fan_xxaa/ant_hrm.c.o
 .debug_info    0x00000000000222a6      0xba1 _build/smart_fan_xxaa/ant_hrm_page_0.c.o
 .debug_info    0x0000000000022e47      0xbd8 _build/smart_fan_xxaa/ant_hrm_page_1.c.o
 .debug_info    0x0000000000023a1f      0xb89 _build/smart_fan_xxaa/ant_hrm_page_2.c.o
 .debug_info    0x00000000000245a8      0xb79 _build/smart_fan_xxaa/ant_hrm_page_3.c.o
 .debug_info    0x0000000000025121      0xb89 _build/smart_fan_xxaa/ant_hrm_page_4.c.o
 .debug_info    0x0000000000025caa     0x1993 _build/smart_fan_xxaa/ant_state_indicator.c.o
 .debug_info    0x000000000002763d     0x1d67 _build/smart_fan_xxaa/bsp.c.o
 .debug_info    0x00000000000293a4     0x190f _build/smart_fan_xxaa/bsp_btn_ant.c.o
 .debug_info    0x000000000002acb3     0x1941 _build/smart_fan_xxaa/main.c.o
 .debug_info    0x000000000002c5f4     0x10c1 _build/smart_fan_xxaa/system_nrf52.c.o
 .debug_info    0x000000000002d6b5     0x22c0 _build/smart_fan_xxaa/nrf_sdh.c.o
 .debug_info    0x000000000002f975     0x1e13 _build/smart_fan_xxaa/nrf_sdh_ant.c.o

.debug_abbrev   0x0000000000000000     0x5d66
 .debug_abbrev  0x0000000000000000       0x14 _build/smart_fan_xxaa/gcc_startup_nrf52.S.o
 .debug_abbrev  0x0000000000000014      0x4b8 _build/smart_fan_xxaa/nrf_log_frontend.c.o
 .debug_abbrev  0x00000000000004cc      0x366 _build/smart_fan_xxaa/boards.c.o
 .debug_abbrev  0x0000000000000832      0x218 _build/smart_fan_xxaa/app_error.c.o
 .debug_abbrev  0x0000000000000a4a      0x1c0 _build/smart_fan_xxaa/app_error_handler_gcc.c.o
 .debug_abbrev  0x0000000000000c0a      0x28b _build/smart_fan_xxaa/app_error_weak.c.o
 .debug_abbrev  0x0000000000000e95      0x428 _build/smart_fan_xxaa/app_timer.c.o
 .debug_abbrev  0x00000000000012bd      0x3ba _build/smart_fan_xxaa/app_util_platform.c.o
 .debug_abbrev  0x0000000000001677      0x1b1 _build/smart_fan_xxaa/hardfault_handler_gcc.c.o
 .debug_abbrev  0x0000000000001828      0x2bf _build/smart_fan_xxaa/hardfault_implementation.c.o
 .debug_abbrev  0x0000000000001ae7      0x259 _build/smart_fan_xxaa/nrf_atomic.c.o
 .debug_abbrev  0x0000000000001d40      0x2e9 _build/smart_fan_xxaa/nrf_balloc.c.o
 .debug_abbrev  0x0000000000002029      0x2ac _build/smart_fan_xxaa/nrf_memobj.c.o
 .debug_abbrev  0x00000000000022d5      0x42e _build/smart_fan_xxaa/nrf_pwr_mgmt.c.o
 .debug_abbrev  0x0000000000002703      0x1da _build/smart_fan_xxaa/nrf_section_iter.c.o
 .debug_abbrev  0x00000000000028dd      0x1f6 _build/smart_fan_xxaa/nrf_strerror.c.o
 .debug_abbrev  0x0000000000002ad3      0x442 _build/smart_fan_xxaa/nrfx_gpiote.c.o
 .debug_abbrev  0x0000000000002f15      0x30c _build/smart_fan_xxaa/nrfx_prs.c.o
 .debug_abbrev  0x0000000000003221      0x429 _build/smart_fan_xxaa/nrfx_uart.c.o
 .debug_abbrev  0x000000000000364a      0x40f _build/smart_fan_xxaa/nrfx_uarte.c.o
 .debug_abbrev  0x0000000000003a59      0x369 _build/smart_fan_xxaa/ant_hrm.c.o
 .debug_abbrev  0x0000000000003dc2      0x21f _build/smart_fan_xxaa/ant_hrm_page_0.c.o
 .debug_abbrev  0x0000000000003fe1      0x262 _build/smart_fan_xxaa/ant_hrm_page_1.c.o
 .debug_abbrev  0x0000000000004243      0x21f _build/smart_fan_xxaa/ant_hrm_page_2.c.o
 .debug_abbrev  0x0000000000004462      0x21f _build/smart_fan_xxaa/ant_hrm_page_3.c.o
 .debug_abbrev  0x0000000000004681      0x21f _build/smart_fan_xxaa/ant_hrm_page_4.c.o
 .debug_abbrev  0x00000000000048a0      0x2cc _build/smart_fan_xxaa/ant_state_indicator.c.o
 .debug_abbrev  0x0000000000004b6c      0x37e _build/smart_fan_xxaa/bsp.c.o
 .debug_abbrev  0x0000000000004eea      0x2cc _build/smart_fan_xxaa/bsp_btn_ant.c.o
 .debug_abbrev  0x00000000000051b6      0x30a _build/smart_fan_xxaa/main.c.o
 .debug_abbrev  0x00000000000054c0      0x1e1 _build/smart_fan_xxaa/system_nrf52.c.o
 .debug_abbrev  0x00000000000056a1      0x3e9 _build/smart_fan_xxaa/nrf_sdh.c.o
 .debug_abbrev  0x0000000000005a8a      0x2dc _build/smart_fan_xxaa/nrf_sdh_ant.c.o

.debug_aranges  0x0000000000000000     0x2dd0
 .debug_aranges
                0x0000000000000000       0x20 _build/smart_fan_xxaa/gcc_startup_nrf52.S.o
 .debug_aranges
                0x0000000000000020      0x298 _build/smart_fan_xxaa/nrf_log_frontend.c.o
 .debug_aranges
                0x00000000000002b8      0x248 _build/smart_fan_xxaa/boards.c.o
 .debug_aranges
                0x0000000000000500       0x28 _build/smart_fan_xxaa/app_error.c.o
 .debug_aranges
                0x0000000000000528       0x20 _build/smart_fan_xxaa/app_error_handler_gcc.c.o
 .debug_aranges
                0x0000000000000548      0x190 _build/smart_fan_xxaa/app_error_weak.c.o
 .debug_aranges
                0x00000000000006d8      0x298 _build/smart_fan_xxaa/app_timer.c.o
 .debug_aranges
                0x0000000000000970      0x1c0 _build/smart_fan_xxaa/app_util_platform.c.o
 .debug_aranges
                0x0000000000000b30       0x20 _build/smart_fan_xxaa/hardfault_handler_gcc.c.o
 .debug_aranges
                0x0000000000000b50      0x180 _build/smart_fan_xxaa/hardfault_implementation.c.o
 .debug_aranges
                0x0000000000000cd0       0xb8 _build/smart_fan_xxaa/nrf_atomic.c.o
 .debug_aranges
                0x0000000000000d88      0x190 _build/smart_fan_xxaa/nrf_balloc.c.o
 .debug_aranges
                0x0000000000000f18      0x1a8 _build/smart_fan_xxaa/nrf_memobj.c.o
 .debug_aranges
                0x00000000000010c0      0x1d0 _build/smart_fan_xxaa/nrf_pwr_mgmt.c.o
 .debug_aranges
                0x0000000000001290       0x28 _build/smart_fan_xxaa/nrf_section_iter.c.o
 .debug_aranges
                0x00000000000012b8       0x28 _build/smart_fan_xxaa/nrf_strerror.c.o
 .debug_aranges
                0x00000000000012e0      0x3f0 _build/smart_fan_xxaa/nrfx_gpiote.c.o
 .debug_aranges
                0x00000000000016d0      0x188 _build/smart_fan_xxaa/nrfx_prs.c.o
 .debug_aranges
                0x0000000000001858      0x340 _build/smart_fan_xxaa/nrfx_uart.c.o
 .debug_aranges
                0x0000000000001b98      0x330 _build/smart_fan_xxaa/nrfx_uarte.c.o
 .debug_aranges
                0x0000000000001ec8      0x250 _build/smart_fan_xxaa/ant_hrm.c.o
 .debug_aranges
                0x0000000000002118       0x30 _build/smart_fan_xxaa/ant_hrm_page_0.c.o
 .debug_aranges
                0x0000000000002148       0x40 _build/smart_fan_xxaa/ant_hrm_page_1.c.o
 .debug_aranges
                0x0000000000002188       0x30 _build/smart_fan_xxaa/ant_hrm_page_2.c.o
 .debug_aranges
                0x00000000000021b8       0x30 _build/smart_fan_xxaa/ant_hrm_page_3.c.o
 .debug_aranges
                0x00000000000021e8       0x30 _build/smart_fan_xxaa/ant_hrm_page_4.c.o
 .debug_aranges
                0x0000000000002218      0x188 _build/smart_fan_xxaa/ant_state_indicator.c.o
 .debug_aranges
                0x00000000000023a0      0x1f0 _build/smart_fan_xxaa/bsp.c.o
 .debug_aranges
                0x0000000000002590      0x190 _build/smart_fan_xxaa/bsp_btn_ant.c.o
 .debug_aranges
                0x0000000000002720      0x1c0 _build/smart_fan_xxaa/main.c.o
 .debug_aranges
                0x00000000000028e0       0x88 _build/smart_fan_xxaa/system_nrf52.c.o
 .debug_aranges
                0x0000000000002968      0x258 _build/smart_fan_xxaa/nrf_sdh.c.o
 .debug_aranges
                0x0000000000002bc0      0x210 _build/smart_fan_xxaa/nrf_sdh_ant.c.o

.debug_str      0x0000000000000000    0x820bf
 .debug_str     0x0000000000000000       0x89 _build/smart_fan_xxaa/gcc_startup_nrf52.S.o
 .debug_str     0x0000000000000089    0x6cbd5 _build/smart_fan_xxaa/nrf_log_frontend.c.o
                                      0x6db3c (size before relaxing)
 .debug_str     0x000000000006cc5e     0x3e64 _build/smart_fan_xxaa/boards.c.o
                                      0x6cd8a (size before relaxing)
 .debug_str     0x0000000000070ac2      0x10c _build/smart_fan_xxaa/app_error.c.o
                                      0x60a32 (size before relaxing)
 .debug_str     0x0000000000070bce       0x6f _build/smart_fan_xxaa/app_error_handler_gcc.c.o
                                      0x67c92 (size before relaxing)
 .debug_str     0x0000000000070c3d      0xb82 _build/smart_fan_xxaa/app_error_weak.c.o
                                      0x6d7fd (size before relaxing)
 .debug_str     0x00000000000717bf      0xe8b _build/smart_fan_xxaa/app_timer.c.o
                                      0x6cd3a (size before relaxing)
 .debug_str     0x000000000007264a      0x2a4 _build/smart_fan_xxaa/app_util_platform.c.o
                                      0x62731 (size before relaxing)
 .debug_str     0x00000000000728ee       0x82 _build/smart_fan_xxaa/hardfault_handler_gcc.c.o
                                      0x67190 (size before relaxing)
 .debug_str     0x0000000000072970      0x19e _build/smart_fan_xxaa/hardfault_implementation.c.o
                                      0x6ce74 (size before relaxing)
 .debug_str     0x0000000000072b0e      0x730 _build/smart_fan_xxaa/nrf_atomic.c.o
                                      0x67884 (size before relaxing)
 .debug_str     0x000000000007323e      0x17d _build/smart_fan_xxaa/nrf_balloc.c.o
                                      0x6ca41 (size before relaxing)
 .debug_str     0x00000000000733bb      0x221 _build/smart_fan_xxaa/nrf_memobj.c.o
                                      0x6ae08 (size before relaxing)
 .debug_str     0x00000000000735dc     0x12e8 _build/smart_fan_xxaa/nrf_pwr_mgmt.c.o
                                      0x70c2a (size before relaxing)
 .debug_str     0x00000000000748c4       0x99 _build/smart_fan_xxaa/nrf_section_iter.c.o
                                      0x676ac (size before relaxing)
 .debug_str     0x000000000007495d      0x106 _build/smart_fan_xxaa/nrf_strerror.c.o
                                      0x67249 (size before relaxing)
 .debug_str     0x0000000000074a63     0x1bd9 _build/smart_fan_xxaa/nrfx_gpiote.c.o
                                      0x7086d (size before relaxing)
 .debug_str     0x000000000007663c      0x4b7 _build/smart_fan_xxaa/nrfx_prs.c.o
                                      0x6ed28 (size before relaxing)
 .debug_str     0x0000000000076af3      0xd79 _build/smart_fan_xxaa/nrfx_uart.c.o
                                      0x6fec9 (size before relaxing)
 .debug_str     0x000000000007786c      0xf00 _build/smart_fan_xxaa/nrfx_uarte.c.o
                                      0x702ba (size before relaxing)
 .debug_str     0x000000000007876c     0x72dc _build/smart_fan_xxaa/ant_hrm.c.o
                                      0x71b84 (size before relaxing)
 .debug_str     0x000000000007fa48      0x204 _build/smart_fan_xxaa/ant_hrm_page_0.c.o
                                      0x69f07 (size before relaxing)
 .debug_str     0x000000000007fc4c      0x1cd _build/smart_fan_xxaa/ant_hrm_page_1.c.o
                                      0x69ed1 (size before relaxing)
 .debug_str     0x000000000007fe19      0x1a6 _build/smart_fan_xxaa/ant_hrm_page_2.c.o
                                      0x69b7e (size before relaxing)
 .debug_str     0x000000000007ffbf      0x188 _build/smart_fan_xxaa/ant_hrm_page_3.c.o
                                      0x69b7e (size before relaxing)
 .debug_str     0x0000000000080147      0x1a4 _build/smart_fan_xxaa/ant_hrm_page_4.c.o
                                      0x69eb4 (size before relaxing)
 .debug_str     0x00000000000802eb      0x761 _build/smart_fan_xxaa/ant_state_indicator.c.o
                                      0x72d9d (size before relaxing)
 .debug_str     0x0000000000080a4c      0xab9 _build/smart_fan_xxaa/bsp.c.o
                                      0x6dd05 (size before relaxing)
 .debug_str     0x0000000000081505       0xd8 _build/smart_fan_xxaa/bsp_btn_ant.c.o
                                      0x7266e (size before relaxing)
 .debug_str     0x00000000000815dd       0x53 _build/smart_fan_xxaa/main.c.o
                                      0x6bc41 (size before relaxing)
 .debug_str     0x0000000000081630      0x387 _build/smart_fan_xxaa/system_nrf52.c.o
                                      0x5c4f1 (size before relaxing)
 .debug_str     0x00000000000819b7      0x537 _build/smart_fan_xxaa/nrf_sdh.c.o
                                      0x6d5f6 (size before relaxing)
 .debug_str     0x0000000000081eee      0x1d1 _build/smart_fan_xxaa/nrf_sdh_ant.c.o
                                      0x70dc9 (size before relaxing)

.debug_ranges   0x0000000000000000     0x2be0
 .debug_ranges  0x0000000000000000      0x288 _build/smart_fan_xxaa/nrf_log_frontend.c.o
 .debug_ranges  0x0000000000000288      0x238 _build/smart_fan_xxaa/boards.c.o
 .debug_ranges  0x00000000000004c0       0x18 _build/smart_fan_xxaa/app_error.c.o
 .debug_ranges  0x00000000000004d8       0x10 _build/smart_fan_xxaa/app_error_handler_gcc.c.o
 .debug_ranges  0x00000000000004e8      0x180 _build/smart_fan_xxaa/app_error_weak.c.o
 .debug_ranges  0x0000000000000668      0x288 _build/smart_fan_xxaa/app_timer.c.o
 .debug_ranges  0x00000000000008f0      0x1b0 _build/smart_fan_xxaa/app_util_platform.c.o
 .debug_ranges  0x0000000000000aa0       0x10 _build/smart_fan_xxaa/hardfault_handler_gcc.c.o
 .debug_ranges  0x0000000000000ab0      0x170 _build/smart_fan_xxaa/hardfault_implementation.c.o
 .debug_ranges  0x0000000000000c20       0xa8 _build/smart_fan_xxaa/nrf_atomic.c.o
 .debug_ranges  0x0000000000000cc8      0x180 _build/smart_fan_xxaa/nrf_balloc.c.o
 .debug_ranges  0x0000000000000e48      0x198 _build/smart_fan_xxaa/nrf_memobj.c.o
 .debug_ranges  0x0000000000000fe0      0x1d8 _build/smart_fan_xxaa/nrf_pwr_mgmt.c.o
 .debug_ranges  0x00000000000011b8       0x18 _build/smart_fan_xxaa/nrf_section_iter.c.o
 .debug_ranges  0x00000000000011d0       0x18 _build/smart_fan_xxaa/nrf_strerror.c.o
 .debug_ranges  0x00000000000011e8      0x3e0 _build/smart_fan_xxaa/nrfx_gpiote.c.o
 .debug_ranges  0x00000000000015c8      0x178 _build/smart_fan_xxaa/nrfx_prs.c.o
 .debug_ranges  0x0000000000001740      0x330 _build/smart_fan_xxaa/nrfx_uart.c.o
 .debug_ranges  0x0000000000001a70      0x320 _build/smart_fan_xxaa/nrfx_uarte.c.o
 .debug_ranges  0x0000000000001d90      0x240 _build/smart_fan_xxaa/ant_hrm.c.o
 .debug_ranges  0x0000000000001fd0       0x20 _build/smart_fan_xxaa/ant_hrm_page_0.c.o
 .debug_ranges  0x0000000000001ff0       0x30 _build/smart_fan_xxaa/ant_hrm_page_1.c.o
 .debug_ranges  0x0000000000002020       0x20 _build/smart_fan_xxaa/ant_hrm_page_2.c.o
 .debug_ranges  0x0000000000002040       0x20 _build/smart_fan_xxaa/ant_hrm_page_3.c.o
 .debug_ranges  0x0000000000002060       0x20 _build/smart_fan_xxaa/ant_hrm_page_4.c.o
 .debug_ranges  0x0000000000002080      0x178 _build/smart_fan_xxaa/ant_state_indicator.c.o
 .debug_ranges  0x00000000000021f8      0x1e0 _build/smart_fan_xxaa/bsp.c.o
 .debug_ranges  0x00000000000023d8      0x180 _build/smart_fan_xxaa/bsp_btn_ant.c.o
 .debug_ranges  0x0000000000002558      0x1b0 _build/smart_fan_xxaa/main.c.o
 .debug_ranges  0x0000000000002708       0x78 _build/smart_fan_xxaa/system_nrf52.c.o
 .debug_ranges  0x0000000000002780      0x248 _build/smart_fan_xxaa/nrf_sdh.c.o
 .debug_ranges  0x00000000000029c8      0x218 _build/smart_fan_xxaa/nrf_sdh_ant.c.o

.debug_macro    0x0000000000000000     0x7a9c
 .debug_macro   0x0000000000000000      0x3ee _build/smart_fan_xxaa/nrf_log_frontend.c.o
 .debug_macro   0x00000000000003ee       0x16 _build/smart_fan_xxaa/nrf_log_frontend.c.o
 .debug_macro   0x0000000000000404       0x9a _build/smart_fan_xxaa/nrf_log_frontend.c.o
 .debug_macro   0x000000000000049e       0x9e _build/smart_fan_xxaa/nrf_log_frontend.c.o
 .debug_macro   0x000000000000053c      0x369 _build/smart_fan_xxaa/boards.c.o
 .debug_macro   0x00000000000008a5       0x22 _build/smart_fan_xxaa/boards.c.o
 .debug_macro   0x00000000000008c7       0x3f _build/smart_fan_xxaa/boards.c.o
 .debug_macro   0x0000000000000906       0x16 _build/smart_fan_xxaa/boards.c.o
 .debug_macro   0x000000000000091c       0x19 _build/smart_fan_xxaa/boards.c.o
 .debug_macro   0x0000000000000935       0x7b _build/smart_fan_xxaa/boards.c.o
 .debug_macro   0x00000000000009b0       0x16 _build/smart_fan_xxaa/boards.c.o
 .debug_macro   0x00000000000009c6      0x25a _build/smart_fan_xxaa/boards.c.o
 .debug_macro   0x0000000000000c20      0x16d _build/smart_fan_xxaa/boards.c.o
 .debug_macro   0x0000000000000d8d      0x21f _build/smart_fan_xxaa/app_error.c.o
 .debug_macro   0x0000000000000fac       0x35 _build/smart_fan_xxaa/app_error.c.o
 .debug_macro   0x0000000000000fe1       0x97 _build/smart_fan_xxaa/app_error.c.o
 .debug_macro   0x0000000000001078       0xf6 _build/smart_fan_xxaa/app_error.c.o
 .debug_macro   0x000000000000116e      0x27b _build/smart_fan_xxaa/app_error_handler_gcc.c.o
 .debug_macro   0x00000000000013e9      0x3aa _build/smart_fan_xxaa/app_error_weak.c.o
 .debug_macro   0x0000000000001793       0x16 _build/smart_fan_xxaa/app_error_weak.c.o
 .debug_macro   0x00000000000017a9       0x1c _build/smart_fan_xxaa/app_error_weak.c.o
 .debug_macro   0x00000000000017c5      0x114 _build/smart_fan_xxaa/app_error_weak.c.o
 .debug_macro   0x00000000000018d9      0x415 _build/smart_fan_xxaa/app_timer.c.o
 .debug_macro   0x0000000000001cee       0x3c _build/smart_fan_xxaa/app_timer.c.o
 .debug_macro   0x0000000000001d2a       0x45 _build/smart_fan_xxaa/app_timer.c.o
 .debug_macro   0x0000000000001d6f      0x269 _build/smart_fan_xxaa/app_util_platform.c.o
 .debug_macro   0x0000000000001fd8      0x204 _build/smart_fan_xxaa/hardfault_handler_gcc.c.o
 .debug_macro   0x00000000000021dc      0x3a8 _build/smart_fan_xxaa/hardfault_implementation.c.o
 .debug_macro   0x0000000000002584      0x17b _build/smart_fan_xxaa/hardfault_implementation.c.o
 .debug_macro   0x00000000000026ff      0x223 _build/smart_fan_xxaa/nrf_atomic.c.o
 .debug_macro   0x0000000000002922       0x42 _build/smart_fan_xxaa/nrf_atomic.c.o
 .debug_macro   0x0000000000002964      0x356 _build/smart_fan_xxaa/nrf_balloc.c.o
 .debug_macro   0x0000000000002cba       0x10 _build/smart_fan_xxaa/nrf_balloc.c.o
 .debug_macro   0x0000000000002cca      0x33d _build/smart_fan_xxaa/nrf_memobj.c.o
 .debug_macro   0x0000000000003007      0x10e _build/smart_fan_xxaa/nrf_memobj.c.o
 .debug_macro   0x0000000000003115       0x86 _build/smart_fan_xxaa/nrf_memobj.c.o
 .debug_macro   0x000000000000319b       0x54 _build/smart_fan_xxaa/nrf_memobj.c.o
 .debug_macro   0x00000000000031ef      0x512 _build/smart_fan_xxaa/nrf_pwr_mgmt.c.o
 .debug_macro   0x0000000000003701       0x11 _build/smart_fan_xxaa/nrf_pwr_mgmt.c.o
 .debug_macro   0x0000000000003712       0x10 _build/smart_fan_xxaa/nrf_pwr_mgmt.c.o
 .debug_macro   0x0000000000003722       0x22 _build/smart_fan_xxaa/nrf_pwr_mgmt.c.o
 .debug_macro   0x0000000000003744       0x31 _build/smart_fan_xxaa/nrf_pwr_mgmt.c.o
 .debug_macro   0x0000000000003775      0x232 _build/smart_fan_xxaa/nrf_section_iter.c.o
 .debug_macro   0x00000000000039a7      0x218 _build/smart_fan_xxaa/nrf_strerror.c.o
 .debug_macro   0x0000000000003bbf      0x446 _build/smart_fan_xxaa/nrfx_gpiote.c.o
 .debug_macro   0x0000000000004005       0x1c _build/smart_fan_xxaa/nrfx_gpiote.c.o
 .debug_macro   0x0000000000004021       0x16 _build/smart_fan_xxaa/nrfx_gpiote.c.o
 .debug_macro   0x0000000000004037       0x1c _build/smart_fan_xxaa/nrfx_gpiote.c.o
 .debug_macro   0x0000000000004053       0x37 _build/smart_fan_xxaa/nrfx_gpiote.c.o
 .debug_macro   0x000000000000408a       0x42 _build/smart_fan_xxaa/nrfx_gpiote.c.o
 .debug_macro   0x00000000000040cc      0x3fb _build/smart_fan_xxaa/nrfx_prs.c.o
 .debug_macro   0x00000000000044c7       0x28 _build/smart_fan_xxaa/nrfx_prs.c.o
 .debug_macro   0x00000000000044ef      0x416 _build/smart_fan_xxaa/nrfx_uart.c.o
 .debug_macro   0x0000000000004905      0x428 _build/smart_fan_xxaa/nrfx_uarte.c.o
 .debug_macro   0x0000000000004d2d      0x3c0 _build/smart_fan_xxaa/ant_hrm.c.o
 .debug_macro   0x00000000000050ed       0x35 _build/smart_fan_xxaa/ant_hrm.c.o
 .debug_macro   0x0000000000005122       0x10 _build/smart_fan_xxaa/ant_hrm.c.o
 .debug_macro   0x0000000000005132       0x10 _build/smart_fan_xxaa/ant_hrm.c.o
 .debug_macro   0x0000000000005142       0x10 _build/smart_fan_xxaa/ant_hrm.c.o
 .debug_macro   0x0000000000005152       0x10 _build/smart_fan_xxaa/ant_hrm.c.o
 .debug_macro   0x0000000000005162       0x10 _build/smart_fan_xxaa/ant_hrm.c.o
 .debug_macro   0x0000000000005172       0x5b _build/smart_fan_xxaa/ant_hrm.c.o
 .debug_macro   0x00000000000051cd       0x51 _build/smart_fan_xxaa/ant_hrm.c.o
 .debug_macro   0x000000000000521e       0x40 _build/smart_fan_xxaa/ant_hrm.c.o
 .debug_macro   0x000000000000525e      0x175 _build/smart_fan_xxaa/ant_hrm.c.o
 .debug_macro   0x00000000000053d3      0x297 _build/smart_fan_xxaa/ant_hrm_page_0.c.o
 .debug_macro   0x000000000000566a       0x3a _build/smart_fan_xxaa/ant_hrm_page_0.c.o
 .debug_macro   0x00000000000056a4      0x297 _build/smart_fan_xxaa/ant_hrm_page_1.c.o
 .debug_macro   0x000000000000593b      0x284 _build/smart_fan_xxaa/ant_hrm_page_2.c.o
 .debug_macro   0x0000000000005bbf      0x284 _build/smart_fan_xxaa/ant_hrm_page_3.c.o
 .debug_macro   0x0000000000005e43      0x297 _build/smart_fan_xxaa/ant_hrm_page_4.c.o
 .debug_macro   0x00000000000060da      0x416 _build/smart_fan_xxaa/ant_state_indicator.c.o
 .debug_macro   0x00000000000064f0       0x1c _build/smart_fan_xxaa/ant_state_indicator.c.o
 .debug_macro   0x000000000000650c       0x2b _build/smart_fan_xxaa/ant_state_indicator.c.o
 .debug_macro   0x0000000000006537       0x10 _build/smart_fan_xxaa/ant_state_indicator.c.o
 .debug_macro   0x0000000000006547      0x3a1 _build/smart_fan_xxaa/bsp.c.o
 .debug_macro   0x00000000000068e8      0x100 _build/smart_fan_xxaa/bsp.c.o
 .debug_macro   0x00000000000069e8      0x3fd _build/smart_fan_xxaa/bsp_btn_ant.c.o
 .debug_macro   0x0000000000006de5      0x372 _build/smart_fan_xxaa/main.c.o
 .debug_macro   0x0000000000007157       0x10 _build/smart_fan_xxaa/main.c.o
 .debug_macro   0x0000000000007167       0xf1 _build/smart_fan_xxaa/system_nrf52.c.o
 .debug_macro   0x0000000000007258      0x385 _build/smart_fan_xxaa/nrf_sdh.c.o
 .debug_macro   0x00000000000075dd      0x16f _build/smart_fan_xxaa/nrf_sdh.c.o
 .debug_macro   0x000000000000774c      0x350 _build/smart_fan_xxaa/nrf_sdh_ant.c.o

.debug_frame    0x0000000000000000     0x7fd4
 .debug_frame   0x0000000000000000      0x830 _build/smart_fan_xxaa/nrf_log_frontend.c.o
 .debug_frame   0x0000000000000830      0x6c4 _build/smart_fan_xxaa/boards.c.o
 .debug_frame   0x0000000000000ef4       0x5c _build/smart_fan_xxaa/app_error.c.o
 .debug_frame   0x0000000000000f50       0x20 _build/smart_fan_xxaa/app_error_handler_gcc.c.o
 .debug_frame   0x0000000000000f70      0x31c _build/smart_fan_xxaa/app_error_weak.c.o
 .debug_frame   0x000000000000128c      0x7ec _build/smart_fan_xxaa/app_timer.c.o
 .debug_frame   0x0000000000001a78      0x43c _build/smart_fan_xxaa/app_util_platform.c.o
 .debug_frame   0x0000000000001eb4       0x28 _build/smart_fan_xxaa/hardfault_handler_gcc.c.o
 .debug_frame   0x0000000000001edc      0x314 _build/smart_fan_xxaa/hardfault_implementation.c.o
 .debug_frame   0x00000000000021f0      0x324 _build/smart_fan_xxaa/nrf_atomic.c.o
 .debug_frame   0x0000000000002514      0x374 _build/smart_fan_xxaa/nrf_balloc.c.o
 .debug_frame   0x0000000000002888      0x3d0 _build/smart_fan_xxaa/nrf_memobj.c.o
 .debug_frame   0x0000000000002c58      0x470 _build/smart_fan_xxaa/nrf_pwr_mgmt.c.o
 .debug_frame   0x00000000000030c8       0x60 _build/smart_fan_xxaa/nrf_section_iter.c.o