Archive member included to satisfy reference by file (symbol)

/home/noel/Dev/Tools/GNU_Tools_ARM_Embedded/7.3.1_2018q2/bin/../lib/gcc/arm-none-eabi/7.3.1/../../../../arm-none-eabi/lib/thumb/v7e-m/fpv4-sp/hard/libc_nano.a(lib_a-exit.o)
                              /home/noel/Dev/Tools/GNU_Tools_ARM_Embedded/7.3.1_2018q2/bin/../lib/gcc/arm-none-eabi/7.3.1/../../../../arm-none-eabi/lib/thumb/v7e-m/fpv4-sp/hard/crt0.o (exit)
/home/noel/Dev/Tools/GNU_Tools_ARM_Embedded/7.3.1_2018q2/bin/../lib/gcc/arm-none-eabi/7.3.1/../../../../arm-none-eabi/lib/thumb/v7e-m/fpv4-sp/hard/libc_nano.a(lib_a-impure.o)
                              /home/noel/Dev/Tools/GNU_Tools_ARM_Embedded/7.3.1_2018q2/bin/../lib/gcc/arm-none-eabi/7.3.1/../../../../arm-none-eabi/lib/thumb/v7e-m/fpv4-sp/hard/libc_nano.a(lib_a-exit.o) (_global_impure_ptr)
/home/noel/Dev/Tools/GNU_Tools_ARM_Embedded/7.3.1_2018q2/bin/../lib/gcc/arm-none-eabi/7.3.1/../../../../arm-none-eabi/lib/thumb/v7e-m/fpv4-sp/hard/libc_nano.a(lib_a-init.o)
                              /home/noel/Dev/Tools/GNU_Tools_ARM_Embedded/7.3.1_2018q2/bin/../lib/gcc/arm-none-eabi/7.3.1/../../../../arm-none-eabi/lib/thumb/v7e-m/fpv4-sp/hard/crt0.o (__libc_init_array)
/home/noel/Dev/Tools/GNU_Tools_ARM_Embedded/7.3.1_2018q2/bin/../lib/gcc/arm-none-eabi/7.3.1/../../../../arm-none-eabi/lib/thumb/v7e-m/fpv4-sp/hard/libc_nano.a(lib_a-locale.o)
                              build/smartfan_xxaa/nrf_log_str_formatter.c.o (__locale_ctype_ptr)
/home/noel/Dev/Tools/GNU_Tools_ARM_Embedded/7.3.1_2018q2/bin/../lib/gcc/arm-none-eabi/7.3.1/../../../../arm-none-eabi/lib/thumb/v7e-m/fpv4-sp/hard/libc_nano.a(lib_a-mbtowc_r.o)
                              /home/noel/Dev/Tools/GNU_Tools_ARM_Embedded/7.3.1_2018q2/bin/../lib/gcc/arm-none-eabi/7.3.1/../../../../arm-none-eabi/lib/thumb/v7e-m/fpv4-sp/hard/libc_nano.a(lib_a-locale.o) (__ascii_mbtowc)
/home/noel/Dev/Tools/GNU_Tools_ARM_Embedded/7.3.1_2018q2/bin/../lib/gcc/arm-none-eabi/7.3.1/../../../../arm-none-eabi/lib/thumb/v7e-m/fpv4-sp/hard/libc_nano.a(lib_a-memcpy-stub.o)
                              build/smartfan_xxaa/nrf_log_frontend.c.o (memcpy)
/home/noel/Dev/Tools/GNU_Tools_ARM_Embedded/7.3.1_2018q2/bin/../lib/gcc/arm-none-eabi/7.3.1/../../../../arm-none-eabi/lib/thumb/v7e-m/fpv4-sp/hard/libc_nano.a(lib_a-memset.o)
                              /home/noel/Dev/Tools/GNU_Tools_ARM_Embedded/7.3.1_2018q2/bin/../lib/gcc/arm-none-eabi/7.3.1/../../../../arm-none-eabi/lib/thumb/v7e-m/fpv4-sp/hard/crt0.o (memset)
/home/noel/Dev/Tools/GNU_Tools_ARM_Embedded/7.3.1_2018q2/bin/../lib/gcc/arm-none-eabi/7.3.1/../../../../arm-none-eabi/lib/thumb/v7e-m/fpv4-sp/hard/libc_nano.a(lib_a-strcmp.o)
                              /home/noel/Dev/Tools/GNU_Tools_ARM_Embedded/7.3.1_2018q2/bin/../lib/gcc/arm-none-eabi/7.3.1/../../../../arm-none-eabi/lib/thumb/v7e-m/fpv4-sp/hard/libc_nano.a(lib_a-locale.o) (strcmp)
/home/noel/Dev/Tools/GNU_Tools_ARM_Embedded/7.3.1_2018q2/bin/../lib/gcc/arm-none-eabi/7.3.1/../../../../arm-none-eabi/lib/thumb/v7e-m/fpv4-sp/hard/libc_nano.a(lib_a-strcpy.o)
                              build/smartfan_xxaa/SEGGER_RTT.c.o (strcpy)
/home/noel/Dev/Tools/GNU_Tools_ARM_Embedded/7.3.1_2018q2/bin/../lib/gcc/arm-none-eabi/7.3.1/../../../../arm-none-eabi/lib/thumb/v7e-m/fpv4-sp/hard/libc_nano.a(lib_a-strlen.o)
                              build/smartfan_xxaa/nrf_log_frontend.c.o (strlen)
/home/noel/Dev/Tools/GNU_Tools_ARM_Embedded/7.3.1_2018q2/bin/../lib/gcc/arm-none-eabi/7.3.1/../../../../arm-none-eabi/lib/thumb/v7e-m/fpv4-sp/hard/libc_nano.a(lib_a-wctomb_r.o)
                              /home/noel/Dev/Tools/GNU_Tools_ARM_Embedded/7.3.1_2018q2/bin/../lib/gcc/arm-none-eabi/7.3.1/../../../../arm-none-eabi/lib/thumb/v7e-m/fpv4-sp/hard/libc_nano.a(lib_a-locale.o) (__ascii_wctomb)
/home/noel/Dev/Tools/GNU_Tools_ARM_Embedded/7.3.1_2018q2/bin/../lib/gcc/arm-none-eabi/7.3.1/../../../../arm-none-eabi/lib/thumb/v7e-m/fpv4-sp/hard/libc_nano.a(lib_a-ctype_.o)
                              /home/noel/Dev/Tools/GNU_Tools_ARM_Embedded/7.3.1_2018q2/bin/../lib/gcc/arm-none-eabi/7.3.1/../../../../arm-none-eabi/lib/thumb/v7e-m/fpv4-sp/hard/libc_nano.a(lib_a-locale.o) (_ctype_)
/home/noel/Dev/Tools/GNU_Tools_ARM_Embedded/7.3.1_2018q2/bin/../lib/gcc/arm-none-eabi/7.3.1/../../../../arm-none-eabi/lib/thumb/v7e-m/fpv4-sp/hard/libnosys.a(_exit.o)
                              /home/noel/Dev/Tools/GNU_Tools_ARM_Embedded/7.3.1_2018q2/bin/../lib/gcc/arm-none-eabi/7.3.1/../../../../arm-none-eabi/lib/thumb/v7e-m/fpv4-sp/hard/libc_nano.a(lib_a-exit.o) (_exit)
/home/noel/Dev/Tools/GNU_Tools_ARM_Embedded/7.3.1_2018q2/bin/../lib/gcc/arm-none-eabi/7.3.1/thumb/v7e-m/fpv4-sp/hard/libgcc.a(_aeabi_ldivmod.o)
                              build/smartfan_xxaa/bsp.c.o (__aeabi_ldivmod)
/home/noel/Dev/Tools/GNU_Tools_ARM_Embedded/7.3.1_2018q2/bin/../lib/gcc/arm-none-eabi/7.3.1/thumb/v7e-m/fpv4-sp/hard/libgcc.a(_aeabi_uldivmod.o)
[...]
Memory Configuration

Name             Origin             Length             Attributes
FLASH            0x000000000002d000 0x0000000000053000 xr
RAM              0x00000000200025f8 0x000000000000da08 xrw
*default*        0x0000000000000000 0xffffffffffffffff

Linker script and memory map


.text           0x000000000002d000     0x50bc
 *(.isr_vector)
 .isr_vector    0x000000000002d000      0x200 build/smartfan_xxaa/gcc_startup_nrf52.S.o
                0x000000000002d000                __isr_vector
 *(.text*)
 .text          0x000000000002d200       0x40 /home/noel/Dev/Tools/GNU_Tools_ARM_Embedded/7.3.1_2018q2/bin/../lib/gcc/arm-none-eabi/7.3.1/thumb/v7e-m/fpv4-sp/hard/crtbegin.o
 .text          0x000000000002d240       0x74 /home/noel/Dev/Tools/GNU_Tools_ARM_Embedded/7.3.1_2018q2/bin/../lib/gcc/arm-none-eabi/7.3.1/../../../../arm-none-eabi/lib/thumb/v7e-m/fpv4-sp/hard/crt0.o
                0x000000000002d240                _mainCRTStartup
                0x000000000002d240                _start
 .text.nrf_log_backend_serial_put
                0x000000000002d2b4       0xe4 build/smartfan_xxaa/nrf_log_backend_serial.c.o
                0x000000000002d2b4                nrf_log_backend_serial_put
 .text.uart_evt_handler
                0x000000000002d398        0xc build/smartfan_xxaa/nrf_log_backend_uart.c.o
 .text.nrf_log_backend_uart_flush
                0x000000000002d3a4        0x4 build/smartfan_xxaa/nrf_log_backend_uart.c.o
 .text.nrf_log_backend_uart_panic_set
                0x000000000002d3a8       0x48 build/smartfan_xxaa/nrf_log_backend_uart.c.o
 .text.nrf_log_backend_uart_put
                0x000000000002d3f0       0x20 build/smartfan_xxaa/nrf_log_backend_uart.c.o
 .text.serial_tx
                0x000000000002d410       0x34 build/smartfan_xxaa/nrf_log_backend_uart.c.o
 .text.nrf_log_backend_uart_init
                0x000000000002d444       0x48 build/smartfan_xxaa/nrf_log_backend_uart.c.o
                0x000000000002d444                nrf_log_backend_uart_init
 .text.nrf_log_default_backends_init
                0x000000000002d48c       0x1c build/smartfan_xxaa/nrf_log_default_backends.c.o
                0x000000000002d48c                nrf_log_default_backends_init
 .text.nrf_log_frontend_dequeue.part.5
                0x000000000002d4a8      0x210 build/smartfan_xxaa/nrf_log_frontend.c.o
 .text.nrf_log_init
                0x000000000002d6b8       0x50 build/smartfan_xxaa/nrf_log_frontend.c.o
                0x000000000002d6b8                nrf_log_init
 .text.nrf_log_module_name_get
                0x000000000002d708       0x5c build/smartfan_xxaa/nrf_log_frontend.c.o
                0x000000000002d708                nrf_log_module_name_get
 .text.nrf_log_color_id_get
                0x000000000002d764       0x2c build/smartfan_xxaa/nrf_log_frontend.c.o
                0x000000000002d764                nrf_log_color_id_get
 .text.nrf_log_frontend_std_0
                0x000000000002d790      0x18c build/smartfan_xxaa/nrf_log_frontend.c.o
                0x000000000002d790                nrf_log_frontend_std_0
 .text.nrf_log_frontend_dequeue
                0x000000000002d91c       0x18 build/smartfan_xxaa/nrf_log_frontend.c.o
                0x000000000002d91c                nrf_log_frontend_dequeue
 .text.nrf_log_backend_add
                0x000000000002d934       0x5c build/smartfan_xxaa/nrf_log_frontend.c.o
                0x000000000002d934                nrf_log_backend_add
 .text.nrf_log_panic
                0x000000000002d990       0x28 build/smartfan_xxaa/nrf_log_frontend.c.o
                0x000000000002d990                nrf_log_panic
 .text.nrf_log_std_entry_process
                0x000000000002d9b8      0x130 build/smartfan_xxaa/nrf_log_str_formatter.c.o
                0x000000000002d9b8                nrf_log_std_entry_process
 .text.nrf_log_hexdump_entry_process
                0x000000000002dae8      0x13c build/smartfan_xxaa/nrf_log_str_formatter.c.o
                0x000000000002dae8                nrf_log_hexdump_entry_process
 .text.bsp_board_led_state_get
                0x000000000002dc24       0x1c build/smartfan_xxaa/boards.c.o
                0x000000000002dc24                bsp_board_led_state_get
 .text.bsp_board_led_on
                0x000000000002dc40       0x18 build/smartfan_xxaa/boards.c.o
                0x000000000002dc40                bsp_board_led_on
 .text.bsp_board_led_off
                0x000000000002dc58       0x18 build/smartfan_xxaa/boards.c.o
                0x000000000002dc58                bsp_board_led_off
 .text.bsp_board_leds_off
                0x000000000002dc70       0x2c build/smartfan_xxaa/boards.c.o
                0x000000000002dc70                bsp_board_leds_off
 .text.bsp_board_leds_on
                0x000000000002dc9c       0x2c build/smartfan_xxaa/boards.c.o
                0x000000000002dc9c                bsp_board_leds_on
 .text.bsp_board_led_invert
                0x000000000002dcc8       0x24 build/smartfan_xxaa/boards.c.o
                0x000000000002dcc8                bsp_board_led_invert
 .text.bsp_board_leds_init
                0x000000000002dcec       0x3c build/smartfan_xxaa/boards.c.o
                0x000000000002dcec                bsp_board_leds_init
 .text.bsp_board_pin_to_button_idx
                0x000000000002dd28       0x24 build/smartfan_xxaa/boards.c.o
                0x000000000002dd28                bsp_board_pin_to_button_idx
 .text.detection_delay_timeout_handler
                0x000000000002dd4c       0xac build/smartfan_xxaa/app_button.c.o
 .text.gpiote_event_handler
                0x000000000002ddf8       0x5c build/smartfan_xxaa/app_button.c.o
 .text.app_button_init
                0x000000000002de54       0xac build/smartfan_xxaa/app_button.c.o
                0x000000000002de54                app_button_init
 .text.app_button_enable
                0x000000000002df00       0x2c build/smartfan_xxaa/app_button.c.o
                0x000000000002df00                app_button_enable
 .text.app_error_handler_bare
                0x000000000002df2c       0x20 build/smartfan_xxaa/app_error.c.o
                0x000000000002df2c                app_error_handler_bare
 .text.app_error_fault_handler
                0x000000000002df4c       0x68 build/smartfan_xxaa/app_error_weak.c.o
                0x000000000002df4c                app_error_fault_handler
 .text.RTC1_IRQHandler
                0x000000000002dfb4       0xa0 build/smartfan_xxaa/app_timer.c.o
                0x000000000002dfb4                RTC1_IRQHandler
 .text.SWI0_EGU0_IRQHandler
                0x000000000002e054      0x670 build/smartfan_xxaa/app_timer.c.o
                0x000000000002e054                SWI0_EGU0_IRQHandler
 .text.app_timer_init
                0x000000000002e6c4      0x180 build/smartfan_xxaa/app_timer.c.o
                0x000000000002e6c4                app_timer_init
 .text.app_timer_create
                0x000000000002e844       0x24 build/smartfan_xxaa/app_timer.c.o
                0x000000000002e844                app_timer_create
 .text.app_timer_start
                0x000000000002e868       0x9c build/smartfan_xxaa/app_timer.c.o
                0x000000000002e868                app_timer_start
 .text.app_timer_stop
                0x000000000002e904       0x68 build/smartfan_xxaa/app_timer.c.o
                0x000000000002e904                app_timer_stop
 .text.app_util_critical_region_enter
                0x000000000002e96c       0x10 build/smartfan_xxaa/app_util_platform.c.o
                0x000000000002e96c                app_util_critical_region_enter
 .text.app_util_critical_region_exit
                0x000000000002e97c       0x14 build/smartfan_xxaa/app_util_platform.c.o
                0x000000000002e97c                app_util_critical_region_exit
 .text.HardFault_Handler
                0x000000000002e990       0x40 build/smartfan_xxaa/hardfault_handler_gcc.c.o
                0x000000000002e990                HardFault_Handler
 .text.HardFault_process
                0x000000000002e9d0       0x24 build/smartfan_xxaa/hardfault_implementation.c.o
                0x000000000002e9d0                HardFault_process
 .text.HardFault_c_handler
                0x000000000002e9f4       0x18 build/smartfan_xxaa/hardfault_implementation.c.o
                0x000000000002e9f4                HardFault_c_handler
 .text.nrf_balloc_init
                0x000000000002ea0c       0x38 build/smartfan_xxaa/nrf_balloc.c.o
                0x000000000002ea0c                nrf_balloc_init
 .text.nrf_balloc_alloc
                0x000000000002ea44       0x44 build/smartfan_xxaa/nrf_balloc.c.o
                0x000000000002ea44                nrf_balloc_alloc
 .text.nrf_balloc_free
                0x000000000002ea88       0x2c build/smartfan_xxaa/nrf_balloc.c.o
                0x000000000002ea88                nrf_balloc_free
 .text.nrf_fprintf_buffer_flush
                0x000000000002eab4       0x18 build/smartfan_xxaa/nrf_fprintf.c.o
                0x000000000002eab4                nrf_fprintf_buffer_flush
 .text.nrf_fprintf
                0x000000000002eacc       0x20 build/smartfan_xxaa/nrf_fprintf.c.o
                0x000000000002eacc                nrf_fprintf
 .text.unsigned_print
                0x000000000002eaec      0x10c build/smartfan_xxaa/nrf_fprintf_format.c.o
 .text.nrf_fprintf_fmt
                0x000000000002ebf8      0x5bc build/smartfan_xxaa/nrf_fprintf_format.c.o
                0x000000000002ebf8                nrf_fprintf_fmt
 .text.nrf_memobj_pool_init
                0x000000000002f1b4        0x4 build/smartfan_xxaa/nrf_memobj.c.o
                0x000000000002f1b4                nrf_memobj_pool_init
 .text.nrf_memobj_alloc
                0x000000000002f1b8       0x84 build/smartfan_xxaa/nrf_memobj.c.o
                0x000000000002f1b8                nrf_memobj_alloc
 .text.nrf_memobj_get
                0x000000000002f23c       0x20 build/smartfan_xxaa/nrf_memobj.c.o
                0x000000000002f23c                nrf_memobj_get
 .text.nrf_memobj_put
                0x000000000002f25c       0x50 build/smartfan_xxaa/nrf_memobj.c.o
                0x000000000002f25c                nrf_memobj_put
 .text.nrf_memobj_write
                0x000000000002f2ac       0x5c build/smartfan_xxaa/nrf_memobj.c.o
                0x000000000002f2ac                nrf_memobj_write
 .text.nrf_memobj_read
                0x000000000002f308       0x5c build/smartfan_xxaa/nrf_memobj.c.o
                0x000000000002f308                nrf_memobj_read
 .text.nrf_pwr_mgmt_shutdown
                0x000000000002f364       0xb8 build/smartfan_xxaa/nrf_pwr_mgmt.c.o
                0x000000000002f364                nrf_pwr_mgmt_shutdown
 .text.nrf_section_iter_init
                0x000000000002f41c       0x14 build/smartfan_xxaa/nrf_section_iter.c.o
                0x000000000002f41c                nrf_section_iter_init
 .text.nrf_section_iter_next
                0x000000000002f430       0x18 build/smartfan_xxaa/nrf_section_iter.c.o
                0x000000000002f430                nrf_section_iter_next
 .text.nrf_drv_common_irq_enable
                0x000000000002f448       0x48 build/smartfan_xxaa/nrf_drv_common.c.o
                0x000000000002f448                nrf_drv_common_irq_enable
 .text.nrf_drv_gpiote_init
                0x000000000002f490       0x74 build/smartfan_xxaa/nrf_drv_gpiote.c.o
                0x000000000002f490                nrf_drv_gpiote_init
 .text.nrf_drv_gpiote_is_init
                0x000000000002f504       0x14 build/smartfan_xxaa/nrf_drv_gpiote.c.o
                0x000000000002f504                nrf_drv_gpiote_is_init
 .text.nrf_drv_gpiote_in_init
                0x000000000002f518      0x19c build/smartfan_xxaa/nrf_drv_gpiote.c.o
                0x000000000002f518                nrf_drv_gpiote_in_init
 .text.nrf_drv_gpiote_in_event_enable
                0x000000000002f6b4       0xc4 build/smartfan_xxaa/nrf_drv_gpiote.c.o
                0x000000000002f6b4                nrf_drv_gpiote_in_event_enable
 .text.nrf_drv_gpiote_in_is_set
                0x000000000002f778       0x14 build/smartfan_xxaa/nrf_drv_gpiote.c.o
                0x000000000002f778                nrf_drv_gpiote_in_is_set
 .text.GPIOTE_IRQHandler
                0x000000000002f78c      0x548 build/smartfan_xxaa/nrf_drv_gpiote.c.o
                0x000000000002f78c                GPIOTE_IRQHandler
 .text.nrf_drv_uart_init
                0x000000000002fcd4      0x1d0 build/smartfan_xxaa/nrf_drv_uart.c.o
                0x000000000002fcd4                nrf_drv_uart_init
 .text.nrf_drv_uart_uninit
                0x000000000002fea4      0x108 build/smartfan_xxaa/nrf_drv_uart.c.o
                0x000000000002fea4                nrf_drv_uart_uninit
 .text.nrf_drv_uart_tx
                0x000000000002ffac      0x154 build/smartfan_xxaa/nrf_drv_uart.c.o
                0x000000000002ffac                nrf_drv_uart_tx
 .text.UARTE0_UART0_IRQHandler
                0x0000000000030100      0x2e4 build/smartfan_xxaa/nrf_drv_uart.c.o
                0x0000000000030100                UARTE0_UART0_IRQHandler
 .text.sd_ant_channel_assign
                0x00000000000303e4        0x4 build/smartfan_xxaa/ant_channel_config.c.o
 .text.sd_ant_channel_radio_freq_set
                0x00000000000303e8        0x4 build/smartfan_xxaa/ant_channel_config.c.o
 .text.sd_ant_channel_period_set
                0x00000000000303ec        0x4 build/smartfan_xxaa/ant_channel_config.c.o
 .text.sd_ant_channel_id_set
                0x00000000000303f0        0x4 build/smartfan_xxaa/ant_channel_config.c.o
 .text.ant_channel_init
                0x00000000000303f4       0x48 build/smartfan_xxaa/ant_channel_config.c.o
                0x00000000000303f4                ant_channel_init
 .text.sd_ant_channel_open_with_offset
                0x000000000003043c        0x4 build/smartfan_xxaa/ant_hrm.c.o
 .text.ant_hrm_disp_init
                0x0000000000030440       0x20 build/smartfan_xxaa/ant_hrm.c.o
                0x0000000000030440                ant_hrm_disp_init
 .text.ant_hrm_disp_open
                0x0000000000030460        0x8 build/smartfan_xxaa/ant_hrm.c.o
                0x0000000000030460                ant_hrm_disp_open
 .text.ant_hrm_disp_evt_handler
                0x0000000000030468       0x94 build/smartfan_xxaa/ant_hrm.c.o
                0x0000000000030468                ant_hrm_disp_evt_handler
 .text.ant_hrm_page_0_decode
                0x00000000000304fc       0x1c build/smartfan_xxaa/ant_hrm_page_0.c.o
                0x00000000000304fc                ant_hrm_page_0_decode
 .text.ant_hrm_page_1_decode
                0x0000000000030518       0x18 build/smartfan_xxaa/ant_hrm_page_1.c.o
                0x0000000000030518                ant_hrm_page_1_decode
 .text.ant_hrm_page_2_decode
                0x0000000000030530       0x10 build/smartfan_xxaa/ant_hrm_page_2.c.o
                0x0000000000030530                ant_hrm_page_2_decode
 .text.ant_hrm_page_3_decode
                0x0000000000030540       0x10 build/smartfan_xxaa/ant_hrm_page_3.c.o
                0x0000000000030540                ant_hrm_page_3_decode
 .text.ant_hrm_page_4_decode
                0x0000000000030550       0x10 build/smartfan_xxaa/ant_hrm_page_4.c.o
                0x0000000000030550                ant_hrm_page_4_decode
 .text.sd_ant_network_address_set
                0x0000000000030560        0x4 build/smartfan_xxaa/ant_key_manager.c.o
 .text.ant_plus_key_set
                0x0000000000030564        0xc build/smartfan_xxaa/ant_key_manager.c.o
                0x0000000000030564                ant_plus_key_set
 .text.m_shutdown_handler
                0x0000000000030570       0x14 build/smartfan_xxaa/ant_state_indicator.c.o
 .text.ant_evt_handler
                0x0000000000030584       0x70 build/smartfan_xxaa/ant_state_indicator.c.o
 .text.ant_state_indicator_init
                0x00000000000305f4       0x18 build/smartfan_xxaa/ant_state_indicator.c.o
                0x00000000000305f4                ant_state_indicator_init
 .text.ant_state_indicator_channel_opened
                0x000000000003060c       0x24 build/smartfan_xxaa/ant_state_indicator.c.o
                0x000000000003060c                ant_state_indicator_channel_opened
 .text.alert_timer_handler
                0x0000000000030630        0x8 build/smartfan_xxaa/bsp.c.o
 .text.bsp_button_event_handler
                0x0000000000030638       0xa0 build/smartfan_xxaa/bsp.c.o
 .text.button_timer_handler
                0x00000000000306d8       0x30 build/smartfan_xxaa/bsp.c.o
 .text.leds_timer_handler
                0x0000000000030708      0x2e4 build/smartfan_xxaa/bsp.c.o
 .text.bsp_indication_set
                0x00000000000309ec      0x328 build/smartfan_xxaa/bsp.c.o
                0x00000000000309ec                bsp_indication_set
 .text.bsp_init
                0x0000000000030d14       0xac build/smartfan_xxaa/bsp.c.o
                0x0000000000030d14                bsp_init
 .text.bsp_event_to_button_action_assign
                0x0000000000030dc0       0x50 build/smartfan_xxaa/bsp.c.o
                0x0000000000030dc0                bsp_event_to_button_action_assign
 .text.ant_evt_handler
                0x0000000000030e10       0x70 build/smartfan_xxaa/bsp_btn_ant.c.o
 .text.bsp_btn_ant_init
                0x0000000000030e80       0x40 build/smartfan_xxaa/bsp_btn_ant.c.o
                0x0000000000030e80                bsp_btn_ant_init
 .text          0x0000000000030ec0       0x3c build/smartfan_xxaa/gcc_startup_nrf52.S.o
                0x0000000000030ec0                Reset_Handler
                0x0000000000030ee8                NMI_Handler
                0x0000000000030eec                MemoryManagement_Handler
                0x0000000000030eee                BusFault_Handler
                0x0000000000030ef0                UsageFault_Handler
                0x0000000000030ef2                SVC_Handler
                0x0000000000030ef4                DebugMon_Handler
                0x0000000000030ef6                PendSV_Handler
                0x0000000000030ef8                SysTick_Handler
                0x0000000000030efa                TIMER2_IRQHandler
                0x0000000000030efa                RTC0_IRQHandler
                0x0000000000030efa                PWM1_IRQHandler
                0x0000000000030efa                POWER_CLOCK_IRQHandler
                0x0000000000030efa                RADIO_IRQHandler
                0x0000000000030efa                PDM_IRQHandler
                0x0000000000030efa                TEMP_IRQHandler
                0x0000000000030efa                QDEC_IRQHandler
                0x0000000000030efa                TIMER3_IRQHandler
                0x0000000000030efa                FPU_IRQHandler
                0x0000000000030efa                SPIM0_SPIS0_TWIM0_TWIS0_SPI0_TWI0_IRQHandler
                0x0000000000030efa                TIMER4_IRQHandler
                0x0000000000030efa                I2S_IRQHandler
                0x0000000000030efa                SWI4_EGU4_IRQHandler
                0x0000000000030efa                TIMER0_IRQHandler
                0x0000000000030efa                TIMER1_IRQHandler
                0x0000000000030efa                PWM2_IRQHandler
                0x0000000000030efa                ECB_IRQHandler
                0x0000000000030efa                SPIM1_SPIS1_TWIM1_TWIS1_SPI1_TWI1_IRQHandler
                0x0000000000030efa                Default_Handler
                0x0000000000030efa                SAADC_IRQHandler
                0x0000000000030efa                CCM_AAR_IRQHandler
                0x0000000000030efa                WDT_IRQHandler
                0x0000000000030efa                SWI5_EGU5_IRQHandler
                0x0000000000030efa                RNG_IRQHandler
                0x0000000000030efa                RTC2_IRQHandler
                0x0000000000030efa                PWM0_IRQHandler
                0x0000000000030efa                SWI3_EGU3_IRQHandler
                0x0000000000030efa                SWI1_EGU1_IRQHandler
                0x0000000000030efa                SPIM2_SPIS2_SPI2_IRQHandler
                0x0000000000030efa                NFCT_IRQHandler
                0x0000000000030efa                MWU_IRQHandler
                0x0000000000030efa                COMP_LPCOMP_IRQHandler
 .text.SystemInit
                0x0000000000030efc      0x384 build/smartfan_xxaa/system_nrf52.c.o
                0x0000000000030efc                SystemInit
 .text.sd_softdevice_enable
                0x0000000000031280        0x4 build/smartfan_xxaa/nrf_sdh.c.o
 .text.nrf_sdh_enable_request
                0x0000000000031284       0xe0 build/smartfan_xxaa/nrf_sdh.c.o
                0x0000000000031284                nrf_sdh_enable_request
 .text.SWI2_EGU2_IRQHandler
                0x0000000000031364       0x2c build/smartfan_xxaa/nrf_sdh.c.o
                0x0000000000031364                SWI2_EGU2_IRQHandler
 .text.sd_ant_event_get
                0x0000000000031390        0x4 build/smartfan_xxaa/nrf_sdh_ant.c.o
 .text.sd_ant_enable
                0x0000000000031394        0x4 build/smartfan_xxaa/nrf_sdh_ant.c.o
 .text.nrf_sdh_ant_evts_poll
                0x0000000000031398       0x48 build/smartfan_xxaa/nrf_sdh_ant.c.o
 .text.nrf_sdh_ant_enable
                0x00000000000313e0       0x20 build/smartfan_xxaa/nrf_sdh_ant.c.o
                0x00000000000313e0                nrf_sdh_ant_enable
 .text.step_up_dbnc
                0x0000000000031400       0x18 build/smartfan_xxaa/state_tmr.c.o
                0x0000000000031400                step_up_dbnc
 .text.step_dn_dbnc
                0x0000000000031418       0x18 build/smartfan_xxaa/state_tmr.c.o
                0x0000000000031418                step_dn_dbnc
 .text.step_up_dbnc_tmr_start
                0x0000000000031430       0x20 build/smartfan_xxaa/state_tmr.c.o
                0x0000000000031430                step_up_dbnc_tmr_start
 .text.step_dn_dbnc_tmr_start
                0x0000000000031450       0x20 build/smartfan_xxaa/state_tmr.c.o
                0x0000000000031450                step_dn_dbnc_tmr_start
 .text.state_tmr_setup
                0x0000000000031470       0x30 build/smartfan_xxaa/state_tmr.c.o
                0x0000000000031470                state_tmr_setup
 .text.get_speed
                0x00000000000314a0        0xc build/smartfan_xxaa/fan_ctrl.c.o
                0x00000000000314a0                get_speed
 .text.new_fan_event
                0x00000000000314ac      0x1b0 build/smartfan_xxaa/fan_ctrl.c.o
                0x00000000000314ac                new_fan_event
 .text.ant_hrm_evt_handler
                0x000000000003165c        0xc build/smartfan_xxaa/ant.c.o
 .text.ant_utils_setup
                0x0000000000031668       0x84 build/smartfan_xxaa/ant.c.o
                0x0000000000031668                ant_utils_setup
 .text.bsp_event_handler
                0x00000000000316ec        0x4 build/smartfan_xxaa/utils.c.o
                0x00000000000316ec                bsp_event_handler
 .text.utils_setup
                0x00000000000316f0       0x50 build/smartfan_xxaa/utils.c.o
                0x00000000000316f0                utils_setup
 .text.new_hr_event
                0x0000000000031740       0xcc build/smartfan_xxaa/hr_ctrl.c.o
                0x0000000000031740                new_hr_event
 .text.startup.main
                0x000000000003180c       0xa8 build/smartfan_xxaa/main.c.o
                0x000000000003180c                main
 .text.exit     0x00000000000318b4       0x28 /home/noel/Dev/Tools/GNU_Tools_ARM_Embedded/7.3.1_2018q2/bin/../lib/gcc/arm-none-eabi/7.3.1/../../../../arm-none-eabi/lib/thumb/v7e-m/fpv4-sp/hard/libc_nano.a(lib_a-exit.o)
                0x00000000000318b4                exit
 .text.__libc_init_array
                0x00000000000318dc       0x48 /home/noel/Dev/Tools/GNU_Tools_ARM_Embedded/7.3.1_2018q2/bin/../lib/gcc/arm-none-eabi/7.3.1/../../../../arm-none-eabi/lib/thumb/v7e-m/fpv4-sp/hard/libc_nano.a(lib_a-init.o)
                0x00000000000318dc                __libc_init_array
 .text.__locale_ctype_ptr
                0x0000000000031924       0x1c /home/noel/Dev/Tools/GNU_Tools_ARM_Embedded/7.3.1_2018q2/bin/../lib/gcc/arm-none-eabi/7.3.1/../../../../arm-none-eabi/lib/thumb/v7e-m/fpv4-sp/hard/libc_nano.a(lib_a-locale.o)
                0x0000000000031924                __locale_ctype_ptr
 .text.__ascii_mbtowc
                0x0000000000031940       0x24 /home/noel/Dev/Tools/GNU_Tools_ARM_Embedded/7.3.1_2018q2/bin/../lib/gcc/arm-none-eabi/7.3.1/../../../../arm-none-eabi/lib/thumb/v7e-m/fpv4-sp/hard/libc_nano.a(lib_a-mbtowc_r.o)
                0x0000000000031940                __ascii_mbtowc
 .text.memcpy   0x0000000000031964       0x16 /home/noel/Dev/Tools/GNU_Tools_ARM_Embedded/7.3.1_2018q2/bin/../lib/gcc/arm-none-eabi/7.3.1/../../../../arm-none-eabi/lib/thumb/v7e-m/fpv4-sp/hard/libc_nano.a(lib_a-memcpy-stub.o)
                0x0000000000031964                memcpy
 .text.memset   0x000000000003197a       0x10 /home/noel/Dev/Tools/GNU_Tools_ARM_Embedded/7.3.1_2018q2/bin/../lib/gcc/arm-none-eabi/7.3.1/../../../../arm-none-eabi/lib/thumb/v7e-m/fpv4-sp/hard/libc_nano.a(lib_a-memset.o)
                0x000000000003197a                memset
 .text          0x000000000003198a       0x10 /home/noel/Dev/Tools/GNU_Tools_ARM_Embedded/7.3.1_2018q2/bin/../lib/gcc/arm-none-eabi/7.3.1/../../../../arm-none-eabi/lib/thumb/v7e-m/fpv4-sp/hard/libc_nano.a(lib_a-strlen.o)
                0x000000000003198a                strlen
 .text.__ascii_wctomb
                0x000000000003199a       0x1a /home/noel/Dev/Tools/GNU_Tools_ARM_Embedded/7.3.1_2018q2/bin/../lib/gcc/arm-none-eabi/7.3.1/../../../../arm-none-eabi/lib/thumb/v7e-m/fpv4-sp/hard/libc_nano.a(lib_a-wctomb_r.o)
                0x000000000003199a                __ascii_wctomb
 .text._exit    0x00000000000319b4        0x4 /home/noel/Dev/Tools/GNU_Tools_ARM_Embedded/7.3.1_2018q2/bin/../lib/gcc/arm-none-eabi/7.3.1/../../../../arm-none-eabi/lib/thumb/v7e-m/fpv4-sp/hard/libnosys.a(_exit.o)
                0x00000000000319b4                _exit
 .text          0x00000000000319b8       0x30 /home/noel/Dev/Tools/GNU_Tools_ARM_Embedded/7.3.1_2018q2/bin/../lib/gcc/arm-none-eabi/7.3.1/thumb/v7e-m/fpv4-sp/hard/libgcc.a(_aeabi_uldivmod.o)
                0x00000000000319b8                __aeabi_uldivmod
 .text          0x00000000000319e8      0x2cc /home/noel/Dev/Tools/GNU_Tools_ARM_Embedded/7.3.1_2018q2/bin/../lib/gcc/arm-none-eabi/7.3.1/thumb/v7e-m/fpv4-sp/hard/libgcc.a(_udivmoddi4.o)
                0x00000000000319e8                __udivmoddi4
 .text          0x0000000000031cb4        0x4 /home/noel/Dev/Tools/GNU_Tools_ARM_Embedded/7.3.1_2018q2/bin/../lib/gcc/arm-none-eabi/7.3.1/thumb/v7e-m/fpv4-sp/hard/libgcc.a(_dvmd_tls.o)
                0x0000000000031cb4                __aeabi_ldiv0
                0x0000000000031cb4                __aeabi_idiv0
 *(.init)
 .init          0x0000000000031cb8        0x4 /home/noel/Dev/Tools/GNU_Tools_ARM_Embedded/7.3.1_2018q2/bin/../lib/gcc/arm-none-eabi/7.3.1/thumb/v7e-m/fpv4-sp/hard/crti.o
                0x0000000000031cb8                _init
 .init          0x0000000000031cbc        0x8 /home/noel/Dev/Tools/GNU_Tools_ARM_Embedded/7.3.1_2018q2/bin/../lib/gcc/arm-none-eabi/7.3.1/thumb/v7e-m/fpv4-sp/hard/crtn.o
 *(.fini)
 .fini          0x0000000000031cc4        0x4 /home/noel/Dev/Tools/GNU_Tools_ARM_Embedded/7.3.1_2018q2/bin/../lib/gcc/arm-none-eabi/7.3.1/thumb/v7e-m/fpv4-sp/hard/crti.o
                0x0000000000031cc4                _fini
 .fini          0x0000000000031cc8        0x8 /home/noel/Dev/Tools/GNU_Tools_ARM_Embedded/7.3.1_2018q2/bin/../lib/gcc/arm-none-eabi/7.3.1/thumb/v7e-m/fpv4-sp/hard/crtn.o
 *crtbegin.o(.ctors)
 *crtbegin?.o(.ctors)
 *(EXCLUDE_FILE(*crtend.o *crtend?.o) .ctors)
 *(SORT_BY_NAME(.ctors.*))
 *(.ctors)
 *crtbegin.o(.dtors)
 *crtbegin?.o(.dtors)
 *(EXCLUDE_FILE(*crtend.o *crtend?.o) .dtors)
 *(SORT_BY_NAME(.dtors.*))
 *(.dtors)
 *(.rodata*)
 .rodata        0x0000000000031cd0       0x20 build/smartfan_xxaa/nrf_log_backend_uart.c.o
 .rodata.nrf_log_backend_uart_api
                0x0000000000031cf0        0xc build/smartfan_xxaa/nrf_log_backend_uart.c.o
                0x0000000000031cf0                nrf_log_backend_uart_api
 .rodata.mempool
                0x0000000000031cfc       0x14 build/smartfan_xxaa/nrf_log_frontend.c.o
 .rodata.str1.4
                0x0000000000031d10        0x4 build/smartfan_xxaa/nrf_log_frontend.c.o
 .rodata.m_colors
                0x0000000000031d14       0x24 build/smartfan_xxaa/nrf_log_str_formatter.c.o
 .rodata.nrf_log_hexdump_entry_process.str1.4
                0x0000000000031d38       0x13 build/smartfan_xxaa/nrf_log_str_formatter.c.o
                                         0x16 (size before relaxing)
 *fill*         0x0000000000031d4b        0x1 
 .rodata.nrf_log_std_entry_process.str1.4
                0x0000000000031d4c       0x1b build/smartfan_xxaa/nrf_log_str_formatter.c.o
 *fill*         0x0000000000031d67        0x1 
 .rodata.severity_names
                0x0000000000031d68       0x14 build/smartfan_xxaa/nrf_log_str_formatter.c.o
 .rodata.str1.4
                0x0000000000031d7c       0x5e build/smartfan_xxaa/nrf_log_str_formatter.c.o
 *fill*         0x0000000000031dda        0x2 
 .rodata.m_board_led_list
                0x0000000000031ddc        0x4 build/smartfan_xxaa/boards.c.o
 .rodata.m_detection_delay_timer_id
                0x0000000000031de0        0x4 build/smartfan_xxaa/app_button.c.o
 .rodata.app_error_fault_handler.str1.4
                0x0000000000031de4       0x19 build/smartfan_xxaa/app_error_weak.c.o
 *fill*         0x0000000000031dfd        0x3 
 .rodata.str1.4
                0x0000000000031e00        0xa build/smartfan_xxaa/hardfault_implementation.c.o
 *fill*         0x0000000000031e0a        0x2 
 .rodata.str1.4
                0x0000000000031e0c        0x7 build/smartfan_xxaa/nrf_balloc.c.o
 *fill*         0x0000000000031e13        0x1 
 .rodata._aV2C.7959
                0x0000000000031e14       0x10 build/smartfan_xxaa/nrf_fprintf_format.c.o
 .rodata.str1.4
                0x0000000000031e24        0x9 build/smartfan_xxaa/nrf_pwr_mgmt.c.o
 *fill*         0x0000000000031e2d        0x3 
 .rodata.str1.4
                0x0000000000031e30        0x7 build/smartfan_xxaa/nrf_drv_gpiote.c.o
 *fill*         0x0000000000031e37        0x1 
 .rodata.str1.4
                0x0000000000031e38        0x5 build/smartfan_xxaa/nrf_drv_uart.c.o
 *fill*         0x0000000000031e3d        0x3 
 .rodata.str1.4
                0x0000000000031e40        0x8 build/smartfan_xxaa/ant_hrm.c.o
 .rodata.str1.4
                0x0000000000031e48        0xf build/smartfan_xxaa/ant_hrm_page_0.c.o
 *fill*         0x0000000000031e57        0x1 
 .rodata.str1.4
                0x0000000000031e58        0xf build/smartfan_xxaa/ant_hrm_page_1.c.o
 *fill*         0x0000000000031e67        0x1 
 .rodata.str1.4
                0x0000000000031e68        0xf build/smartfan_xxaa/ant_hrm_page_2.c.o
 *fill*         0x0000000000031e77        0x1 
 .rodata.str1.4
                0x0000000000031e78        0xf build/smartfan_xxaa/ant_hrm_page_3.c.o
 *fill*         0x0000000000031e87        0x1 
 .rodata.str1.4
                0x0000000000031e88        0xf build/smartfan_xxaa/ant_hrm_page_4.c.o
 *fill*         0x0000000000031e97        0x1 
 .rodata.app_buttons
                0x0000000000031e98       0x20 build/smartfan_xxaa/bsp.c.o
 .rodata.m_alert_timer_id
                0x0000000000031eb8        0x4 build/smartfan_xxaa/bsp.c.o
 .rodata.m_button_timer_id
                0x0000000000031ebc        0x4 build/smartfan_xxaa/bsp.c.o
 .rodata.m_leds_timer_id
                0x0000000000031ec0        0x4 build/smartfan_xxaa/bsp.c.o
 .rodata        0x0000000000031ec4        0x4 build/smartfan_xxaa/nrf_sdh.c.o
 .rodata.nrf_sdh_enable_request.str1.4
                0x0000000000031ec8       0x28 build/smartfan_xxaa/nrf_sdh.c.o
 .rodata.sdh_req_observers
                0x0000000000031ef0        0xc build/smartfan_xxaa/nrf_sdh.c.o
 .rodata.sdh_stack_observers
                0x0000000000031efc        0xc build/smartfan_xxaa/nrf_sdh.c.o
 .rodata.sdh_state_observers
                0x0000000000031f08        0xc build/smartfan_xxaa/nrf_sdh.c.o
 .rodata.str1.4
                0x0000000000031f14        0x8 build/smartfan_xxaa/nrf_sdh.c.o
 .rodata        0x0000000000031f1c        0xc build/smartfan_xxaa/nrf_sdh_ant.c.o
 .rodata.sdh_ant_observers
                0x0000000000031f28        0xc build/smartfan_xxaa/nrf_sdh_ant.c.o
 .rodata.str1.4
                0x0000000000031f34        0xc build/smartfan_xxaa/nrf_sdh_ant.c.o
 .rodata.step_dn_dbnc.str1.4
                0x0000000000031f40       0x1e build/smartfan_xxaa/state_tmr.c.o
 *fill*         0x0000000000031f5e        0x2 
 .rodata.step_dn_dbnc_id
                0x0000000000031f60        0x4 build/smartfan_xxaa/state_tmr.c.o
 .rodata.step_up_dbnc.str1.4
                0x0000000000031f64       0x1c build/smartfan_xxaa/state_tmr.c.o
 .rodata.step_up_dbnc_id
                0x0000000000031f80        0x4 build/smartfan_xxaa/state_tmr.c.o
 .rodata.m_ant_hrm_channel_hrm_disp_config
                0x0000000000031f84        0xc build/smartfan_xxaa/ant.c.o
 .rodata.utils_setup.str1.4
                0x0000000000031f90       0x18 build/smartfan_xxaa/utils.c.o
                                         0x17 (size before relaxing)
 .rodata._global_impure_ptr
                0x0000000000031fa8        0x4 /home/noel/Dev/Tools/GNU_Tools_ARM_Embedded/7.3.1_2018q2/bin/../lib/gcc/arm-none-eabi/7.3.1/../../../../arm-none-eabi/lib/thumb/v7e-m/fpv4-sp/hard/libc_nano.a(lib_a-impure.o)
                0x0000000000031fa8                _global_impure_ptr
 .rodata._setlocale_r.str1.1
                0x0000000000031fac        0x8 /home/noel/Dev/Tools/GNU_Tools_ARM_Embedded/7.3.1_2018q2/bin/../lib/gcc/arm-none-eabi/7.3.1/../../../../arm-none-eabi/lib/thumb/v7e-m/fpv4-sp/hard/libc_nano.a(lib_a-locale.o)
                                          0x9 (size before relaxing)
 .rodata.str1.1
                0x0000000000031fb4        0x2 /home/noel/Dev/Tools/GNU_Tools_ARM_Embedded/7.3.1_2018q2/bin/../lib/gcc/arm-none-eabi/7.3.1/../../../../arm-none-eabi/lib/thumb/v7e-m/fpv4-sp/hard/libc_nano.a(lib_a-locale.o)
 .rodata._ctype_
                0x0000000000031fb6      0x101 /home/noel/Dev/Tools/GNU_Tools_ARM_Embedded/7.3.1_2018q2/bin/../lib/gcc/arm-none-eabi/7.3.1/../../../../arm-none-eabi/lib/thumb/v7e-m/fpv4-sp/hard/libc_nano.a(lib_a-ctype_.o)
                0x0000000000031fb6                _ctype_
 *(.eh_frame*)
 *fill*         0x00000000000320b7        0x1 
 .eh_frame      0x00000000000320b8        0x0 /home/noel/Dev/Tools/GNU_Tools_ARM_Embedded/7.3.1_2018q2/bin/../lib/gcc/arm-none-eabi/7.3.1/thumb/v7e-m/fpv4-sp/hard/crtbegin.o
 .eh_frame      0x00000000000320b8        0x4 /home/noel/Dev/Tools/GNU_Tools_ARM_Embedded/7.3.1_2018q2/bin/../lib/gcc/arm-none-eabi/7.3.1/thumb/v7e-m/fpv4-sp/hard/crtend.o

.glue_7         0x00000000000320bc        0x0
 .glue_7        0x00000000000320bc        0x0 linker stubs

.glue_7t        0x00000000000320bc        0x0
 .glue_7t       0x00000000000320bc        0x0 linker stubs

.vfp11_veneer   0x00000000000320bc        0x0
 .vfp11_veneer  0x00000000000320bc        0x0 linker stubs

.v4_bx          0x00000000000320bc        0x0
 .v4_bx         0x00000000000320bc        0x0 linker stubs

.iplt           0x00000000000320bc        0x0
 .iplt          0x00000000000320bc        0x0 /home/noel/Dev/Tools/GNU_Tools_ARM_Embedded/7.3.1_2018q2/bin/../lib/gcc/arm-none-eabi/7.3.1/thumb/v7e-m/fpv4-sp/hard/crtbegin.o

.mem_section_dummy_rom

.sdh_soc_observers
                0x00000000000320bc        0x0
                [!provide]                        PROVIDE (__start_sdh_soc_observers = .)
 *(SORT_BY_NAME(.sdh_soc_observers*))
                [!provide]                        PROVIDE (__stop_sdh_soc_observers = .)

.sdh_ble_observers
                0x00000000000320bc        0x0
                [!provide]                        PROVIDE (__start_sdh_ble_observers = .)
 *(SORT_BY_NAME(.sdh_ble_observers*))
                [!provide]                        PROVIDE (__stop_sdh_ble_observers = .)

.sdh_ant_observers
                0x00000000000320bc       0x18
                0x00000000000320bc                PROVIDE (__start_sdh_ant_observers = .)
 *(SORT_BY_NAME(.sdh_ant_observers*))
 .sdh_ant_observers1
                0x00000000000320bc        0x8 build/smartfan_xxaa/ant_state_indicator.c.o
 .sdh_ant_observers1
                0x00000000000320c4        0x8 build/smartfan_xxaa/bsp_btn_ant.c.o
 .sdh_ant_observers1
                0x00000000000320cc        0x8 build/smartfan_xxaa/ant.c.o
                0x00000000000320d4                PROVIDE (__stop_sdh_ant_observers = .)

.pwr_mgmt_data  0x00000000000320d4        0x4
                0x00000000000320d4                PROVIDE (__start_pwr_mgmt_data = .)
 *(SORT_BY_NAME(.pwr_mgmt_data*))
 .pwr_mgmt_data1
                0x00000000000320d4        0x4 build/smartfan_xxaa/ant_state_indicator.c.o
                0x00000000000320d8                PROVIDE (__stop_pwr_mgmt_data = .)

.log_const_data
                0x00000000000320d8       0x70
                0x00000000000320d8                PROVIDE (__start_log_const_data = .)
 *(SORT_BY_NAME(.log_const_data*))
 .log_const_data_ant_hrm
                0x00000000000320d8        0x8 build/smartfan_xxaa/ant_hrm.c.o
                0x00000000000320d8                m_nrf_log_ant_hrm_logs_data_const
 .log_const_data_ant_hrm_page_0
                0x00000000000320e0        0x8 build/smartfan_xxaa/ant_hrm_page_0.c.o
                0x00000000000320e0                m_nrf_log_ant_hrm_page_0_logs_data_const
 .log_const_data_ant_hrm_page_1
                0x00000000000320e8        0x8 build/smartfan_xxaa/ant_hrm_page_1.c.o
                0x00000000000320e8                m_nrf_log_ant_hrm_page_1_logs_data_const
 .log_const_data_ant_hrm_page_2
                0x00000000000320f0        0x8 build/smartfan_xxaa/ant_hrm_page_2.c.o
                0x00000000000320f0                m_nrf_log_ant_hrm_page_2_logs_data_const
 .log_const_data_ant_hrm_page_3
                0x00000000000320f8        0x8 build/smartfan_xxaa/ant_hrm_page_3.c.o
                0x00000000000320f8                m_nrf_log_ant_hrm_page_3_logs_data_const
 .log_const_data_ant_hrm_page_4
                0x0000000000032100        0x8 build/smartfan_xxaa/ant_hrm_page_4.c.o
                0x0000000000032100                m_nrf_log_ant_hrm_page_4_logs_data_const
 .log_const_data_app
                0x0000000000032108        0x8 build/smartfan_xxaa/nrf_log_frontend.c.o
                0x0000000000032108                m_nrf_log_app_logs_data_const
 .log_const_data_balloc
                0x0000000000032110        0x8 build/smartfan_xxaa/nrf_balloc.c.o
                0x0000000000032110                m_nrf_log_balloc_logs_data_const
 .log_const_data_gpiote
                0x0000000000032118        0x8 build/smartfan_xxaa/nrf_drv_gpiote.c.o
                0x0000000000032118                m_nrf_log_gpiote_logs_data_const
 .log_const_data_hardfault
                0x0000000000032120        0x8 build/smartfan_xxaa/hardfault_implementation.c.o
                0x0000000000032120                m_nrf_log_hardfault_logs_data_const
 .log_const_data_nrf_sdh
                0x0000000000032128        0x8 build/smartfan_xxaa/nrf_sdh.c.o
                0x0000000000032128                m_nrf_log_nrf_sdh_logs_data_const
 .log_const_data_nrf_sdh_ant
                0x0000000000032130        0x8 build/smartfan_xxaa/nrf_sdh_ant.c.o
                0x0000000000032130                m_nrf_log_nrf_sdh_ant_logs_data_const
 .log_const_data_pwr_mgmt
                0x0000000000032138        0x8 build/smartfan_xxaa/nrf_pwr_mgmt.c.o
                0x0000000000032138                m_nrf_log_pwr_mgmt_logs_data_const
 .log_const_data_uart
                0x0000000000032140        0x8 build/smartfan_xxaa/nrf_drv_uart.c.o
                0x0000000000032140                m_nrf_log_uart_logs_data_const
                0x0000000000032148                PROVIDE (__stop_log_const_data = .)

.sdh_req_observers
                0x0000000000032148        0x0
                0x0000000000032148                PROVIDE (__start_sdh_req_observers = .)
 *(SORT_BY_NAME(.sdh_req_observers*))
                0x0000000000032148                PROVIDE (__stop_sdh_req_observers = .)

.sdh_state_observers
                0x0000000000032148        0x0
                0x0000000000032148                PROVIDE (__start_sdh_state_observers = .)
 *(SORT_BY_NAME(.sdh_state_observers*))
                0x0000000000032148                PROVIDE (__stop_sdh_state_observers = .)

.sdh_stack_observers
                0x0000000000032148        0x8
                0x0000000000032148                PROVIDE (__start_sdh_stack_observers = .)
 *(SORT_BY_NAME(.sdh_stack_observers*))
 .sdh_stack_observers0
                0x0000000000032148        0x8 build/smartfan_xxaa/nrf_sdh_ant.c.o
                0x0000000000032150                PROVIDE (__stop_sdh_stack_observers = .)

.ARM.extab
 *(.ARM.extab* .gnu.linkonce.armextab.*)
                0x0000000000032150                __exidx_start = .

.ARM.exidx      0x0000000000032150        0x8
 *(.ARM.exidx* .gnu.linkonce.armexidx.*)
 .ARM.exidx     0x0000000000032150        0x8 /home/noel/Dev/Tools/GNU_Tools_ARM_Embedded/7.3.1_2018q2/bin/../lib/gcc/arm-none-eabi/7.3.1/../../../../arm-none-eabi/lib/thumb/v7e-m/fpv4-sp/hard/crt0.o
 .ARM.exidx     0x0000000000032158        0x0 /home/noel/Dev/Tools/GNU_Tools_ARM_Embedded/7.3.1_2018q2/bin/../lib/gcc/arm-none-eabi/7.3.1/thumb/v7e-m/fpv4-sp/hard/libgcc.a(_udivmoddi4.o)
                                          0x8 (size before relaxing)
                0x0000000000032158                __exidx_end = .
                0x0000000000032158                __etext = .

.rel.dyn        0x0000000000032158        0x0
 .rel.iplt      0x0000000000032158        0x0 /home/noel/Dev/Tools/GNU_Tools_ARM_Embedded/7.3.1_2018q2/bin/../lib/gcc/arm-none-eabi/7.3.1/thumb/v7e-m/fpv4-sp/hard/crtbegin.o

.data           0x00000000200025f8      0x1fc load address 0x0000000000032158
                0x00000000200025f8                __data_start__ = .
 *(vtable)
 *(.data*)
 .data.m_uart   0x00000000200025f8        0x8 build/smartfan_xxaa/nrf_log_backend_uart.c.o
                0x00000000200025f8                m_uart
 .data.uart_log_backend
                0x0000000020002600        0xc build/smartfan_xxaa/nrf_log_default_backends.c.o
 .data.m_ant_plus_network_key
                0x000000002000260c        0x8 build/smartfan_xxaa/ant_key_manager.c.o
 .data.m_channel
                0x0000000020002614        0x1 build/smartfan_xxaa/ant_state_indicator.c.o
 .data.m_channel
                0x0000000020002615        0x1 build/smartfan_xxaa/bsp_btn_ant.c.o
 *fill*         0x0000000020002616        0x2 
 .data.SystemCoreClock
                0x0000000020002618        0x4 build/smartfan_xxaa/system_nrf52.c.o
                0x0000000020002618                SystemCoreClock
 .data._impure_ptr
                0x000000002000261c        0x4 /home/noel/Dev/Tools/GNU_Tools_ARM_Embedded/7.3.1_2018q2/bin/../lib/gcc/arm-none-eabi/7.3.1/../../../../arm-none-eabi/lib/thumb/v7e-m/fpv4-sp/hard/libc_nano.a(lib_a-impure.o)
                0x000000002000261c                _impure_ptr
 .data.impure_data
                0x0000000020002620       0x60 /home/noel/Dev/Tools/GNU_Tools_ARM_Embedded/7.3.1_2018q2/bin/../lib/gcc/arm-none-eabi/7.3.1/../../../../arm-none-eabi/lib/thumb/v7e-m/fpv4-sp/hard/libc_nano.a(lib_a-impure.o)
 .data.__global_locale
                0x0000000020002680      0x16c /home/noel/Dev/Tools/GNU_Tools_ARM_Embedded/7.3.1_2018q2/bin/../lib/gcc/arm-none-eabi/7.3.1/../../../../arm-none-eabi/lib/thumb/v7e-m/fpv4-sp/hard/libc_nano.a(lib_a-locale.o)
                0x0000000020002680                __global_locale
                0x00000000200027ec                . = ALIGN (0x4)
                0x00000000200027ec                PROVIDE (__preinit_array_start = .)
 *(.preinit_array)
                0x00000000200027ec                PROVIDE (__preinit_array_end = .)
                0x00000000200027ec                . = ALIGN (0x4)
                0x00000000200027ec                PROVIDE (__init_array_start = .)
 *(SORT_BY_NAME(.init_array.*))
 *(.init_array)
 .init_array    0x00000000200027ec        0x4 /home/noel/Dev/Tools/GNU_Tools_ARM_Embedded/7.3.1_2018q2/bin/../lib/gcc/arm-none-eabi/7.3.1/thumb/v7e-m/fpv4-sp/hard/crtbegin.o
                0x00000000200027f0                PROVIDE (__init_array_end = .)
                0x00000000200027f0                . = ALIGN (0x4)
                [!provide]                        PROVIDE (__fini_array_start = .)
 *(SORT_BY_NAME(.fini_array.*))
 *(.fini_array)
 .fini_array    0x00000000200027f0        0x4 /home/noel/Dev/Tools/GNU_Tools_ARM_Embedded/7.3.1_2018q2/bin/../lib/gcc/arm-none-eabi/7.3.1/thumb/v7e-m/fpv4-sp/hard/crtbegin.o
                [!provide]                        PROVIDE (__fini_array_end = .)
 *(.jcr*)
                0x00000000200027f4                . = ALIGN (0x4)
                0x00000000200027f4                __data_end__ = .
LOAD /home/noel/Dev/Tools/GNU_Tools_ARM_Embedded/7.3.1_2018q2/bin/../lib/gcc/arm-none-eabi/7.3.1/thumb/v7e-m/fpv4-sp/hard/crti.o
LOAD /home/noel/Dev/Tools/GNU_Tools_ARM_Embedded/7.3.1_2018q2/bin/../lib/gcc/arm-none-eabi/7.3.1/thumb/v7e-m/fpv4-sp/hard/crtbegin.o
LOAD /home/noel/Dev/Tools/GNU_Tools_ARM_Embedded/7.3.1_2018q2/bin/../lib/gcc/arm-none-eabi/7.3.1/../../../../arm-none-eabi/lib/thumb/v7e-m/fpv4-sp/hard/crt0.o
LOAD build/smartfan_xxaa/nrf_log_backend_rtt.c.o
LOAD build/smartfan_xxaa/nrf_log_backend_serial.c.o
LOAD build/smartfan_xxaa/nrf_log_backend_uart.c.o
LOAD build/smartfan_xxaa/nrf_log_default_backends.c.o
LOAD build/smartfan_xxaa/nrf_log_frontend.c.o
LOAD build/smartfan_xxaa/nrf_log_str_formatter.c.o
LOAD build/smartfan_xxaa/boards.c.o
LOAD build/smartfan_xxaa/app_button.c.o
LOAD build/smartfan_xxaa/app_error.c.o
LOAD build/smartfan_xxaa/app_error_weak.c.o
LOAD build/smartfan_xxaa/app_scheduler.c.o
LOAD build/smartfan_xxaa/app_timer.c.o
LOAD build/smartfan_xxaa/app_util_platform.c.o
LOAD build/smartfan_xxaa/hardfault_handler_gcc.c.o
LOAD build/smartfan_xxaa/hardfault_implementation.c.o
LOAD build/smartfan_xxaa/nrf_assert.c.o
LOAD build/smartfan_xxaa/nrf_balloc.c.o
LOAD build/smartfan_xxaa/nrf_fprintf.c.o
LOAD build/smartfan_xxaa/nrf_fprintf_format.c.o
LOAD build/smartfan_xxaa/nrf_memobj.c.o
LOAD build/smartfan_xxaa/nrf_pwr_mgmt.c.o
LOAD build/smartfan_xxaa/nrf_section_iter.c.o
LOAD build/smartfan_xxaa/nrf_strerror.c.o
LOAD build/smartfan_xxaa/sensorsim.c.o
LOAD build/smartfan_xxaa/nrf_drv_common.c.o
LOAD build/smartfan_xxaa/nrf_drv_gpiote.c.o
LOAD build/smartfan_xxaa/nrf_drv_uart.c.o
LOAD build/smartfan_xxaa/nrf_drv_clock.c.o
LOAD build/smartfan_xxaa/ant_channel_config.c.o
LOAD build/smartfan_xxaa/ant_hrm.c.o
LOAD build/smartfan_xxaa/ant_hrm_page_0.c.o
LOAD build/smartfan_xxaa/ant_hrm_page_1.c.o
LOAD build/smartfan_xxaa/ant_hrm_page_2.c.o
LOAD build/smartfan_xxaa/ant_hrm_page_3.c.o
LOAD build/smartfan_xxaa/ant_hrm_page_4.c.o
LOAD build/smartfan_xxaa/ant_hrm_simulator.c.o
LOAD build/smartfan_xxaa/ant_key_manager.c.o
LOAD build/smartfan_xxaa/ant_state_indicator.c.o
LOAD build/smartfan_xxaa/bsp.c.o
LOAD build/smartfan_xxaa/bsp_btn_ant.c.o
LOAD build/smartfan_xxaa/bsp_nfc.c.o
LOAD build/smartfan_xxaa/SEGGER_RTT.c.o
LOAD build/smartfan_xxaa/SEGGER_RTT_Syscalls_GCC.c.o
LOAD build/smartfan_xxaa/SEGGER_RTT_printf.c.o
LOAD build/smartfan_xxaa/gcc_startup_nrf52.S.o
LOAD build/smartfan_xxaa/system_nrf52.c.o
LOAD build/smartfan_xxaa/nrf_sdh.c.o
LOAD build/smartfan_xxaa/nrf_sdh_ant.c.o
LOAD build/smartfan_xxaa/state_tmr.c.o
LOAD build/smartfan_xxaa/fan_ctrl.c.o
LOAD build/smartfan_xxaa/ant.c.o
LOAD build/smartfan_xxaa/utils.c.o
LOAD build/smartfan_xxaa/hr_ctrl.c.o
LOAD build/smartfan_xxaa/main.c.o
LOAD /home/noel/Dev/Tools/GNU_Tools_ARM_Embedded/7.3.1_2018q2/bin/../lib/gcc/arm-none-eabi/7.3.1/../../../../arm-none-eabi/lib/thumb/v7e-m/fpv4-sp/hard/libc_nano.a
LOAD /home/noel/Dev/Tools/GNU_Tools_ARM_Embedded/7.3.1_2018q2/bin/../lib/gcc/arm-none-eabi/7.3.1/../../../../arm-none-eabi/lib/thumb/v7e-m/fpv4-sp/hard/libnosys.a
LOAD /home/noel/Dev/Tools/GNU_Tools_ARM_Embedded/7.3.1_2018q2/bin/../lib/gcc/arm-none-eabi/7.3.1/../../../../arm-none-eabi/lib/thumb/v7e-m/fpv4-sp/hard/libm.a
START GROUP
LOAD /home/noel/Dev/Tools/GNU_Tools_ARM_Embedded/7.3.1_2018q2/bin/../lib/gcc/arm-none-eabi/7.3.1/thumb/v7e-m/fpv4-sp/hard/libgcc.a
LOAD /home/noel/Dev/Tools/GNU_Tools_ARM_Embedded/7.3.1_2018q2/bin/../lib/gcc/arm-none-eabi/7.3.1/../../../../arm-none-eabi/lib/thumb/v7e-m/fpv4-sp/hard/libg_nano.a
LOAD /home/noel/Dev/Tools/GNU_Tools_ARM_Embedded/7.3.1_2018q2/bin/../lib/gcc/arm-none-eabi/7.3.1/../../../../arm-none-eabi/lib/thumb/v7e-m/fpv4-sp/hard/libc_nano.a
END GROUP
START GROUP
LOAD /home/noel/Dev/Tools/GNU_Tools_ARM_Embedded/7.3.1_2018q2/bin/../lib/gcc/arm-none-eabi/7.3.1/thumb/v7e-m/fpv4-sp/hard/libgcc.a
LOAD /home/noel/Dev/Tools/GNU_Tools_ARM_Embedded/7.3.1_2018q2/bin/../lib/gcc/arm-none-eabi/7.3.1/../../../../arm-none-eabi/lib/thumb/v7e-m/fpv4-sp/hard/libc_nano.a
END GROUP
LOAD /home/noel/Dev/Tools/GNU_Tools_ARM_Embedded/7.3.1_2018q2/bin/../lib/gcc/arm-none-eabi/7.3.1/thumb/v7e-m/fpv4-sp/hard/crtend.o
LOAD /home/noel/Dev/Tools/GNU_Tools_ARM_Embedded/7.3.1_2018q2/bin/../lib/gcc/arm-none-eabi/7.3.1/thumb/v7e-m/fpv4-sp/hard/crtn.o
START GROUP
LOAD /home/noel/Dev/Tools/GNU_Tools_ARM_Embedded/7.3.1_2018q2/bin/../lib/gcc/arm-none-eabi/7.3.1/thumb/v7e-m/fpv4-sp/hard/libgcc.a
LOAD /home/noel/Dev/Tools/GNU_Tools_ARM_Embedded/7.3.1_2018q2/bin/../lib/gcc/arm-none-eabi/7.3.1/../../../../arm-none-eabi/lib/thumb/v7e-m/fpv4-sp/hard/libc.a
LOAD /home/noel/Dev/Tools/GNU_Tools_ARM_Embedded/7.3.1_2018q2/bin/../lib/gcc/arm-none-eabi/7.3.1/../../../../arm-none-eabi/lib/thumb/v7e-m/fpv4-sp/hard/libnosys.a
END GROUP

.igot.plt       0x00000000200027f4        0x0 load address 0x0000000000032354
 .igot.plt      0x00000000200027f4        0x0 /home/noel/Dev/Tools/GNU_Tools_ARM_Embedded/7.3.1_2018q2/bin/../lib/gcc/arm-none-eabi/7.3.1/thumb/v7e-m/fpv4-sp/hard/crtbegin.o
                0x00000000200027f4                . = ALIGN (0x4)

.mem_section_dummy_ram

.log_dynamic_data
                0x00000000200027f4       0xa8 load address 0x0000000000032354
                0x00000000200027f4                PROVIDE (__start_log_dynamic_data = .)
 *(SORT_BY_NAME(.log_dynamic_data*))
 .log_dynamic_data_ant_hrm
                0x00000000200027f4        0xc build/smartfan_xxaa/ant_hrm.c.o
                0x00000000200027f4                m_nrf_log_ant_hrm_logs_data_dynamic
 .log_dynamic_data_ant_hrm_page_0
                0x0000000020002800        0xc build/smartfan_xxaa/ant_hrm_page_0.c.o
                0x0000000020002800                m_nrf_log_ant_hrm_page_0_logs_data_dynamic
 .log_dynamic_data_ant_hrm_page_1
                0x000000002000280c        0xc build/smartfan_xxaa/ant_hrm_page_1.c.o
                0x000000002000280c                m_nrf_log_ant_hrm_page_1_logs_data_dynamic
 .log_dynamic_data_ant_hrm_page_2
                0x0000000020002818        0xc build/smartfan_xxaa/ant_hrm_page_2.c.o
                0x0000000020002818                m_nrf_log_ant_hrm_page_2_logs_data_dynamic
 .log_dynamic_data_ant_hrm_page_3
                0x0000000020002824        0xc build/smartfan_xxaa/ant_hrm_page_3.c.o
                0x0000000020002824                m_nrf_log_ant_hrm_page_3_logs_data_dynamic
 .log_dynamic_data_ant_hrm_page_4
                0x0000000020002830        0xc build/smartfan_xxaa/ant_hrm_page_4.c.o
                0x0000000020002830                m_nrf_log_ant_hrm_page_4_logs_data_dynamic
 .log_dynamic_data_app
                0x000000002000283c        0xc build/smartfan_xxaa/nrf_log_frontend.c.o
                0x000000002000283c                m_nrf_log_app_logs_data_dynamic
 .log_dynamic_data_balloc
                0x0000000020002848        0xc build/smartfan_xxaa/nrf_balloc.c.o
                0x0000000020002848                m_nrf_log_balloc_logs_data_dynamic
 .log_dynamic_data_gpiote
                0x0000000020002854        0xc build/smartfan_xxaa/nrf_drv_gpiote.c.o
                0x0000000020002854                m_nrf_log_gpiote_logs_data_dynamic
 .log_dynamic_data_hardfault
                0x0000000020002860        0xc build/smartfan_xxaa/hardfault_implementation.c.o
                0x0000000020002860                m_nrf_log_hardfault_logs_data_dynamic
 .log_dynamic_data_nrf_sdh
                0x000000002000286c        0xc build/smartfan_xxaa/nrf_sdh.c.o
                0x000000002000286c                m_nrf_log_nrf_sdh_logs_data_dynamic
 .log_dynamic_data_nrf_sdh_ant
                0x0000000020002878        0xc build/smartfan_xxaa/nrf_sdh_ant.c.o
                0x0000000020002878                m_nrf_log_nrf_sdh_ant_logs_data_dynamic
 .log_dynamic_data_pwr_mgmt
                0x0000000020002884        0xc build/smartfan_xxaa/nrf_pwr_mgmt.c.o
                0x0000000020002884                m_nrf_log_pwr_mgmt_logs_data_dynamic
 .log_dynamic_data_uart
                0x0000000020002890        0xc build/smartfan_xxaa/nrf_drv_uart.c.o
                0x0000000020002890                m_nrf_log_uart_logs_data_dynamic
                [!provide]                        PROVIDE (__stop_log_dynamic_data = .)

.fs_data        0x000000002000289c        0x0
                [!provide]                        PROVIDE (__start_fs_data = .)
 *(.fs_data)
                [!provide]                        PROVIDE (__stop_fs_data = .)

.bss            0x000000002000289c      0x8a8 load address 0x00000000000323fc
                0x000000002000289c                . = ALIGN (0x4)
                0x000000002000289c                __bss_start__ = .
 *(.bss*)
 .bss           0x000000002000289c       0x1c /home/noel/Dev/Tools/GNU_Tools_ARM_Embedded/7.3.1_2018q2/bin/../lib/gcc/arm-none-eabi/7.3.1/thumb/v7e-m/fpv4-sp/hard/crtbegin.o
 .bss.m_async_mode
                0x00000000200028b8        0x1 build/smartfan_xxaa/nrf_log_backend_uart.c.o
 *fill*         0x00000000200028b9        0x3 
 .bss.m_string_buff
                0x00000000200028bc       0x40 build/smartfan_xxaa/nrf_log_backend_uart.c.o
 .bss.m_xfer_done
                0x00000000200028fc        0x1 build/smartfan_xxaa/nrf_log_backend_uart.c.o
 *fill*         0x00000000200028fd        0x3 
 .bss.m_log_data
                0x0000000020002900      0x420 build/smartfan_xxaa/nrf_log_frontend.c.o
 .bss.mempool_nrf_balloc_cb
                0x0000000020002d20        0x8 build/smartfan_xxaa/nrf_log_frontend.c.o
 .bss.mempool_nrf_balloc_pool_mem
                0x0000000020002d28       0xc0 build/smartfan_xxaa/nrf_log_frontend.c.o
 .bss.mempool_nrf_balloc_pool_stack
                0x0000000020002de8        0x8 build/smartfan_xxaa/nrf_log_frontend.c.o
 .bss.m_button_count
                0x0000000020002df0        0x1 build/smartfan_xxaa/app_button.c.o
 *fill*         0x0000000020002df1        0x3 
 .bss.m_detection_delay
                0x0000000020002df4        0x4 build/smartfan_xxaa/app_button.c.o
 .bss.m_detection_delay_timer_id_data
                0x0000000020002df8       0x20 build/smartfan_xxaa/app_button.c.o
 .bss.m_pin_state
                0x0000000020002e18        0x4 build/smartfan_xxaa/app_button.c.o
 .bss.m_pin_transition
                0x0000000020002e1c        0x4 build/smartfan_xxaa/app_button.c.o
 .bss.mp_buttons
                0x0000000020002e20        0x4 build/smartfan_xxaa/app_button.c.o
 .bss.m_op_queue
                0x0000000020002e24      0x10c build/smartfan_xxaa/app_timer.c.o
 .bss.m_rtc1_reset
                0x0000000020002f30        0x1 build/smartfan_xxaa/app_timer.c.o
 .bss.m_rtc1_running
                0x0000000020002f31        0x1 build/smartfan_xxaa/app_timer.c.o
 *fill*         0x0000000020002f32        0x2 
 .bss.m_ticks_elapsed
                0x0000000020002f34        0x8 build/smartfan_xxaa/app_timer.c.o
 .bss.m_ticks_elapsed_q_read_ind
                0x0000000020002f3c        0x1 build/smartfan_xxaa/app_timer.c.o
 .bss.m_ticks_elapsed_q_write_ind
                0x0000000020002f3d        0x1 build/smartfan_xxaa/app_timer.c.o
 *fill*         0x0000000020002f3e        0x2 
 .bss.m_ticks_latest
                0x0000000020002f40        0x4 build/smartfan_xxaa/app_timer.c.o
 .bss.mp_timer_id_head
                0x0000000020002f44        0x4 build/smartfan_xxaa/app_timer.c.o
 .bss.m_in_critical_region
                0x0000000020002f48        0x4 build/smartfan_xxaa/app_util_platform.c.o
 .bss.m_handlers_iter
                0x0000000020002f4c        0x8 build/smartfan_xxaa/nrf_pwr_mgmt.c.o
 .bss.m_pwr_mgmt_evt
                0x0000000020002f54        0x1 build/smartfan_xxaa/nrf_pwr_mgmt.c.o
 .bss.m_shutdown_started
                0x0000000020002f55        0x1 build/smartfan_xxaa/nrf_pwr_mgmt.c.o
 *fill*         0x0000000020002f56        0x2 
 .bss.m_sysoff_mtx
                0x0000000020002f58        0x4 build/smartfan_xxaa/nrf_pwr_mgmt.c.o
 .bss.m_cb      0x0000000020002f5c       0x58 build/smartfan_xxaa/nrf_drv_gpiote.c.o
 .bss.m_cb      0x0000000020002fb4       0x20 build/smartfan_xxaa/nrf_drv_uart.c.o
 .bss.m_channel_type
                0x0000000020002fd4        0x1 build/smartfan_xxaa/ant_state_indicator.c.o
 .bss.current_long_push_pin_no.8552
                0x0000000020002fd5        0x1 build/smartfan_xxaa/bsp.c.o
 .bss.m_alert_on
                0x0000000020002fd6        0x1 build/smartfan_xxaa/bsp.c.o
 *fill*         0x0000000020002fd7        0x1 
 .bss.m_alert_timer_id_data
                0x0000000020002fd8       0x20 build/smartfan_xxaa/bsp.c.o
 .bss.m_button_timer_id_data
                0x0000000020002ff8       0x20 build/smartfan_xxaa/bsp.c.o
 .bss.m_events_list
                0x0000000020003018        0xc build/smartfan_xxaa/bsp.c.o
 .bss.m_indication_type
                0x0000000020003024        0x4 build/smartfan_xxaa/bsp.c.o
 .bss.m_leds_clear
                0x0000000020003028        0x1 build/smartfan_xxaa/bsp.c.o
 *fill*         0x0000000020003029        0x3 
 .bss.m_leds_timer_id_data
                0x000000002000302c       0x20 build/smartfan_xxaa/bsp.c.o
 .bss.m_registered_callback
                0x000000002000304c        0x4 build/smartfan_xxaa/bsp.c.o
 .bss.m_stable_state
                0x0000000020003050        0x1 build/smartfan_xxaa/bsp.c.o
 *fill*         0x0000000020003051        0x3 
 .bss.release_event_at_push.8553
                0x0000000020003054        0x4 build/smartfan_xxaa/bsp.c.o
 .bss.m_channel_type
                0x0000000020003058        0x1 build/smartfan_xxaa/bsp_btn_ant.c.o
 .bss.m_connected
                0x0000000020003059        0x1 build/smartfan_xxaa/bsp_btn_ant.c.o
 .bss.m_nrf_sdh_continue
                0x000000002000305a        0x1 build/smartfan_xxaa/nrf_sdh.c.o
 .bss.m_nrf_sdh_enabled
                0x000000002000305b        0x1 build/smartfan_xxaa/nrf_sdh.c.o
 .bss.m_nrf_sdh_suspended
                0x000000002000305c        0x1 build/smartfan_xxaa/nrf_sdh.c.o
 *fill*         0x000000002000305d        0x3 
 .bss.m_ant_stack_buffer
                0x0000000020003060       0x80 build/smartfan_xxaa/nrf_sdh_ant.c.o
 .bss.step_dn_dbnc_id_data
                0x00000000200030e0       0x20 build/smartfan_xxaa/state_tmr.c.o
 .bss.step_up_dbnc_id_data
                0x0000000020003100       0x20 build/smartfan_xxaa/state_tmr.c.o
 .bss.state     0x0000000020003120        0x1 build/smartfan_xxaa/fan_ctrl.c.o
 *fill*         0x0000000020003121        0x3 
 .bss.m_ant_hrm
                0x0000000020003124       0x20 build/smartfan_xxaa/ant.c.o
 *(COMMON)
                0x0000000020003144                . = ALIGN (0x4)
                0x0000000020003144                __bss_end__ = .

.heap           0x0000000020003148     0x2000
                0x0000000020003148                __HeapBase = .
                0x0000000020003148                __end__ = .
                [!provide]                        PROVIDE (end = .)
 *(.heap*)
 .heap          0x0000000020003148     0x2000 build/smartfan_xxaa/gcc_startup_nrf52.S.o
                0x0000000020005148                __HeapLimit = .

.stack_dummy    0x0000000020003148     0x2000
 *(.stack*)
 .stack         0x0000000020003148     0x2000 build/smartfan_xxaa/gcc_startup_nrf52.S.o
                0x0000000020010000                __StackTop = (ORIGIN (RAM) + LENGTH (RAM))
                0x000000002000e000                __StackLimit = (__StackTop - SIZEOF (.stack_dummy))
                0x0000000020010000                PROVIDE (__stack = __StackTop)
                0x0000000000000001                ASSERT ((__StackLimit >= __HeapLimit), region RAM overflowed with stack)
                0x00000000000002a4                DataInitFlashUsed = (__bss_start__ - __data_start__)
                0x0000000000005158                CodeFlashUsed = (__etext - ORIGIN (FLASH))
                0x00000000000053fc                TotalFlashUsed = (CodeFlashUsed + DataInitFlashUsed)
                0x0000000000000001                ASSERT ((TotalFlashUsed <= LENGTH (FLASH)), region FLASH overflowed with .data and user data)
OUTPUT(build/smartfan_xxaa.out elf32-littlearm)

.ARM.attributes
                0x0000000000000000       0x30
 .ARM.attributes
                0x0000000000000000       0x22 /home/noel/Dev/Tools/GNU_Tools_ARM_Embedded/7.3.1_2018q2/bin/../lib/gcc/arm-none-eabi/7.3.1/thumb/v7e-m/fpv4-sp/hard/crti.o
 .ARM.attributes
                0x0000000000000022       0x34 /home/noel/Dev/Tools/GNU_Tools_ARM_Embedded/7.3.1_2018q2/bin/../lib/gcc/arm-none-eabi/7.3.1/thumb/v7e-m/fpv4-sp/hard/crtbegin.o
 .ARM.attributes
                0x0000000000000056       0x20 /home/noel/Dev/Tools/GNU_Tools_ARM_Embedded/7.3.1_2018q2/bin/../lib/gcc/arm-none-eabi/7.3.1/../../../../arm-none-eabi/lib/thumb/v7e-m/fpv4-sp/hard/crt0.o
 .ARM.attributes
                0x0000000000000076       0x39 build/smartfan_xxaa/nrf_log_backend_serial.c.o
 .ARM.attributes
                0x00000000000000af       0x39 build/smartfan_xxaa/nrf_log_backend_uart.c.o
 .ARM.attributes
                0x00000000000000e8       0x39 build/smartfan_xxaa/nrf_log_default_backends.c.o
 .ARM.attributes
                0x0000000000000121       0x39 build/smartfan_xxaa/nrf_log_frontend.c.o
 .ARM.attributes
                0x000000000000015a       0x39 build/smartfan_xxaa/nrf_log_str_formatter.c.o
 .ARM.attributes
                0x0000000000000193       0x39 build/smartfan_xxaa/boards.c.o
 .ARM.attributes
                0x00000000000001cc       0x39 build/smartfan_xxaa/app_button.c.o
 .ARM.attributes
                0x0000000000000205       0x39 build/smartfan_xxaa/app_error.c.o
 .ARM.attributes
                0x000000000000023e       0x39 build/smartfan_xxaa/app_error_weak.c.o
 .ARM.attributes
                0x0000000000000277       0x39 build/smartfan_xxaa/app_timer.c.o
 .ARM.attributes
                0x00000000000002b0       0x39 build/smartfan_xxaa/app_util_platform.c.o
 .ARM.attributes
                0x00000000000002e9       0x39 build/smartfan_xxaa/hardfault_handler_gcc.c.o
 .ARM.attributes
                0x0000000000000322       0x39 build/smartfan_xxaa/hardfault_implementation.c.o
 .ARM.attributes
                0x000000000000035b       0x39 build/smartfan_xxaa/nrf_balloc.c.o
 .ARM.attributes
                0x0000000000000394       0x39 build/smartfan_xxaa/nrf_fprintf.c.o
 .ARM.attributes
                0x00000000000003cd       0x39 build/smartfan_xxaa/nrf_fprintf_format.c.o
 .ARM.attributes
                0x0000000000000406       0x39 build/smartfan_xxaa/nrf_memobj.c.o
 .ARM.attributes
                0x000000000000043f       0x39 build/smartfan_xxaa/nrf_pwr_mgmt.c.o
 .ARM.attributes
                0x0000000000000478       0x39 build/smartfan_xxaa/nrf_section_iter.c.o
 .ARM.attributes
                0x00000000000004b1       0x39 build/smartfan_xxaa/nrf_drv_common.c.o
 .ARM.attributes
                0x00000000000004ea       0x39 build/smartfan_xxaa/nrf_drv_gpiote.c.o
 .ARM.attributes
                0x0000000000000523       0x39 build/smartfan_xxaa/nrf_drv_uart.c.o
 .ARM.attributes
                0x000000000000055c       0x39 build/smartfan_xxaa/ant_channel_config.c.o
 .ARM.attributes
                0x0000000000000595       0x39 build/smartfan_xxaa/ant_hrm.c.o
 .ARM.attributes
                0x00000000000005ce       0x39 build/smartfan_xxaa/ant_hrm_page_0.c.o
 .ARM.attributes
                0x0000000000000607       0x39 build/smartfan_xxaa/ant_hrm_page_1.c.o
 .ARM.attributes
                0x0000000000000640       0x39 build/smartfan_xxaa/ant_hrm_page_2.c.o
 .ARM.attributes
                0x0000000000000679       0x39 build/smartfan_xxaa/ant_hrm_page_3.c.o
 .ARM.attributes
                0x00000000000006b2       0x39 build/smartfan_xxaa/ant_hrm_page_4.c.o
 .ARM.attributes
                0x00000000000006eb       0x39 build/smartfan_xxaa/ant_key_manager.c.o
 .ARM.attributes
                0x0000000000000724       0x39 build/smartfan_xxaa/ant_state_indicator.c.o
 .ARM.attributes
                0x000000000000075d       0x39 build/smartfan_xxaa/bsp.c.o
 .ARM.attributes
                0x0000000000000796       0x39 build/smartfan_xxaa/bsp_btn_ant.c.o
 .ARM.attributes
                0x00000000000007cf       0x20 build/smartfan_xxaa/gcc_startup_nrf52.S.o
 .ARM.attributes
                0x00000000000007ef       0x39 build/smartfan_xxaa/system_nrf52.c.o
 .ARM.attributes
                0x0000000000000828       0x39 build/smartfan_xxaa/nrf_sdh.c.o
 .ARM.attributes
                0x0000000000000861       0x39 build/smartfan_xxaa/nrf_sdh_ant.c.o
 .ARM.attributes
                0x000000000000089a       0x39 build/smartfan_xxaa/state_tmr.c.o
 .ARM.attributes
                0x00000000000008d3       0x39 build/smartfan_xxaa/fan_ctrl.c.o
 .ARM.attributes
                0x000000000000090c       0x39 build/smartfan_xxaa/ant.c.o
 .ARM.attributes
                0x0000000000000945       0x39 build/smartfan_xxaa/utils.c.o
 .ARM.attributes
                0x000000000000097e       0x39 build/smartfan_xxaa/hr_ctrl.c.o
 .ARM.attributes
                0x00000000000009b7       0x39 build/smartfan_xxaa/main.c.o
 .ARM.attributes
                0x00000000000009f0       0x34 /home/noel/Dev/Tools/GNU_Tools_ARM_Embedded/7.3.1_2018q2/bin/../lib/gcc/arm-none-eabi/7.3.1/../../../../arm-none-eabi/lib/thumb/v7e-m/fpv4-sp/hard/libc_nano.a(lib_a-exit.o)
 .ARM.attributes
                0x0000000000000a24       0x34 /home/noel/Dev/Tools/GNU_Tools_ARM_Embedded/7.3.1_2018q2/bin/../lib/gcc/arm-none-eabi/7.3.1/../../../../arm-none-eabi/lib/thumb/v7e-m/fpv4-sp/hard/libc_nano.a(lib_a-impure.o)
 .ARM.attributes
                0x0000000000000a58       0x34 /home/noel/Dev/Tools/GNU_Tools_ARM_Embedded/7.3.1_2018q2/bin/../lib/gcc/arm-none-eabi/7.3.1/../../../../arm-none-eabi/lib/thumb/v7e-m/fpv4-sp/hard/libc_nano.a(lib_a-init.o)
 .ARM.attributes
                0x0000000000000a8c       0x34 /home/noel/Dev/Tools/GNU_Tools_ARM_Embedded/7.3.1_2018q2/bin/../lib/gcc/arm-none-eabi/7.3.1/../../../../arm-none-eabi/lib/thumb/v7e-m/fpv4-sp/hard/libc_nano.a(lib_a-locale.o)
 .ARM.attributes
                0x0000000000000ac0       0x34 /home/noel/Dev/Tools/GNU_Tools_ARM_Embedded/7.3.1_2018q2/bin/../lib/gcc/arm-none-eabi/7.3.1/../../../../arm-none-eabi/lib/thumb/v7e-m/fpv4-sp/hard/libc_nano.a(lib_a-mbtowc_r.o)
 .ARM.attributes
                0x0000000000000af4       0x34 /home/noel/Dev/Tools/GNU_Tools_ARM_Embedded/7.3.1_2018q2/bin/../lib/gcc/arm-none-eabi/7.3.1/../../../../arm-none-eabi/lib/thumb/v7e-m/fpv4-sp/hard/libc_nano.a(lib_a-memcpy-stub.o)
 .ARM.attributes
                0x0000000000000b28       0x34 /home/noel/Dev/Tools/GNU_Tools_ARM_Embedded/7.3.1_2018q2/bin/../lib/gcc/arm-none-eabi/7.3.1/../../../../arm-none-eabi/lib/thumb/v7e-m/fpv4-sp/hard/libc_nano.a(lib_a-memset.o)
 .ARM.attributes
                0x0000000000000b5c       0x1b /home/noel/Dev/Tools/GNU_Tools_ARM_Embedded/7.3.1_2018q2/bin/../lib/gcc/arm-none-eabi/7.3.1/../../../../arm-none-eabi/lib/thumb/v7e-m/fpv4-sp/hard/libc_nano.a(lib_a-strlen.o)
 .ARM.attributes
                0x0000000000000b77       0x34 /home/noel/Dev/Tools/GNU_Tools_ARM_Embedded/7.3.1_2018q2/bin/../lib/gcc/arm-none-eabi/7.3.1/../../../../arm-none-eabi/lib/thumb/v7e-m/fpv4-sp/hard/libc_nano.a(lib_a-wctomb_r.o)
 .ARM.attributes
                0x0000000000000bab       0x34 /home/noel/Dev/Tools/GNU_Tools_ARM_Embedded/7.3.1_2018q2/bin/../lib/gcc/arm-none-eabi/7.3.1/../../../../arm-none-eabi/lib/thumb/v7e-m/fpv4-sp/hard/libc_nano.a(lib_a-ctype_.o)
 .ARM.attributes
                0x0000000000000bdf       0x34 /home/noel/Dev/Tools/GNU_Tools_ARM_Embedded/7.3.1_2018q2/bin/../lib/gcc/arm-none-eabi/7.3.1/../../../../arm-none-eabi/lib/thumb/v7e-m/fpv4-sp/hard/libnosys.a(_exit.o)
 .ARM.attributes
                0x0000000000000c13       0x22 /home/noel/Dev/Tools/GNU_Tools_ARM_Embedded/7.3.1_2018q2/bin/../lib/gcc/arm-none-eabi/7.3.1/thumb/v7e-m/fpv4-sp/hard/libgcc.a(_aeabi_uldivmod.o)
 .ARM.attributes
                0x0000000000000c35       0x34 /home/noel/Dev/Tools/GNU_Tools_ARM_Embedded/7.3.1_2018q2/bin/../lib/gcc/arm-none-eabi/7.3.1/thumb/v7e-m/fpv4-sp/hard/libgcc.a(_udivmoddi4.o)
 .ARM.attributes
                0x0000000000000c69       0x22 /home/noel/Dev/Tools/GNU_Tools_ARM_Embedded/7.3.1_2018q2/bin/../lib/gcc/arm-none-eabi/7.3.1/thumb/v7e-m/fpv4-sp/hard/libgcc.a(_dvmd_tls.o)
 .ARM.attributes
                0x0000000000000c8b       0x34 /home/noel/Dev/Tools/GNU_Tools_ARM_Embedded/7.3.1_2018q2/bin/../lib/gcc/arm-none-eabi/7.3.1/thumb/v7e-m/fpv4-sp/hard/crtend.o
 .ARM.attributes
                0x0000000000000cbf       0x22 /home/noel/Dev/Tools/GNU_Tools_ARM_Embedded/7.3.1_2018q2/bin/../lib/gcc/arm-none-eabi/7.3.1/thumb/v7e-m/fpv4-sp/hard/crtn.o

.comment        0x0000000000000000       0x7f
 .comment       0x0000000000000000       0x7f build/smartfan_xxaa/nrf_log_backend_serial.c.o
                                         0x80 (size before relaxing)
 .comment       0x000000000000007f       0x80 build/smartfan_xxaa/nrf_log_backend_uart.c.o
 .comment       0x000000000000007f       0x80 build/smartfan_xxaa/nrf_log_default_backends.c.o
 .comment       0x000000000000007f       0x80 build/smartfan_xxaa/nrf_log_frontend.c.o
 .comment       0x000000000000007f       0x80 build/smartfan_xxaa/nrf_log_str_formatter.c.o
 .comment       0x000000000000007f       0x80 build/smartfan_xxaa/boards.c.o
 .comment       0x000000000000007f       0x80 build/smartfan_xxaa/app_button.c.o
 .comment       0x000000000000007f       0x80 build/smartfan_xxaa/app_error.c.o
 .comment       0x000000000000007f       0x80 build/smartfan_xxaa/app_error_weak.c.o
 .comment       0x000000000000007f       0x80 build/smartfan_xxaa/app_timer.c.o
 .comment       0x000000000000007f       0x80 build/smartfan_xxaa/app_util_platform.c.o
 .comment       0x000000000000007f       0x80 build/smartfan_xxaa/hardfault_handler_gcc.c.o
 .comment       0x000000000000007f       0x80 build/smartfan_xxaa/hardfault_implementation.c.o
 .comment       0x000000000000007f       0x80 build/smartfan_xxaa/nrf_balloc.c.o
 .comment       0x000000000000007f       0x80 build/smartfan_xxaa/nrf_fprintf.c.o
 .comment       0x000000000000007f       0x80 build/smartfan_xxaa/nrf_fprintf_format.c.o
 .comment       0x000000000000007f       0x80 build/smartfan_xxaa/nrf_memobj.c.o
 .comment       0x000000000000007f       0x80 build/smartfan_xxaa/nrf_pwr_mgmt.c.o
 .comment       0x000000000000007f       0x80 build/smartfan_xxaa/nrf_section_iter.c.o
 .comment       0x000000000000007f       0x80 build/smartfan_xxaa/nrf_drv_common.c.o
 .comment       0x000000000000007f       0x80 build/smartfan_xxaa/nrf_drv_gpiote.c.o
 .comment       0x000000000000007f       0x80 build/smartfan_xxaa/nrf_drv_uart.c.o
 .comment       0x000000000000007f       0x80 build/smartfan_xxaa/ant_channel_config.c.o
 .comment       0x000000000000007f       0x80 build/smartfan_xxaa/ant_hrm.c.o
 .comment       0x000000000000007f       0x80 build/smartfan_xxaa/ant_hrm_page_0.c.o
 .comment       0x000000000000007f       0x80 build/smartfan_xxaa/ant_hrm_page_1.c.o
 .comment       0x000000000000007f       0x80 build/smartfan_xxaa/ant_hrm_page_2.c.o
 .comment       0x000000000000007f       0x80 build/smartfan_xxaa/ant_hrm_page_3.c.o
 .comment       0x000000000000007f       0x80 build/smartfan_xxaa/ant_hrm_page_4.c.o
 .comment       0x000000000000007f       0x80 build/smartfan_xxaa/ant_key_manager.c.o
 .comment       0x000000000000007f       0x80 build/smartfan_xxaa/ant_state_indicator.c.o
 .comment       0x000000000000007f       0x80 build/smartfan_xxaa/bsp.c.o
 .comment       0x000000000000007f       0x80 build/smartfan_xxaa/bsp_btn_ant.c.o
 .comment       0x000000000000007f       0x80 build/smartfan_xxaa/system_nrf52.c.o
 .comment       0x000000000000007f       0x80 build/smartfan_xxaa/nrf_sdh.c.o
 .comment       0x000000000000007f       0x80 build/smartfan_xxaa/nrf_sdh_ant.c.o
 .comment       0x000000000000007f       0x80 build/smartfan_xxaa/state_tmr.c.o
 .comment       0x000000000000007f       0x80 build/smartfan_xxaa/fan_ctrl.c.o
 .comment       0x000000000000007f       0x80 build/smartfan_xxaa/ant.c.o
 .comment       0x000000000000007f       0x80 build/smartfan_xxaa/utils.c.o
 .comment       0x000000000000007f       0x80 build/smartfan_xxaa/hr_ctrl.c.o
 .comment       0x000000000000007f       0x80 build/smartfan_xxaa/main.c.o

.debug_info     0x0000000000000000    0x31a1d
 .debug_info    0x0000000000000000     0x1006 build/smartfan_xxaa/nrf_log_backend_serial.c.o
 .debug_info    0x0000000000001006     0x1761 build/smartfan_xxaa/nrf_log_backend_uart.c.o
 .debug_info    0x0000000000002767      0xb50 build/smartfan_xxaa/nrf_log_default_backends.c.o
 .debug_info    0x00000000000032b7     0x3b8d build/smartfan_xxaa/nrf_log_frontend.c.o
 .debug_info    0x0000000000006e44     0x101b build/smartfan_xxaa/nrf_log_str_formatter.c.o
 .debug_info    0x0000000000007e5f     0x1405 build/smartfan_xxaa/boards.c.o
 .debug_info    0x0000000000009264      0xe40 build/smartfan_xxaa/app_button.c.o
 .debug_info    0x000000000000a0a4      0xb58 build/smartfan_xxaa/app_error.c.o
 .debug_info    0x000000000000abfc      0xc6a build/smartfan_xxaa/app_error_weak.c.o
 .debug_info    0x000000000000b866     0x2304 build/smartfan_xxaa/app_timer.c.o
 .debug_info    0x000000000000db6a      0xfa6 build/smartfan_xxaa/app_util_platform.c.o
 .debug_info    0x000000000000eb10      0x901 build/smartfan_xxaa/hardfault_handler_gcc.c.o
 .debug_info    0x000000000000f411      0xce8 build/smartfan_xxaa/hardfault_implementation.c.o
 .debug_info    0x00000000000100f9      0xc62 build/smartfan_xxaa/nrf_balloc.c.o
 .debug_info    0x0000000000010d5b      0xa92 build/smartfan_xxaa/nrf_fprintf.c.o
 .debug_info    0x00000000000117ed     0x11d5 build/smartfan_xxaa/nrf_fprintf_format.c.o
 .debug_info    0x00000000000129c2     0x122d build/smartfan_xxaa/nrf_memobj.c.o
 .debug_info    0x0000000000013bef     0x18d2 build/smartfan_xxaa/nrf_pwr_mgmt.c.o
 .debug_info    0x00000000000154c1      0xa0b build/smartfan_xxaa/nrf_section_iter.c.o
 .debug_info    0x0000000000015ecc      0xe03 build/smartfan_xxaa/nrf_drv_common.c.o
 .debug_info    0x0000000000016ccf     0x306d build/smartfan_xxaa/nrf_drv_gpiote.c.o
 .debug_info    0x0000000000019d3c     0x4c1a build/smartfan_xxaa/nrf_drv_uart.c.o
 .debug_info    0x000000000001e956      0xceb build/smartfan_xxaa/ant_channel_config.c.o
 .debug_info    0x000000000001f641     0x1909 build/smartfan_xxaa/ant_hrm.c.o
 .debug_info    0x0000000000020f4a      0xb54 build/smartfan_xxaa/ant_hrm_page_0.c.o
 .debug_info    0x0000000000021a9e      0xba5 build/smartfan_xxaa/ant_hrm_page_1.c.o
 .debug_info    0x0000000000022643      0xb44 build/smartfan_xxaa/ant_hrm_page_2.c.o
 .debug_info    0x0000000000023187      0xb2c build/smartfan_xxaa/ant_hrm_page_3.c.o
 .debug_info    0x0000000000023cb3      0xb44 build/smartfan_xxaa/ant_hrm_page_4.c.o
 .debug_info    0x00000000000247f7      0xbe1 build/smartfan_xxaa/ant_key_manager.c.o
 .debug_info    0x00000000000253d8      0xf42 build/smartfan_xxaa/ant_state_indicator.c.o
 .debug_info    0x000000000002631a     0x1fcb build/smartfan_xxaa/bsp.c.o
 .debug_info    0x00000000000282e5      0xf01 build/smartfan_xxaa/bsp_btn_ant.c.o
 .debug_info    0x00000000000291e6       0x26 build/smartfan_xxaa/gcc_startup_nrf52.S.o
 .debug_info    0x000000000002920c     0x10fe build/smartfan_xxaa/system_nrf52.c.o
 .debug_info    0x000000000002a30a     0x1bfd build/smartfan_xxaa/nrf_sdh.c.o
 .debug_info    0x000000000002bf07     0x1192 build/smartfan_xxaa/nrf_sdh_ant.c.o
 .debug_info    0x000000000002d099      0xc24 build/smartfan_xxaa/state_tmr.c.o
 .debug_info    0x000000000002dcbd     0x128c build/smartfan_xxaa/fan_ctrl.c.o
 .debug_info    0x000000000002ef49     0x1277 build/smartfan_xxaa/ant.c.o
 .debug_info    0x00000000000301c0      0xb5b build/smartfan_xxaa/utils.c.o
 .debug_info    0x0000000000030d1b      0x2af build/smartfan_xxaa/hr_ctrl.c.o
 .debug_info    0x0000000000030fca      0xa53 build/smartfan_xxaa/main.c.o

.debug_abbrev   0x0000000000000000     0x7d35
 .debug_abbrev  0x0000000000000000      0x27f build/smartfan_xxaa/nrf_log_backend_serial.c.o
 .debug_abbrev  0x000000000000027f      0x353 build/smartfan_xxaa/nrf_log_backend_uart.c.o
 .debug_abbrev  0x00000000000005d2      0x256 build/smartfan_xxaa/nrf_log_default_backends.c.o
 .debug_abbrev  0x0000000000000828      0x560 build/smartfan_xxaa/nrf_log_frontend.c.o
 .debug_abbrev  0x0000000000000d88      0x29d build/smartfan_xxaa/nrf_log_str_formatter.c.o
 .debug_abbrev  0x0000000000001025      0x384 build/smartfan_xxaa/boards.c.o
 .debug_abbrev  0x00000000000013a9      0x2b5 build/smartfan_xxaa/app_button.c.o
 .debug_abbrev  0x000000000000165e      0x235 build/smartfan_xxaa/app_error.c.o
 .debug_abbrev  0x0000000000001893      0x260 build/smartfan_xxaa/app_error_weak.c.o
 .debug_abbrev  0x0000000000001af3      0x470 build/smartfan_xxaa/app_timer.c.o
 .debug_abbrev  0x0000000000001f63      0x326 build/smartfan_xxaa/app_util_platform.c.o
 .debug_abbrev  0x0000000000002289      0x1b1 build/smartfan_xxaa/hardfault_handler_gcc.c.o
 .debug_abbrev  0x000000000000243a      0x25e build/smartfan_xxaa/hardfault_implementation.c.o
 .debug_abbrev  0x0000000000002698      0x2d9 build/smartfan_xxaa/nrf_balloc.c.o
 .debug_abbrev  0x0000000000002971      0x239 build/smartfan_xxaa/nrf_fprintf.c.o
 .debug_abbrev  0x0000000000002baa      0x352 build/smartfan_xxaa/nrf_fprintf_format.c.o
 .debug_abbrev  0x0000000000002efc      0x397 build/smartfan_xxaa/nrf_memobj.c.o
 .debug_abbrev  0x0000000000003293      0x420 build/smartfan_xxaa/nrf_pwr_mgmt.c.o
 .debug_abbrev  0x00000000000036b3      0x1da build/smartfan_xxaa/nrf_section_iter.c.o
 .debug_abbrev  0x000000000000388d      0x287 build/smartfan_xxaa/nrf_drv_common.c.o
 .debug_abbrev  0x0000000000003b14      0x529 build/smartfan_xxaa/nrf_drv_gpiote.c.o
 .debug_abbrev  0x000000000000403d      0x47b build/smartfan_xxaa/nrf_drv_uart.c.o
 .debug_abbrev  0x00000000000044b8      0x273 build/smartfan_xxaa/ant_channel_config.c.o
 .debug_abbrev  0x000000000000472b      0x448 build/smartfan_xxaa/ant_hrm.c.o
 .debug_abbrev  0x0000000000004b73      0x21a build/smartfan_xxaa/ant_hrm_page_0.c.o
 .debug_abbrev  0x0000000000004d8d      0x288 build/smartfan_xxaa/ant_hrm_page_1.c.o
 .debug_abbrev  0x0000000000005015      0x229 build/smartfan_xxaa/ant_hrm_page_2.c.o
 .debug_abbrev  0x000000000000523e      0x20b build/smartfan_xxaa/ant_hrm_page_3.c.o
 .debug_abbrev  0x0000000000005449      0x229 build/smartfan_xxaa/ant_hrm_page_4.c.o
 .debug_abbrev  0x0000000000005672      0x24c build/smartfan_xxaa/ant_key_manager.c.o
 .debug_abbrev  0x00000000000058be      0x33f build/smartfan_xxaa/ant_state_indicator.c.o
 .debug_abbrev  0x0000000000005bfd      0x4ad build/smartfan_xxaa/bsp.c.o
 .debug_abbrev  0x00000000000060aa      0x354 build/smartfan_xxaa/bsp_btn_ant.c.o
 .debug_abbrev  0x00000000000063fe       0x14 build/smartfan_xxaa/gcc_startup_nrf52.S.o
 .debug_abbrev  0x0000000000006412      0x1e2 build/smartfan_xxaa/system_nrf52.c.o
 .debug_abbrev  0x00000000000065f4      0x4f1 build/smartfan_xxaa/nrf_sdh.c.o
 .debug_abbrev  0x0000000000006ae5      0x344 build/smartfan_xxaa/nrf_sdh_ant.c.o
 .debug_abbrev  0x0000000000006e29      0x293 build/smartfan_xxaa/state_tmr.c.o
 .debug_abbrev  0x00000000000070bc      0x35a build/smartfan_xxaa/fan_ctrl.c.o
 .debug_abbrev  0x0000000000007416      0x2ff build/smartfan_xxaa/ant.c.o
 .debug_abbrev  0x0000000000007715      0x253 build/smartfan_xxaa/utils.c.o
 .debug_abbrev  0x0000000000007968      0x171 build/smartfan_xxaa/hr_ctrl.c.o
 .debug_abbrev  0x0000000000007ad9      0x25c build/smartfan_xxaa/main.c.o

.debug_loc      0x0000000000000000     0xe590
 .debug_loc     0x0000000000000000      0x160 build/smartfan_xxaa/nrf_log_backend_serial.c.o
 .debug_loc     0x0000000000000160      0x153 build/smartfan_xxaa/nrf_log_backend_uart.c.o
 .debug_loc     0x00000000000002b3       0x15 build/smartfan_xxaa/nrf_log_default_backends.c.o
 .debug_loc     0x00000000000002c8     0x3201 build/smartfan_xxaa/nrf_log_frontend.c.o
 .debug_loc     0x00000000000034c9      0x544 build/smartfan_xxaa/nrf_log_str_formatter.c.o
 .debug_loc     0x0000000000003a0d      0x845 build/smartfan_xxaa/boards.c.o
 .debug_loc     0x0000000000004252      0x3c1 build/smartfan_xxaa/app_button.c.o
 .debug_loc     0x0000000000004613      0x145 build/smartfan_xxaa/app_error.c.o
 .debug_loc     0x0000000000004758       0x63 build/smartfan_xxaa/app_error_weak.c.o
 .debug_loc     0x00000000000047bb      0xe0d build/smartfan_xxaa/app_timer.c.o
 .debug_loc     0x00000000000055c8       0xc3 build/smartfan_xxaa/app_util_platform.c.o
 .debug_loc     0x000000000000568b       0x1e build/smartfan_xxaa/hardfault_implementation.c.o
 .debug_loc     0x00000000000056a9      0x21b build/smartfan_xxaa/nrf_balloc.c.o
 .debug_loc     0x00000000000058c4       0x4a build/smartfan_xxaa/nrf_fprintf.c.o
 .debug_loc     0x000000000000590e      0xf00 build/smartfan_xxaa/nrf_fprintf_format.c.o
 .debug_loc     0x000000000000680e      0xa3b build/smartfan_xxaa/nrf_memobj.c.o
 .debug_loc     0x0000000000007249      0x12b build/smartfan_xxaa/nrf_pwr_mgmt.c.o
 .debug_loc     0x0000000000007374       0xc3 build/smartfan_xxaa/nrf_drv_common.c.o
 .debug_loc     0x0000000000007437     0x24b8 build/smartfan_xxaa/nrf_drv_gpiote.c.o
 .debug_loc     0x00000000000098ef     0x2889 build/smartfan_xxaa/nrf_drv_uart.c.o
 .debug_loc     0x000000000000c178       0xd9 build/smartfan_xxaa/ant_channel_config.c.o
 .debug_loc     0x000000000000c251      0x6ba build/smartfan_xxaa/ant_hrm.c.o
 .debug_loc     0x000000000000c90b       0x19 build/smartfan_xxaa/ant_hrm_page_0.c.o
 .debug_loc     0x000000000000c924       0x47 build/smartfan_xxaa/ant_hrm_page_1.c.o
 .debug_loc     0x000000000000c96b       0x42 build/smartfan_xxaa/ant_hrm_page_2.c.o
 .debug_loc     0x000000000000c9ad       0x42 build/smartfan_xxaa/ant_hrm_page_4.c.o
 .debug_loc     0x000000000000c9ef       0x84 build/smartfan_xxaa/ant_key_manager.c.o
 .debug_loc     0x000000000000ca73      0x2de build/smartfan_xxaa/ant_state_indicator.c.o
 .debug_loc     0x000000000000cd51      0xb5e build/smartfan_xxaa/bsp.c.o
 .debug_loc     0x000000000000d8af      0x24a build/smartfan_xxaa/bsp_btn_ant.c.o
 .debug_loc     0x000000000000daf9      0x2a5 build/smartfan_xxaa/nrf_sdh.c.o
 .debug_loc     0x000000000000dd9e       0x95 build/smartfan_xxaa/nrf_sdh_ant.c.o
 .debug_loc     0x000000000000de33       0x7b build/smartfan_xxaa/state_tmr.c.o
 .debug_loc     0x000000000000deae      0x33e build/smartfan_xxaa/fan_ctrl.c.o
 .debug_loc     0x000000000000e1ec      0x1b8 build/smartfan_xxaa/ant.c.o
 .debug_loc     0x000000000000e3a4       0x8e build/smartfan_xxaa/utils.c.o
 .debug_loc     0x000000000000e432      0x146 build/smartfan_xxaa/hr_ctrl.c.o
 .debug_loc     0x000000000000e578       0x18 build/smartfan_xxaa/main.c.o

.debug_aranges  0x0000000000000000      0xaa0
 .debug_aranges
                0x0000000000000000       0x20 build/smartfan_xxaa/nrf_log_backend_serial.c.o
 .debug_aranges
                0x0000000000000020       0x48 build/smartfan_xxaa/nrf_log_backend_uart.c.o
 .debug_aranges
                0x0000000000000068       0x20 build/smartfan_xxaa/nrf_log_default_backends.c.o
 .debug_aranges
                0x0000000000000088       0xc0 build/smartfan_xxaa/nrf_log_frontend.c.o
 .debug_aranges
                0x0000000000000148       0x28 build/smartfan_xxaa/nrf_log_str_formatter.c.o
 .debug_aranges
                0x0000000000000170       0x80 build/smartfan_xxaa/boards.c.o
 .debug_aranges
                0x00000000000001f0       0x48 build/smartfan_xxaa/app_button.c.o
 .debug_aranges
                0x0000000000000238       0x30 build/smartfan_xxaa/app_error.c.o
 .debug_aranges
                0x0000000000000268       0x20 build/smartfan_xxaa/app_error_weak.c.o
 .debug_aranges
                0x0000000000000288       0x70 build/smartfan_xxaa/app_timer.c.o
 .debug_aranges
                0x00000000000002f8       0x48 build/smartfan_xxaa/app_util_platform.c.o
 .debug_aranges
                0x0000000000000340       0x20 build/smartfan_xxaa/hardfault_handler_gcc.c.o
 .debug_aranges
                0x0000000000000360       0x28 build/smartfan_xxaa/hardfault_implementation.c.o
 .debug_aranges
                0x0000000000000388       0x30 build/smartfan_xxaa/nrf_balloc.c.o
 .debug_aranges
                0x00000000000003b8       0x28 build/smartfan_xxaa/nrf_fprintf.c.o
 .debug_aranges
                0x00000000000003e0       0x28 build/smartfan_xxaa/nrf_fprintf_format.c.o
 .debug_aranges
                0x0000000000000408       0x50 build/smartfan_xxaa/nrf_memobj.c.o
 .debug_aranges
                0x0000000000000458       0x38 build/smartfan_xxaa/nrf_pwr_mgmt.c.o
 .debug_aranges
                0x0000000000000490       0x28 build/smartfan_xxaa/nrf_section_iter.c.o
 .debug_aranges
                0x00000000000004b8       0x20 build/smartfan_xxaa/nrf_drv_common.c.o
 .debug_aranges
                0x00000000000004d8       0xd8 build/smartfan_xxaa/nrf_drv_gpiote.c.o
 .debug_aranges
                0x00000000000005b0       0x78 build/smartfan_xxaa/nrf_drv_uart.c.o
 .debug_aranges
                0x0000000000000628       0x40 build/smartfan_xxaa/ant_channel_config.c.o
 .debug_aranges
                0x0000000000000668       0x58 build/smartfan_xxaa/ant_hrm.c.o
 .debug_aranges
                0x00000000000006c0       0x28 build/smartfan_xxaa/ant_hrm_page_0.c.o
 .debug_aranges
                0x00000000000006e8       0x28 build/smartfan_xxaa/ant_hrm_page_1.c.o
 .debug_aranges
                0x0000000000000710       0x28 build/smartfan_xxaa/ant_hrm_page_2.c.o
 .debug_aranges
                0x0000000000000738       0x28 build/smartfan_xxaa/ant_hrm_page_3.c.o
 .debug_aranges
                0x0000000000000760       0x28 build/smartfan_xxaa/ant_hrm_page_4.c.o
 .debug_aranges
                0x0000000000000788       0x38 build/smartfan_xxaa/ant_key_manager.c.o
 .debug_aranges
                0x00000000000007c0       0x38 build/smartfan_xxaa/ant_state_indicator.c.o
 .debug_aranges
                0x00000000000007f8       0x78 build/smartfan_xxaa/bsp.c.o
 .debug_aranges
                0x0000000000000870       0x30 build/smartfan_xxaa/bsp_btn_ant.c.o
 .debug_aranges
                0x00000000000008a0       0x20 build/smartfan_xxaa/gcc_startup_nrf52.S.o
 .debug_aranges
                0x00000000000008c0       0x28 build/smartfan_xxaa/system_nrf52.c.o
 .debug_aranges
                0x00000000000008e8       0x70 build/smartfan_xxaa/nrf_sdh.c.o
 .debug_aranges
                0x0000000000000958       0x38 build/smartfan_xxaa/nrf_sdh_ant.c.o
 .debug_aranges
                0x0000000000000990       0x40 build/smartfan_xxaa/state_tmr.c.o
 .debug_aranges
                0x00000000000009d0       0x30 build/smartfan_xxaa/fan_ctrl.c.o
 .debug_aranges
                0x0000000000000a00       0x28 build/smartfan_xxaa/ant.c.o
 .debug_aranges
                0x0000000000000a28       0x28 build/smartfan_xxaa/utils.c.o
 .debug_aranges
                0x0000000000000a50       0x30 build/smartfan_xxaa/hr_ctrl.c.o
 .debug_aranges
                0x0000000000000a80       0x20 build/smartfan_xxaa/main.c.o

.debug_ranges   0x0000000000000000     0x3520
 .debug_ranges  0x0000000000000000       0x28 build/smartfan_xxaa/nrf_log_backend_serial.c.o
 .debug_ranges  0x0000000000000028       0x80 build/smartfan_xxaa/nrf_log_backend_uart.c.o
 .debug_ranges  0x00000000000000a8       0x10 build/smartfan_xxaa/nrf_log_default_backends.c.o
 .debug_ranges  0x00000000000000b8      0x8a8 build/smartfan_xxaa/nrf_log_frontend.c.o
 .debug_ranges  0x0000000000000960       0xe8 build/smartfan_xxaa/nrf_log_str_formatter.c.o
 .debug_ranges  0x0000000000000a48      0x178 build/smartfan_xxaa/boards.c.o
 .debug_ranges  0x0000000000000bc0       0x98 build/smartfan_xxaa/app_button.c.o
 .debug_ranges  0x0000000000000c58       0x20 build/smartfan_xxaa/app_error.c.o
 .debug_ranges  0x0000000000000c78       0x10 build/smartfan_xxaa/app_error_weak.c.o
 .debug_ranges  0x0000000000000c88      0x498 build/smartfan_xxaa/app_timer.c.o
 .debug_ranges  0x0000000000001120       0x50 build/smartfan_xxaa/app_util_platform.c.o
 .debug_ranges  0x0000000000001170       0x10 build/smartfan_xxaa/hardfault_handler_gcc.c.o
 .debug_ranges  0x0000000000001180       0x18 build/smartfan_xxaa/hardfault_implementation.c.o
 .debug_ranges  0x0000000000001198       0x38 build/smartfan_xxaa/nrf_balloc.c.o
 .debug_ranges  0x00000000000011d0       0x18 build/smartfan_xxaa/nrf_fprintf.c.o
 .debug_ranges  0x00000000000011e8      0x1e8 build/smartfan_xxaa/nrf_fprintf_format.c.o
 .debug_ranges  0x00000000000013d0       0xa8 build/smartfan_xxaa/nrf_memobj.c.o
 .debug_ranges  0x0000000000001478       0x70 build/smartfan_xxaa/nrf_pwr_mgmt.c.o
 .debug_ranges  0x00000000000014e8       0x18 build/smartfan_xxaa/nrf_section_iter.c.o
 .debug_ranges  0x0000000000001500       0x30 build/smartfan_xxaa/nrf_drv_common.c.o
 .debug_ranges  0x0000000000001530      0xa60 build/smartfan_xxaa/nrf_drv_gpiote.c.o
 .debug_ranges  0x0000000000001f90      0x810 build/smartfan_xxaa/nrf_drv_uart.c.o
 .debug_ranges  0x00000000000027a0       0x30 build/smartfan_xxaa/ant_channel_config.c.o
 .debug_ranges  0x00000000000027d0      0x168 build/smartfan_xxaa/ant_hrm.c.o
 .debug_ranges  0x0000000000002938       0x18 build/smartfan_xxaa/ant_hrm_page_0.c.o
 .debug_ranges  0x0000000000002950       0x30 build/smartfan_xxaa/ant_hrm_page_1.c.o
 .debug_ranges  0x0000000000002980       0x18 build/smartfan_xxaa/ant_hrm_page_2.c.o
 .debug_ranges  0x0000000000002998       0x18 build/smartfan_xxaa/ant_hrm_page_3.c.o
 .debug_ranges  0x00000000000029b0       0x18 build/smartfan_xxaa/ant_hrm_page_4.c.o
 .debug_ranges  0x00000000000029c8       0x28 build/smartfan_xxaa/ant_key_manager.c.o
 .debug_ranges  0x00000000000029f0       0x60 build/smartfan_xxaa/ant_state_indicator.c.o
 .debug_ranges  0x0000000000002a50      0x378 build/smartfan_xxaa/bsp.c.o
 .debug_ranges  0x0000000000002dc8       0xb0 build/smartfan_xxaa/bsp_btn_ant.c.o
 .debug_ranges  0x0000000000002e78      0x150 build/smartfan_xxaa/system_nrf52.c.o
 .debug_ranges  0x0000000000002fc8      0x1d0 build/smartfan_xxaa/nrf_sdh.c.o
 .debug_ranges  0x0000000000003198       0x40 build/smartfan_xxaa/nrf_sdh_ant.c.o
 .debug_ranges  0x00000000000031d8       0x60 build/smartfan_xxaa/state_tmr.c.o
 .debug_ranges  0x0000000000003238      0x120 build/smartfan_xxaa/fan_ctrl.c.o
 .debug_ranges  0x0000000000003358       0xd8 build/smartfan_xxaa/ant.c.o
 .debug_ranges  0x0000000000003430       0x60 build/smartfan_xxaa/utils.c.o
 .debug_ranges  0x0000000000003490       0x68 build/smartfan_xxaa/hr_ctrl.c.o
 .debug_ranges  0x00000000000034f8       0x28 build/smartfan_xxaa/main.c.o

.debug_macro    0x0000000000000000     0xa7fe
 .debug_macro   0x0000000000000000      0x332 build/smartfan_xxaa/nrf_log_backend_serial.c.o
 .debug_macro   0x0000000000000332       0x16 build/smartfan_xxaa/nrf_log_backend_serial.c.o
 .debug_macro   0x0000000000000348       0x22 build/smartfan_xxaa/nrf_log_backend_serial.c.o
 .debug_macro   0x000000000000036a       0x1c build/smartfan_xxaa/nrf_log_backend_serial.c.o
 .debug_macro   0x0000000000000386       0x10 build/smartfan_xxaa/nrf_log_backend_serial.c.o
 .debug_macro   0x0000000000000396       0x10 build/smartfan_xxaa/nrf_log_backend_serial.c.o
 .debug_macro   0x00000000000003a6       0xb6 build/smartfan_xxaa/nrf_log_backend_serial.c.o
 .debug_macro   0x000000000000045c       0x16 build/smartfan_xxaa/nrf_log_backend_serial.c.o
 .debug_macro   0x0000000000000472      0x129 build/smartfan_xxaa/nrf_log_backend_serial.c.o
 .debug_macro   0x000000000000059b       0x2b build/smartfan_xxaa/nrf_log_backend_serial.c.o
 .debug_macro   0x00000000000005c6       0x10 build/smartfan_xxaa/nrf_log_backend_serial.c.o
 .debug_macro   0x00000000000005d6       0x7e build/smartfan_xxaa/nrf_log_backend_serial.c.o
 .debug_macro   0x0000000000000654       0x8c build/smartfan_xxaa/nrf_log_backend_serial.c.o
 .debug_macro   0x00000000000006e0       0x10 build/smartfan_xxaa/nrf_log_backend_serial.c.o
 .debug_macro   0x00000000000006f0       0x22 build/smartfan_xxaa/nrf_log_backend_serial.c.o
 .debug_macro   0x0000000000000712       0x1c build/smartfan_xxaa/nrf_log_backend_serial.c.o
 .debug_macro   0x000000000000072e      0x16d build/smartfan_xxaa/nrf_log_backend_serial.c.o
 .debug_macro   0x000000000000089b      0x371 build/smartfan_xxaa/nrf_log_backend_uart.c.o
 .debug_macro   0x0000000000000c0c      0x372 build/smartfan_xxaa/nrf_log_backend_uart.c.o
 .debug_macro   0x0000000000000f7e       0x10 build/smartfan_xxaa/nrf_log_backend_uart.c.o
 .debug_macro   0x0000000000000f8e       0x43 build/smartfan_xxaa/nrf_log_backend_uart.c.o
 .debug_macro   0x0000000000000fd1      0x323 build/smartfan_xxaa/nrf_log_default_backends.c.o
 .debug_macro   0x00000000000012f4       0x10 build/smartfan_xxaa/nrf_log_default_backends.c.o
 .debug_macro   0x0000000000001304      0x37d build/smartfan_xxaa/nrf_log_frontend.c.o
 .debug_macro   0x0000000000001681       0x31 build/smartfan_xxaa/nrf_log_frontend.c.o
 .debug_macro   0x00000000000016b2       0x10 build/smartfan_xxaa/nrf_log_frontend.c.o
 .debug_macro   0x00000000000016c2       0x76 build/smartfan_xxaa/nrf_log_frontend.c.o